Component: ARM Compiler 5.06 update 1 (build 61) Tool: armlink [4d35a8]

==============================================================================

Section Cross References

    startup_stm32f40_41xxx.o(RESET) refers to startup_stm32f40_41xxx.o(STACK) for __initial_sp
    startup_stm32f40_41xxx.o(RESET) refers to startup_stm32f40_41xxx.o(.text) for Reset_Handler
    startup_stm32f40_41xxx.o(RESET) refers to stm32f4xx_it.o(i.NMI_Handler) for NMI_Handler
    startup_stm32f40_41xxx.o(RESET) refers to stm32f4xx_it.o(i.HardFault_Handler) for HardFault_Handler
    startup_stm32f40_41xxx.o(RESET) refers to stm32f4xx_it.o(i.MemManage_Handler) for MemManage_Handler
    startup_stm32f40_41xxx.o(RESET) refers to stm32f4xx_it.o(i.BusFault_Handler) for BusFault_Handler
    startup_stm32f40_41xxx.o(RESET) refers to stm32f4xx_it.o(i.UsageFault_Handler) for UsageFault_Handler
    startup_stm32f40_41xxx.o(RESET) refers to port.o(.emb_text) for SVC_Handler
    startup_stm32f40_41xxx.o(RESET) refers to stm32f4xx_it.o(i.DebugMon_Handler) for DebugMon_Handler
    startup_stm32f40_41xxx.o(RESET) refers to port.o(i.SysTick_Handler) for SysTick_Handler
    startup_stm32f40_41xxx.o(RESET) refers to exti.o(i.EXTI0_IRQHandler) for EXTI0_IRQHandler
    startup_stm32f40_41xxx.o(RESET) refers to exti.o(i.EXTI2_IRQHandler) for EXTI2_IRQHandler
    startup_stm32f40_41xxx.o(RESET) refers to exti.o(i.EXTI3_IRQHandler) for EXTI3_IRQHandler
    startup_stm32f40_41xxx.o(RESET) refers to dma.o(i.DMA1_Stream4_IRQHandler) for DMA1_Stream4_IRQHandler
    startup_stm32f40_41xxx.o(RESET) refers to timer.o(i.TIM1_BRK_TIM9_IRQHandler) for TIM1_BRK_TIM9_IRQHandler
    startup_stm32f40_41xxx.o(RESET) refers to spi.o(i.SPI2_IRQHandler) for SPI2_IRQHandler
    startup_stm32f40_41xxx.o(RESET) refers to usart.o(i.USART1_IRQHandler) for USART1_IRQHandler
    startup_stm32f40_41xxx.o(RESET) refers to usart.o(i.USART2_IRQHandler) for USART2_IRQHandler
    startup_stm32f40_41xxx.o(RESET) refers to hc_sr04.o(i.TIM8_TRG_COM_TIM14_IRQHandler) for TIM8_TRG_COM_TIM14_IRQHandler
    startup_stm32f40_41xxx.o(RESET) refers to sdio_sdcard.o(i.SDIO_IRQHandler) for SDIO_IRQHandler
    startup_stm32f40_41xxx.o(RESET) refers to code_run_time.o(i.TIM6_DAC_IRQHandler) for TIM6_DAC_IRQHandler
    startup_stm32f40_41xxx.o(RESET) refers to dma.o(i.DMA2_Stream5_IRQHandler) for DMA2_Stream5_IRQHandler
    startup_stm32f40_41xxx.o(RESET) refers to dma.o(i.DMA2_Stream6_IRQHandler) for DMA2_Stream6_IRQHandler
    startup_stm32f40_41xxx.o(.text) refers to system_stm32f4xx.o(i.SystemInit) for SystemInit
    startup_stm32f40_41xxx.o(.text) refers to entry.o(.ARM.Collect$$$$00000000) for __main
    main.o(i.LED_Task) refers to stm32f4xx_gpio.o(i.GPIO_SetBits) for GPIO_SetBits
    main.o(i.LED_Task) refers to stm32f4xx_gpio.o(i.GPIO_ResetBits) for GPIO_ResetBits
    main.o(i.LED_Task) refers to tasks.o(i.vTaskDelay) for vTaskDelay
    main.o(i.LED_Task) refers to main.o(.data) for .data
    main.o(i.OLED_Task) refers to oled.o(i.OLED_ShowStrings) for OLED_ShowStrings
    main.o(i.OLED_Task) refers to oled.o(i.OLED_UpdateGRAM) for OLED_UpdateGRAM
    main.o(i.OLED_Task) refers to tasks.o(i.vTaskDelay) for vTaskDelay
    main.o(i.OLED_Task) refers to main.o(.data) for .data
    main.o(i.Task_Init) refers to tasks.o(i.xTaskCreate) for xTaskCreate
    main.o(i.Task_Init) refers to main.o(i.OLED_Task) for OLED_Task
    main.o(i.Task_Init) refers to main.o(i.LED_Task) for LED_Task
    main.o(i.Task_List) refers to systemstate.o(i.System_GetState) for System_GetState
    main.o(i.Task_List) refers to systemstate.o(i.System_ResetState) for System_ResetState
    main.o(i.Task_List) refers to test.o(i.Led_Test) for Led_Test
    main.o(i.main) refers to misc.o(i.NVIC_PriorityGroupConfig) for NVIC_PriorityGroupConfig
    main.o(i.main) refers to usart.o(i.USART1_Init) for USART1_Init
    main.o(i.main) refers to timer.o(i.Delay_Init) for Delay_Init
    main.o(i.main) refers to led.o(i.led_init) for led_init
    main.o(i.main) refers to oled.o(i.OLED_Init) for OLED_Init
    main.o(i.main) refers to timer.o(i.TaskTimer_Init) for TaskTimer_Init
    main.o(i.main) refers to main.o(i.Task_Init) for Task_Init
    main.o(i.main) refers to tasks.o(i.vTaskStartScheduler) for vTaskStartScheduler
    system_stm32f4xx.o(i.SystemCoreClockUpdate) refers to system_stm32f4xx.o(.data) for .data
    system_stm32f4xx.o(i.SystemInit) refers to system_stm32f4xx.o(i.SetSysClock) for SetSysClock
    stm32f4xx_adc.o(i.ADC_DeInit) refers to stm32f4xx_rcc.o(i.RCC_APB2PeriphResetCmd) for RCC_APB2PeriphResetCmd
    stm32f4xx_can.o(i.CAN_DeInit) refers to stm32f4xx_rcc.o(i.RCC_APB1PeriphResetCmd) for RCC_APB1PeriphResetCmd
    stm32f4xx_can.o(i.CAN_GetITStatus) refers to stm32f4xx_can.o(i.CheckITStatus) for CheckITStatus
    stm32f4xx_cryp.o(i.CRYP_DeInit) refers to stm32f4xx_rcc.o(i.RCC_AHB2PeriphResetCmd) for RCC_AHB2PeriphResetCmd
[...]
    ..\\lib\\src\\stm32f4xx_cryp_des.c       0x00000000   Number         0  stm32f4xx_cryp_des.o ABSOLUTE
    ..\\lib\\src\\stm32f4xx_cryp_tdes.c      0x00000000   Number         0  stm32f4xx_cryp_tdes.o ABSOLUTE
    ..\\lib\\src\\stm32f4xx_dac.c            0x00000000   Number         0  stm32f4xx_dac.o ABSOLUTE
    ..\\lib\\src\\stm32f4xx_dbgmcu.c         0x00000000   Number         0  stm32f4xx_dbgmcu.o ABSOLUTE
    ..\\lib\\src\\stm32f4xx_dcmi.c           0x00000000   Number         0  stm32f4xx_dcmi.o ABSOLUTE
    ..\\lib\\src\\stm32f4xx_dfsdm.c          0x00000000   Number         0  stm32f4xx_dfsdm.o ABSOLUTE
    ..\\lib\\src\\stm32f4xx_dma.c            0x00000000   Number         0  stm32f4xx_dma.o ABSOLUTE
    ..\\lib\\src\\stm32f4xx_dma2d.c          0x00000000   Number         0  stm32f4xx_dma2d.o ABSOLUTE
    ..\\lib\\src\\stm32f4xx_dsi.c            0x00000000   Number         0  stm32f4xx_dsi.o ABSOLUTE
    ..\\lib\\src\\stm32f4xx_exti.c           0x00000000   Number         0  stm32f4xx_exti.o ABSOLUTE
    ..\\lib\\src\\stm32f4xx_flash.c          0x00000000   Number         0  stm32f4xx_flash.o ABSOLUTE
    ..\\lib\\src\\stm32f4xx_flash_ramfunc.c  0x00000000   Number         0  stm32f4xx_flash_ramfunc.o ABSOLUTE
    ..\\lib\\src\\stm32f4xx_fmpi2c.c         0x00000000   Number         0  stm32f4xx_fmpi2c.o ABSOLUTE
    ..\\lib\\src\\stm32f4xx_fsmc.c           0x00000000   Number         0  stm32f4xx_fsmc.o ABSOLUTE
    ..\\lib\\src\\stm32f4xx_gpio.c           0x00000000   Number         0  stm32f4xx_gpio.o ABSOLUTE
    ..\\lib\\src\\stm32f4xx_hash.c           0x00000000   Number         0  stm32f4xx_hash.o ABSOLUTE
    ..\\lib\\src\\stm32f4xx_hash_md5.c       0x00000000   Number         0  stm32f4xx_hash_md5.o ABSOLUTE
    ..\\lib\\src\\stm32f4xx_hash_sha1.c      0x00000000   Number         0  stm32f4xx_hash_sha1.o ABSOLUTE
    ..\\lib\\src\\stm32f4xx_i2c.c            0x00000000   Number         0  stm32f4xx_i2c.o ABSOLUTE
    ..\\lib\\src\\stm32f4xx_iwdg.c           0x00000000   Number         0  stm32f4xx_iwdg.o ABSOLUTE
    ..\\lib\\src\\stm32f4xx_lptim.c          0x00000000   Number         0  stm32f4xx_lptim.o ABSOLUTE
    ..\\lib\\src\\stm32f4xx_ltdc.c           0x00000000   Number         0  stm32f4xx_ltdc.o ABSOLUTE
    ..\\lib\\src\\stm32f4xx_pwr.c            0x00000000   Number         0  stm32f4xx_pwr.o ABSOLUTE
    ..\\lib\\src\\stm32f4xx_qspi.c           0x00000000   Number         0  stm32f4xx_qspi.o ABSOLUTE
    ..\\lib\\src\\stm32f4xx_rcc.c            0x00000000   Number         0  stm32f4xx_rcc.o ABSOLUTE
    ..\\lib\\src\\stm32f4xx_rng.c            0x00000000   Number         0  stm32f4xx_rng.o ABSOLUTE
    ..\\lib\\src\\stm32f4xx_rtc.c            0x00000000   Number         0  stm32f4xx_rtc.o ABSOLUTE
    ..\\lib\\src\\stm32f4xx_sai.c            0x00000000   Number         0  stm32f4xx_sai.o ABSOLUTE
    ..\\lib\\src\\stm32f4xx_sdio.c           0x00000000   Number         0  stm32f4xx_sdio.o ABSOLUTE
    ..\\lib\\src\\stm32f4xx_spdifrx.c        0x00000000   Number         0  stm32f4xx_spdifrx.o ABSOLUTE
    ..\\lib\\src\\stm32f4xx_spi.c            0x00000000   Number         0  stm32f4xx_spi.o ABSOLUTE
    ..\\lib\\src\\stm32f4xx_syscfg.c         0x00000000   Number         0  stm32f4xx_syscfg.o ABSOLUTE
    ..\\lib\\src\\stm32f4xx_tim.c            0x00000000   Number         0  stm32f4xx_tim.o ABSOLUTE
    ..\\lib\\src\\stm32f4xx_usart.c          0x00000000   Number         0  stm32f4xx_usart.o ABSOLUTE
    ..\\lib\\src\\stm32f4xx_wwdg.c           0x00000000   Number         0  stm32f4xx_wwdg.o ABSOLUTE
    ..\\user\\main.c                         0x00000000   Number         0  main.o ABSOLUTE
    ..\\user\\stm32f4xx_it.c                 0x00000000   Number         0  stm32f4xx_it.o ABSOLUTE
    ..\\user\\system_stm32f4xx.c             0x00000000   Number         0  system_stm32f4xx.o ABSOLUTE
    ..\drive\AT24C08.c                       0x00000000   Number         0  at24c08.o ABSOLUTE
    ..\drive\CODE_RUN_TIME.c                 0x00000000   Number         0  code_run_time.o ABSOLUTE
    ..\drive\DHT11.c                         0x00000000   Number         0  dht11.o ABSOLUTE
    ..\drive\DMA.c                           0x00000000   Number         0  dma.o ABSOLUTE
    ..\drive\FileOperate.c                   0x00000000   Number         0  fileoperate.o ABSOLUTE
    ..\drive\GUI.c                           0x00000000   Number         0  gui.o ABSOLUTE
    ..\drive\HC_SR04.c                       0x00000000   Number         0  hc_sr04.o ABSOLUTE
    ..\drive\MPU6050.c                       0x00000000   Number         0  mpu6050.o ABSOLUTE
    ..\drive\RNG.c                           0x00000000   Number         0  rng.o ABSOLUTE
    ..\drive\RTC.c                           0x00000000   Number         0  rtc.o ABSOLUTE
    ..\drive\SystemState.c                   0x00000000   Number         0  systemstate.o ABSOLUTE
    ..\drive\TEST.c                          0x00000000   Number         0  test.o ABSOLUTE
    ..\drive\Timer.c                         0x00000000   Number         0  timer.o ABSOLUTE
    ..\drive\adc.c                           0x00000000   Number         0  adc.o ABSOLUTE
    ..\drive\dac.c                           0x00000000   Number         0  dac.o ABSOLUTE
    ..\drive\delay.c                         0x00000000   Number         0  delay.o ABSOLUTE
    ..\drive\ds18b20.c                       0x00000000   Number         0  ds18b20.o ABSOLUTE
    ..\drive\exti.c                          0x00000000   Number         0  exti.o ABSOLUTE
    ..\drive\i2c.c                           0x00000000   Number         0  i2c.o ABSOLUTE
    ..\drive\lcd1602.c                       0x00000000   Number         0  lcd1602.o ABSOLUTE
    ..\drive\led.c                           0x00000000   Number         0  led.o ABSOLUTE
    ..\drive\oled.c                          0x00000000   Number         0  oled.o ABSOLUTE
    ..\drive\pwm.c                           0x00000000   Number         0  pwm.o ABSOLUTE
    ..\drive\sdio_sdcard.c                   0x00000000   Number         0  sdio_sdcard.o ABSOLUTE
    ..\drive\spi.c                           0x00000000   Number         0  spi.o ABSOLUTE
    ..\drive\usart.c                         0x00000000   Number         0  usart.o ABSOLUTE
    ..\lib\src\misc.c                        0x00000000   Number         0  misc.o ABSOLUTE
    ..\lib\src\stm32f4xx_adc.c               0x00000000   Number         0  stm32f4xx_adc.o ABSOLUTE
    ..\lib\src\stm32f4xx_can.c               0x00000000   Number         0  stm32f4xx_can.o ABSOLUTE
    ..\lib\src\stm32f4xx_cec.c               0x00000000   Number         0  stm32f4xx_cec.o ABSOLUTE
    ..\lib\src\stm32f4xx_crc.c               0x00000000   Number         0  stm32f4xx_crc.o ABSOLUTE
    ..\lib\src\stm32f4xx_cryp.c              0x00000000   Number         0  stm32f4xx_cryp.o ABSOLUTE
    ..\lib\src\stm32f4xx_cryp_aes.c          0x00000000   Number         0  stm32f4xx_cryp_aes.o ABSOLUTE
    ..\lib\src\stm32f4xx_cryp_des.c          0x00000000   Number         0  stm32f4xx_cryp_des.o ABSOLUTE
    ..\lib\src\stm32f4xx_cryp_tdes.c         0x00000000   Number         0  stm32f4xx_cryp_tdes.o ABSOLUTE
    ..\lib\src\stm32f4xx_dac.c               0x00000000   Number         0  stm32f4xx_dac.o ABSOLUTE
    ..\lib\src\stm32f4xx_dbgmcu.c            0x00000000   Number         0  stm32f4xx_dbgmcu.o ABSOLUTE
    ..\lib\src\stm32f4xx_dcmi.c              0x00000000   Number         0  stm32f4xx_dcmi.o ABSOLUTE
    ..\lib\src\stm32f4xx_dfsdm.c             0x00000000   Number         0  stm32f4xx_dfsdm.o ABSOLUTE
    ..\lib\src\stm32f4xx_dma.c               0x00000000   Number         0  stm32f4xx_dma.o ABSOLUTE
    ..\lib\src\stm32f4xx_dma2d.c             0x00000000   Number         0  stm32f4xx_dma2d.o ABSOLUTE
    ..\lib\src\stm32f4xx_dsi.c               0x00000000   Number         0  stm32f4xx_dsi.o ABSOLUTE
    ..\lib\src\stm32f4xx_exti.c              0x00000000   Number         0  stm32f4xx_exti.o ABSOLUTE
    ..\lib\src\stm32f4xx_flash.c             0x00000000   Number         0  stm32f4xx_flash.o ABSOLUTE
    ..\lib\src\stm32f4xx_flash_ramfunc.c     0x00000000   Number         0  stm32f4xx_flash_ramfunc.o ABSOLUTE
    ..\lib\src\stm32f4xx_fmpi2c.c            0x00000000   Number         0  stm32f4xx_fmpi2c.o ABSOLUTE
    ..\lib\src\stm32f4xx_fsmc.c              0x00000000   Number         0  stm32f4xx_fsmc.o ABSOLUTE
    ..\lib\src\stm32f4xx_gpio.c              0x00000000   Number         0  stm32f4xx_gpio.o ABSOLUTE
    ..\lib\src\stm32f4xx_hash.c              0x00000000   Number         0  stm32f4xx_hash.o ABSOLUTE
    ..\lib\src\stm32f4xx_hash_md5.c          0x00000000   Number         0  stm32f4xx_hash_md5.o ABSOLUTE
    ..\lib\src\stm32f4xx_hash_sha1.c         0x00000000   Number         0  stm32f4xx_hash_sha1.o ABSOLUTE
    ..\lib\src\stm32f4xx_i2c.c               0x00000000   Number         0  stm32f4xx_i2c.o ABSOLUTE
    ..\lib\src\stm32f4xx_iwdg.c              0x00000000   Number         0  stm32f4xx_iwdg.o ABSOLUTE
    ..\lib\src\stm32f4xx_lptim.c             0x00000000   Number         0  stm32f4xx_lptim.o ABSOLUTE
    ..\lib\src\stm32f4xx_ltdc.c              0x00000000   Number         0  stm32f4xx_ltdc.o ABSOLUTE
    ..\lib\src\stm32f4xx_pwr.c               0x00000000   Number         0  stm32f4xx_pwr.o ABSOLUTE
    ..\lib\src\stm32f4xx_qspi.c              0x00000000   Number         0  stm32f4xx_qspi.o ABSOLUTE
    ..\lib\src\stm32f4xx_rcc.c               0x00000000   Number         0  stm32f4xx_rcc.o ABSOLUTE
    ..\lib\src\stm32f4xx_rng.c               0x00000000   Number         0  stm32f4xx_rng.o ABSOLUTE
    ..\lib\src\stm32f4xx_rtc.c               0x00000000   Number         0  stm32f4xx_rtc.o ABSOLUTE
    ..\lib\src\stm32f4xx_sai.c               0x00000000   Number         0  stm32f4xx_sai.o ABSOLUTE
    ..\lib\src\stm32f4xx_sdio.c              0x00000000   Number         0  stm32f4xx_sdio.o ABSOLUTE
    ..\lib\src\stm32f4xx_spdifrx.c           0x00000000   Number         0  stm32f4xx_spdifrx.o ABSOLUTE
    ..\lib\src\stm32f4xx_spi.c               0x00000000   Number         0  stm32f4xx_spi.o ABSOLUTE
    ..\lib\src\stm32f4xx_syscfg.c            0x00000000   Number         0  stm32f4xx_syscfg.o ABSOLUTE
    ..\lib\src\stm32f4xx_tim.c               0x00000000   Number         0  stm32f4xx_tim.o ABSOLUTE
    ..\lib\src\stm32f4xx_usart.c             0x00000000   Number         0  stm32f4xx_usart.o ABSOLUTE
    ..\lib\src\stm32f4xx_wwdg.c              0x00000000   Number         0  stm32f4xx_wwdg.o ABSOLUTE
    ..\user\main.c                           0x00000000   Number         0  main.o ABSOLUTE
    ..\user\stm32f4xx_it.c                   0x00000000   Number         0  stm32f4xx_it.o ABSOLUTE
    ..\user\system_stm32f4xx.c               0x00000000   Number         0  system_stm32f4xx.o ABSOLUTE
    cdcmple.s                                0x00000000   Number         0  cdcmple.o ABSOLUTE
    cdrcmple.s                               0x00000000   Number         0  cdrcmple.o ABSOLUTE
    dc.s                                     0x00000000   Number         0  dc.o ABSOLUTE
    handlers.s                               0x00000000   Number         0  handlers.o ABSOLUTE
    init.s                                   0x00000000   Number         0  init.o ABSOLUTE
    RESET                                    0x08000000   Section      392  startup_stm32f40_41xxx.o(RESET)
    .ARM.Collect$$$$00000000                 0x08000188   Section        0  entry.o(.ARM.Collect$$$$00000000)
    .ARM.Collect$$$$00000001                 0x08000188   Section        4  entry2.o(.ARM.Collect$$$$00000001)
    .ARM.Collect$$$$00000004                 0x0800018c   Section        4  entry5.o(.ARM.Collect$$$$00000004)
    .ARM.Collect$$$$00000008                 0x08000190   Section        0  entry7b.o(.ARM.Collect$$$$00000008)
    .ARM.Collect$$$$0000000A                 0x08000190   Section        0  entry8b.o(.ARM.Collect$$$$0000000A)
    .ARM.Collect$$$$0000000B                 0x08000190   Section        8  entry9a.o(.ARM.Collect$$$$0000000B)
    .ARM.Collect$$$$0000000D                 0x08000198   Section        0  entry10a.o(.ARM.Collect$$$$0000000D)
    .ARM.Collect$$$$0000000F                 0x08000198   Section        0  entry11a.o(.ARM.Collect$$$$0000000F)
    .ARM.Collect$$$$00002712                 0x08000198   Section        4  entry2.o(.ARM.Collect$$$$00002712)
    __lit__00000000                          0x08000198   Data           4  entry2.o(.ARM.Collect$$$$00002712)
    .emb_text                                0x0800019c   Section      190  port.o(.emb_text)
    $v0                                      0x0800019c   Number         0  port.o(.emb_text)
    .text                                    0x0800025c   Section       36  startup_stm32f40_41xxx.o(.text)
    $v0                                      0x0800025c   Number         0  startup_stm32f40_41xxx.o(.text)
    .text                                    0x08000280   Section        0  memcpya.o(.text)
    .text                                    0x080002a4   Section        0  memseta.o(.text)
    .text                                    0x080002c8   Section       36  init.o(.text)
    .text                                    0x080002ec   Section        0  __dczerorl2.o(.text)
    i.BusFault_Handler                       0x08000342   Section        0  stm32f4xx_it.o(i.BusFault_Handler)
    i.CmdResp1Error                          0x08000344   Section        0  sdio_sdcard.o(i.CmdResp1Error)
    i.DMA1_Start                             0x0800039c   Section        0  dma.o(i.DMA1_Start)
    i.DMA1_Stream4_IRQHandler                0x080003cc   Section        0  dma.o(i.DMA1_Stream4_IRQHandler)
    i.DMA2_Start                             0x080003f8   Section        0  dma.o(i.DMA2_Start)
    i.DMA2_Stream5_IRQHandler                0x08000428   Section        0  dma.o(i.DMA2_Stream5_IRQHandler)
    i.DMA2_Stream6_IRQHandler                0x08000454   Section        0  dma.o(i.DMA2_Stream6_IRQHandler)
    i.DMA_ClearFlag                          0x0800047c   Section        0  stm32f4xx_dma.o(i.DMA_ClearFlag)
    i.DMA_ClearITPendingBit                  0x080004a8   Section        0  stm32f4xx_dma.o(i.DMA_ClearITPendingBit)
    i.DMA_Cmd                                0x080004d4   Section        0  stm32f4xx_dma.o(i.DMA_Cmd)
    i.DMA_GetITStatus                        0x080004e8   Section        0  stm32f4xx_dma.o(i.DMA_GetITStatus)
    i.DMA_SetCurrDataCounter                 0x0800053c   Section        0  stm32f4xx_dma.o(i.DMA_SetCurrDataCounter)
    i.DebugMon_Handler                       0x08000540   Section        0  stm32f4xx_it.o(i.DebugMon_Handler)
    i.Delay_Init                             0x08000544   Section        0  timer.o(i.Delay_Init)
    i.EXTI0_IRQHandler                       0x08000588   Section        0  exti.o(i.EXTI0_IRQHandler)
    i.EXTI2_IRQHandler                       0x080005c0   Section        0  exti.o(i.EXTI2_IRQHandler)
    i.EXTI3_IRQHandler                       0x0800063c   Section        0  exti.o(i.EXTI3_IRQHandler)
    i.EXTI_ClearFlag                         0x080006c8   Section        0  stm32f4xx_exti.o(i.EXTI_ClearFlag)
    i.EXTI_GetFlagStatus                     0x080006d4   Section        0  stm32f4xx_exti.o(i.EXTI_GetFlagStatus)
    i.GPIO_Init                              0x080006e8   Section        0  stm32f4xx_gpio.o(i.GPIO_Init)
    i.GPIO_PinAFConfig                       0x08000760   Section        0  stm32f4xx_gpio.o(i.GPIO_PinAFConfig)
    i.GPIO_ResetBits                         0x08000780   Section        0  stm32f4xx_gpio.o(i.GPIO_ResetBits)
    i.GPIO_SetBits                           0x08000784   Section        0  stm32f4xx_gpio.o(i.GPIO_SetBits)
    i.HardFault_Handler                      0x08000788   Section        0  stm32f4xx_it.o(i.HardFault_Handler)
    i.LED_Task                               0x0800078c   Section        0  main.o(i.LED_Task)
    i.MemManage_Handler                      0x080007c8   Section        0  stm32f4xx_it.o(i.MemManage_Handler)
    i.NMI_Handler                            0x080007ca   Section        0  stm32f4xx_it.o(i.NMI_Handler)
    i.NVIC_Init                              0x080007cc   Section        0  misc.o(i.NVIC_Init)
    i.NVIC_PriorityGroupConfig               0x08000830   Section        0  misc.o(i.NVIC_PriorityGroupConfig)
    i.OLED_ClearScreen                       0x08000844   Section        0  oled.o(i.OLED_ClearScreen)
    i.OLED_Init                              0x08000860   Section        0  oled.o(i.OLED_Init)
    i.OLED_SPI_Init                          0x08000940   Section        0  oled.o(i.OLED_SPI_Init)
    i.OLED_SendData                          0x08000a00   Section        0  oled.o(i.OLED_SendData)
    i.OLED_SetMode                           0x08000a38   Section        0  oled.o(i.OLED_SetMode)
    i.OLED_ShowChar                          0x08000a70   Section        0  oled.o(i.OLED_ShowChar)
    i.OLED_ShowStrings                       0x08000aac   Section        0  oled.o(i.OLED_ShowStrings)
    i.OLED_Task                              0x08000b30   Section        0  main.o(i.OLED_Task)
    i.OLED_UpdateGRAM                        0x08000b6c   Section        0  oled.o(i.OLED_UpdateGRAM)
    i.RCC_AHB1PeriphClockCmd                 0x08000bc8   Section        0  stm32f4xx_rcc.o(i.RCC_AHB1PeriphClockCmd)
    i.RCC_APB1PeriphClockCmd                 0x08000be0   Section        0  stm32f4xx_rcc.o(i.RCC_APB1PeriphClockCmd)
    i.RCC_APB2PeriphClockCmd                 0x08000bf8   Section        0  stm32f4xx_rcc.o(i.RCC_APB2PeriphClockCmd)
    i.RCC_GetClocksFreq                      0x08000c10   Section        0  stm32f4xx_rcc.o(i.RCC_GetClocksFreq)
    i.SDIO_ClearFlag                         0x08000ca4   Section        0  stm32f4xx_sdio.o(i.SDIO_ClearFlag)
    i.SDIO_GetFlagStatus                     0x08000cb0   Section        0  stm32f4xx_sdio.o(i.SDIO_GetFlagStatus)
    i.SDIO_IRQHandler                        0x08000cc4   Section        0  sdio_sdcard.o(i.SDIO_IRQHandler)
    i.SDIO_SendCommand                       0x08000cc8   Section        0  stm32f4xx_sdio.o(i.SDIO_SendCommand)
    i.SD_ProcessIRQSrc                       0x08000cf0   Section        0  sdio_sdcard.o(i.SD_ProcessIRQSrc)
    i.SPI2_IRQHandler                        0x08000de0   Section        0  spi.o(i.SPI2_IRQHandler)
    i.SPI_Cmd                                0x08000e18   Section        0  stm32f4xx_spi.o(i.SPI_Cmd)
    i.SPI_I2S_ClearFlag                      0x08000e2c   Section        0  stm32f4xx_spi.o(i.SPI_I2S_ClearFlag)
    i.SPI_I2S_ClearITPendingBit              0x08000e32   Section        0  stm32f4xx_spi.o(i.SPI_I2S_ClearITPendingBit)
    i.SPI_I2S_GetFlagStatus                  0x08000e40   Section        0  stm32f4xx_spi.o(i.SPI_I2S_GetFlagStatus)
    i.SPI_I2S_GetITStatus                    0x08000e4e   Section        0  stm32f4xx_spi.o(i.SPI_I2S_GetITStatus)
    i.SPI_I2S_SendData                       0x08000e7a   Section        0  stm32f4xx_spi.o(i.SPI_I2S_SendData)
    i.SPI_Init                               0x08000e7e   Section        0  stm32f4xx_spi.o(i.SPI_Init)
    i.SetSysClock                            0x08000eb8   Section        0  system_stm32f4xx.o(i.SetSysClock)
    SetSysClock                              0x08000eb9   Thumb Code   162  system_stm32f4xx.o(i.SetSysClock)
    i.SysTick_Handler                        0x08000f6c   Section        0  port.o(i.SysTick_Handler)
    i.SystemInit                             0x08000f98   Section        0  system_stm32f4xx.o(i.SystemInit)
    i.System_GetState                        0x08000ff4   Section        0  systemstate.o(i.System_GetState)
    i.System_ResetState                      0x0800100c   Section        0  systemstate.o(i.System_ResetState)
    i.System_SetState                        0x0800101c   Section        0  systemstate.o(i.System_SetState)
    i.TIM1_BRK_TIM9_IRQHandler               0x0800102c   Section        0  timer.o(i.TIM1_BRK_TIM9_IRQHandler)
    i.TIM6_DAC_IRQHandler                    0x080010f0   Section        0  code_run_time.o(i.TIM6_DAC_IRQHandler)
    i.TIM8_TRG_COM_TIM14_IRQHandler          0x0800113c   Section        0  hc_sr04.o(i.TIM8_TRG_COM_TIM14_IRQHandler)
    i.TIM_ARRPreloadConfig                   0x080011cc   Section        0  stm32f4xx_tim.o(i.TIM_ARRPreloadConfig)
    i.TIM_ClearFlag                          0x080011e0   Section        0  stm32f4xx_tim.o(i.TIM_ClearFlag)
    i.TIM_ClearITPendingBit                  0x080011e6   Section        0  stm32f4xx_tim.o(i.TIM_ClearITPendingBit)
    i.TIM_Cmd                                0x080011ec   Section        0  stm32f4xx_tim.o(i.TIM_Cmd)
    i.TIM_GetFlagStatus                      0x08001200   Section        0  stm32f4xx_tim.o(i.TIM_GetFlagStatus)
    i.TIM_GetITStatus                        0x0800120e   Section        0  stm32f4xx_tim.o(i.TIM_GetITStatus)
    i.TIM_ITConfig                           0x08001226   Section        0  stm32f4xx_tim.o(i.TIM_ITConfig)
    i.TIM_OC1PolarityConfig                  0x08001236   Section        0  stm32f4xx_tim.o(i.TIM_OC1PolarityConfig)
    i.TIM_TimeBaseInit                       0x08001244   Section        0  stm32f4xx_tim.o(i.TIM_TimeBaseInit)
    i.TaskTimer_Init                         0x080012c0   Section        0  timer.o(i.TaskTimer_Init)
    i.Task_Init                              0x08001328   Section        0  main.o(i.Task_Init)
    i.USART1_IRQHandler                      0x08001364   Section        0  usart.o(i.USART1_IRQHandler)
    i.USART1_Init                            0x080013d8   Section        0  usart.o(i.USART1_Init)
    i.USART2_IRQHandler                      0x0800149c   Section        0  usart.o(i.USART2_IRQHandler)
    i.USART_ClearFlag                        0x080014ac   Section        0  stm32f4xx_usart.o(i.USART_ClearFlag)
    i.USART_ClearITPendingBit                0x080014b2   Section        0  stm32f4xx_usart.o(i.USART_ClearITPendingBit)
    i.USART_Cmd                              0x080014be   Section        0  stm32f4xx_usart.o(i.USART_Cmd)
    i.USART_GetITStatus                      0x080014d2   Section        0  stm32f4xx_usart.o(i.USART_GetITStatus)
    i.USART_ITConfig                         0x08001510   Section        0  stm32f4xx_usart.o(i.USART_ITConfig)
    i.USART_Init                             0x08001540   Section        0  stm32f4xx_usart.o(i.USART_Init)
    i.USART_ReceiveData                      0x080015ec   Section        0  stm32f4xx_usart.o(i.USART_ReceiveData)
    i.USART_SendData                         0x080015f4   Section        0  stm32f4xx_usart.o(i.USART_SendData)
    i.UsageFault_Handler                     0x080015fc   Section        0  stm32f4xx_it.o(i.UsageFault_Handler)
    i.__scatterload_copy                     0x080015fe   Section       14  handlers.o(i.__scatterload_copy)
    i.__scatterload_null                     0x0800160c   Section        2  handlers.o(i.__scatterload_null)
    i.__scatterload_zeroinit                 0x0800160e   Section       14  handlers.o(i.__scatterload_zeroinit)
    i.delay_us                               0x0800161c   Section        0  timer.o(i.delay_us)
    i.led_init                               0x08001648   Section        0  led.o(i.led_init)
    i.main                                   0x0800167c   Section        0  main.o(i.main)
    i.prvAddCurrentTaskToDelayedList         0x080016b0   Section        0  tasks.o(i.prvAddCurrentTaskToDelayedList)
    prvAddCurrentTaskToDelayedList           0x080016b1   Thumb Code   102  tasks.o(i.prvAddCurrentTaskToDelayedList)
    i.prvAddNewTaskToReadyList               0x08001720   Section        0  tasks.o(i.prvAddNewTaskToReadyList)
    prvAddNewTaskToReadyList                 0x08001721   Thumb Code   192  tasks.o(i.prvAddNewTaskToReadyList)
    i.prvCheckForValidListAndQueue           0x080017f0   Section        0  timers.o(i.prvCheckForValidListAndQueue)
    prvCheckForValidListAndQueue             0x080017f1   Thumb Code    62  timers.o(i.prvCheckForValidListAndQueue)
    i.prvCopyDataFromQueue                   0x08001840   Section        0  queue.o(i.prvCopyDataFromQueue)
    prvCopyDataFromQueue                     0x08001841   Thumb Code    38  queue.o(i.prvCopyDataFromQueue)
    i.prvCopyDataToQueue                     0x08001866   Section        0  queue.o(i.prvCopyDataToQueue)
    prvCopyDataToQueue                       0x08001867   Thumb Code   108  queue.o(i.prvCopyDataToQueue)
    i.prvDeleteTCB                           0x080018d2   Section        0  tasks.o(i.prvDeleteTCB)
    prvDeleteTCB                             0x080018d3   Thumb Code    20  tasks.o(i.prvDeleteTCB)
    i.prvHeapInit                            0x080018e8   Section        0  heap_4.o(i.prvHeapInit)
    prvHeapInit                              0x080018e9   Thumb Code    66  heap_4.o(i.prvHeapInit)
    i.prvIdleTask                            0x08001934   Section        0  tasks.o(i.prvIdleTask)
    prvIdleTask                              0x08001935   Thumb Code    80  tasks.o(i.prvIdleTask)
    i.prvInitialiseNewTask                   0x08001990   Section        0  tasks.o(i.prvInitialiseNewTask)
    prvInitialiseNewTask                     0x08001991   Thumb Code   156  tasks.o(i.prvInitialiseNewTask)
    i.prvInsertBlockIntoFreeList             0x08001a2c   Section        0  heap_4.o(i.prvInsertBlockIntoFreeList)
    prvInsertBlockIntoFreeList               0x08001a2d   Thumb Code    72  heap_4.o(i.prvInsertBlockIntoFreeList)
    i.prvInsertTimerInActiveList             0x08001a78   Section        0  timers.o(i.prvInsertTimerInActiveList)
    prvInsertTimerInActiveList               0x08001a79   Thumb Code    52  timers.o(i.prvInsertTimerInActiveList)
    i.prvIsQueueEmpty                        0x08001ab0   Section        0  queue.o(i.prvIsQueueEmpty)
    prvIsQueueEmpty                          0x08001ab1   Thumb Code    26  queue.o(i.prvIsQueueEmpty)
    i.prvProcessReceivedCommands             0x08001acc   Section        0  timers.o(i.prvProcessReceivedCommands)
    prvProcessReceivedCommands               0x08001acd   Thumb Code   178  timers.o(i.prvProcessReceivedCommands)
    i.prvProcessTimerOrBlockTask             0x08001b84   Section        0  timers.o(i.prvProcessTimerOrBlockTask)
    prvProcessTimerOrBlockTask               0x08001b85   Thumb Code   172  timers.o(i.prvProcessTimerOrBlockTask)
    i.prvResetNextTaskUnblockTime            0x08001c38   Section        0  tasks.o(i.prvResetNextTaskUnblockTime)
    prvResetNextTaskUnblockTime              0x08001c39   Thumb Code    26  tasks.o(i.prvResetNextTaskUnblockTime)
    i.prvSampleTimeNow                       0x08001c58   Section        0  timers.o(i.prvSampleTimeNow)
    prvSampleTimeNow                         0x08001c59   Thumb Code    36  timers.o(i.prvSampleTimeNow)
    i.prvSwitchTimerLists                    0x08001c80   Section        0  timers.o(i.prvSwitchTimerLists)
    prvSwitchTimerLists                      0x08001c81   Thumb Code   102  timers.o(i.prvSwitchTimerLists)
    i.prvTaskExitError                       0x08001cec   Section        0  port.o(i.prvTaskExitError)
    prvTaskExitError                         0x08001ced   Thumb Code    36  port.o(i.prvTaskExitError)
    i.prvTimerTask                           0x08001d14   Section        0  timers.o(i.prvTimerTask)
    prvTimerTask                             0x08001d15   Thumb Code    34  timers.o(i.prvTimerTask)
    i.prvUnlockQueue                         0x08001d3c   Section        0  queue.o(i.prvUnlockQueue)
    prvUnlockQueue                           0x08001d3d   Thumb Code   106  queue.o(i.prvUnlockQueue)
    i.pvPortMalloc                           0x08001da8   Section        0  heap_4.o(i.pvPortMalloc)
    i.pxPortInitialiseStack                  0x08001e80   Section        0  port.o(i.pxPortInitialiseStack)
    i.uxListRemove                           0x08001eac   Section        0  list.o(i.uxListRemove)
    i.vListInitialise                        0x08001ed2   Section        0  list.o(i.vListInitialise)
    i.vListInitialiseItem                    0x08001ee8   Section        0  list.o(i.vListInitialiseItem)
    i.vListInsert                            0x08001eee   Section        0  list.o(i.vListInsert)
    i.vListInsertEnd                         0x08001f1e   Section        0  list.o(i.vListInsertEnd)
    i.vPortEnterCritical                     0x08001f38   Section        0  port.o(i.vPortEnterCritical)
    i.vPortExitCritical                      0x08001f78   Section        0  port.o(i.vPortExitCritical)
    i.vPortFree                              0x08001fa0   Section        0  heap_4.o(i.vPortFree)
    i.vPortSetupTimerInterrupt               0x08001ffc   Section        0  port.o(i.vPortSetupTimerInterrupt)
    i.vPortValidateInterruptPriority         0x08002020   Section        0  port.o(i.vPortValidateInterruptPriority)
    i.vQueueAddToRegistry                    0x08002074   Section        0  queue.o(i.vQueueAddToRegistry)
    i.vQueueWaitForMessageRestricted         0x08002098   Section        0  queue.o(i.vQueueWaitForMessageRestricted)
    i.vTaskDelay                             0x080020dc   Section        0  tasks.o(i.vTaskDelay)
    i.vTaskInternalSetTimeOutState           0x08002128   Section        0  tasks.o(i.vTaskInternalSetTimeOutState)
    i.vTaskMissedYield                       0x08002138   Section        0  tasks.o(i.vTaskMissedYield)
    i.vTaskPlaceOnEventList                  0x08002144   Section        0  tasks.o(i.vTaskPlaceOnEventList)
    i.vTaskPlaceOnEventListRestricted        0x08002174   Section        0  tasks.o(i.vTaskPlaceOnEventListRestricted)
    i.vTaskStartScheduler                    0x080021ac   Section        0  tasks.o(i.vTaskStartScheduler)
    i.vTaskSuspendAll                        0x0800221c   Section        0  tasks.o(i.vTaskSuspendAll)
    i.vTaskSwitchContext                     0x0800222c   Section        0  tasks.o(i.vTaskSwitchContext)
    i.xPortStartScheduler                    0x08002288   Section        0  port.o(i.xPortStartScheduler)
    i.xQueueGenericCreate                    0x0800237c   Section        0  queue.o(i.xQueueGenericCreate)
    i.xQueueGenericReset                     0x080023d0   Section        0  queue.o(i.xQueueGenericReset)
    i.xQueueGenericSend                      0x08002458   Section        0  queue.o(i.xQueueGenericSend)
    i.xQueueGenericSendFromISR               0x080025bc   Section        0  queue.o(i.xQueueGenericSendFromISR)
    i.xQueueReceive                          0x08002678   Section        0  queue.o(i.xQueueReceive)
    i.xTaskCheckForTimeOut                   0x080027b0   Section        0  tasks.o(i.xTaskCheckForTimeOut)
    i.xTaskCreate                            0x08002824   Section        0  tasks.o(i.xTaskCreate)
    i.xTaskGetSchedulerState                 0x0800287c   Section        0  tasks.o(i.xTaskGetSchedulerState)
    i.xTaskGetTickCount                      0x08002898   Section        0  tasks.o(i.xTaskGetTickCount)
    i.xTaskIncrementTick                     0x080028a4   Section        0  tasks.o(i.xTaskIncrementTick)
    i.xTaskPriorityDisinherit                0x0800296c   Section        0  tasks.o(i.xTaskPriorityDisinherit)
    i.xTaskRemoveFromEventList               0x08002a04   Section        0  tasks.o(i.xTaskRemoveFromEventList)
    i.xTaskResumeAll                         0x08002a7c   Section        0  tasks.o(i.xTaskResumeAll)
    i.xTimerCreateTimerTask                  0x08002b40   Section        0  timers.o(i.xTimerCreateTimerTask)
    i.xTimerGenericCommand                   0x08002b8c   Section        0  timers.o(i.xTimerGenericCommand)
    .data                                    0x20000000   Section        2  main.o(.data)
    i                                        0x20000000   Data           1  main.o(.data)
    i                                        0x20000001   Data           1  main.o(.data)
    .data                                    0x20000004   Section       20  system_stm32f4xx.o(.data)
    .data                                    0x20000018   Section       16  stm32f4xx_rcc.o(.data)
    APBAHBPrescTable                         0x20000018   Data          16  stm32f4xx_rcc.o(.data)
    .data                                    0x20000028   Section        4  spi.o(.data)
    i                                        0x20000028   Data           4  spi.o(.data)
    .data                                    0x2000002c   Section        4  usart.o(.data)
    .data                                    0x20000030   Section     1538  oled.o(.data)
    x                                        0x20000030   Data           1  oled.o(.data)
    y                                        0x20000031   Data           1  oled.o(.data)
    .data                                    0x20000632   Section        6  exti.o(.data)
    .data                                    0x20000638   Section        4  code_run_time.o(.data)
    Times_1ms                                0x20000638   Data           2  code_run_time.o(.data)
    .data                                    0x2000063c   Section       16  sdio_sdcard.o(.data)
    CardType                                 0x2000063c   Data           1  sdio_sdcard.o(.data)
    DeviceMode                               0x2000063d   Data           1  sdio_sdcard.o(.data)
    StopCondition                            0x2000063e   Data           1  sdio_sdcard.o(.data)
    RCA                                      0x20000644   Data           4  sdio_sdcard.o(.data)
    .data                                    0x2000064c   Section        1  timer.o(.data)
    Time_Cnt                                 0x2000064c   Data           1  timer.o(.data)
    .data                                    0x2000064e   Section        2  hc_sr04.o(.data)
    .data                                    0x20000650   Section       60  tasks.o(.data)
    uxDeletedTasksWaitingCleanUp             0x20000654   Data           4  tasks.o(.data)
    uxCurrentNumberOfTasks                   0x20000658   Data           4  tasks.o(.data)
    xTickCount                               0x2000065c   Data           4  tasks.o(.data)
    uxTopReadyPriority                       0x20000660   Data           4  tasks.o(.data)
    xSchedulerRunning                        0x20000664   Data           4  tasks.o(.data)
    uxPendedTicks                            0x20000668   Data           4  tasks.o(.data)
    xYieldPending                            0x2000066c   Data           4  tasks.o(.data)
    xNumOfOverflows                          0x20000670   Data           4  tasks.o(.data)
    uxTaskNumber                             0x20000674   Data           4  tasks.o(.data)
    xNextTaskUnblockTime                     0x20000678   Data           4  tasks.o(.data)
    xIdleTaskHandle                          0x2000067c   Data           4  tasks.o(.data)
    uxSchedulerSuspended                     0x20000680   Data           4  tasks.o(.data)
    pxDelayedTaskList                        0x20000684   Data           4  tasks.o(.data)
    pxOverflowDelayedTaskList                0x20000688   Data           4  tasks.o(.data)
    .data                                    0x2000068c   Section       20  timers.o(.data)
    xTimerQueue                              0x2000068c   Data           4  timers.o(.data)
    xTimerTaskHandle                         0x20000690   Data           4  timers.o(.data)
    xLastTime                                0x20000694   Data           4  timers.o(.data)
    pxCurrentTimerList                       0x20000698   Data           4  timers.o(.data)
    pxOverflowTimerList                      0x2000069c   Data           4  timers.o(.data)
    .data                                    0x200006a0   Section       24  heap_4.o(.data)
    pxEnd                                    0x200006a0   Data           4  heap_4.o(.data)
    xFreeBytesRemaining                      0x200006a4   Data           4  heap_4.o(.data)
    xMinimumEverFreeBytesRemaining           0x200006a8   Data           4  heap_4.o(.data)
    xBlockAllocatedBit                       0x200006ac   Data           4  heap_4.o(.data)
    xStart                                   0x200006b0   Data           8  heap_4.o(.data)
    .data                                    0x200006b8   Section       12  port.o(.data)
    ucMaxSysCallPriority                     0x200006b8   Data           1  port.o(.data)
    uxCriticalNesting                        0x200006bc   Data           4  port.o(.data)
    ulMaxPRIGROUPValue                       0x200006c0   Data           4  port.o(.data)
    .bss                                     0x200006c4   Section     1500  usart.o(.bss)
    .bss                                     0x20000ca0   Section     1024  oled.o(.bss)
    .bss                                     0x200010a0   Section      692  sdio_sdcard.o(.bss)
    CSD_Tab                                  0x200010e4   Data          16  sdio_sdcard.o(.bss)
    CID_Tab                                  0x200010f4   Data          16  sdio_sdcard.o(.bss)
    .bss                                     0x20001354   Section       21  systemstate.o(.bss)
    DeviceStateList                          0x20001354   Data          21  systemstate.o(.bss)
    .bss                                     0x2000136c   Section       64  queue.o(.bss)
    .bss                                     0x200013ac   Section      400  tasks.o(.bss)
    pxReadyTasksLists                        0x200013ac   Data         300  tasks.o(.bss)
    xDelayedTaskList1                        0x200014d8   Data          20  tasks.o(.bss)
    xDelayedTaskList2                        0x200014ec   Data          20  tasks.o(.bss)
    xPendingReadyList                        0x20001500   Data          20  tasks.o(.bss)
    xTasksWaitingTermination                 0x20001514   Data          20  tasks.o(.bss)
    xSuspendedTaskList                       0x20001528   Data          20  tasks.o(.bss)
    .bss                                     0x2000153c   Section       40  timers.o(.bss)
    xActiveTimerList1                        0x2000153c   Data          20  timers.o(.bss)
    xActiveTimerList2                        0x20001550   Data          20  timers.o(.bss)
    .bss                                     0x20001564   Section    30720  heap_4.o(.bss)
    ucHeap                                   0x20001564   Data       30720  heap_4.o(.bss)
    STACK                                    0x20008d68   Section     8192  startup_stm32f40_41xxx.o(STACK)

    Global Symbols

    Symbol Name                              Value     Ov Type        Size  Object(Section)

    BuildAttributes$$THM_ISAv4$E$P$D$K$B$S$7EM$VFPi3$EXTD16$VFPS$VFMA$PE$A:L22UL41UL21$X:L11$S22US41US21$IEEE1$IW$USESV6$~STKCKD$USESV7$~SHL$OTIME$ROPI$IEEEX$EBA8$MICROLIB$REQ8$PRES8$EABIv2 0x00000000   Number         0  anon$$obj.o ABSOLUTE
    __ARM_use_no_argv                        0x00000000   Number         0  main.o ABSOLUTE
    _printf_a                                0x00000000   Number         0  stubs.o ABSOLUTE
    _printf_c                                0x00000000   Number         0  stubs.o ABSOLUTE
    _printf_charcount                        0x00000000   Number         0  stubs.o ABSOLUTE
    _printf_d                                0x00000000   Number         0  stubs.o ABSOLUTE
    _printf_e                                0x00000000   Number         0  stubs.o ABSOLUTE
    _printf_f                                0x00000000   Number         0  stubs.o ABSOLUTE
    _printf_flags                            0x00000000   Number         0  stubs.o ABSOLUTE
    _printf_fp_dec                           0x00000000   Number         0  stubs.o ABSOLUTE
    _printf_fp_hex                           0x00000000   Number         0  stubs.o ABSOLUTE
    _printf_g                                0x00000000   Number         0  stubs.o ABSOLUTE
    _printf_i                                0x00000000   Number         0  stubs.o ABSOLUTE
    _printf_int_dec                          0x00000000   Number         0  stubs.o ABSOLUTE
    _printf_l                                0x00000000   Number         0  stubs.o ABSOLUTE
    _printf_lc                               0x00000000   Number         0  stubs.o ABSOLUTE
    _printf_ll                               0x00000000   Number         0  stubs.o ABSOLUTE
    _printf_lld                              0x00000000   Number         0  stubs.o ABSOLUTE
    _printf_lli                              0x00000000   Number         0  stubs.o ABSOLUTE
    _printf_llo                              0x00000000   Number         0  stubs.o ABSOLUTE
    _printf_llu                              0x00000000   Number         0  stubs.o ABSOLUTE
    _printf_llx                              0x00000000   Number         0  stubs.o ABSOLUTE
    _printf_longlong_dec                     0x00000000   Number         0  stubs.o ABSOLUTE
    _printf_longlong_hex                     0x00000000   Number         0  stubs.o ABSOLUTE
    _printf_longlong_oct                     0x00000000   Number         0  stubs.o ABSOLUTE
    _printf_ls                               0x00000000   Number         0  stubs.o ABSOLUTE
    _printf_mbtowc                           0x00000000   Number         0  stubs.o ABSOLUTE
    _printf_n                                0x00000000   Number         0  stubs.o ABSOLUTE
    _printf_o                                0x00000000   Number         0  stubs.o ABSOLUTE
    _printf_p                                0x00000000   Number         0  stubs.o ABSOLUTE
    _printf_percent                          0x00000000   Number         0  stubs.o ABSOLUTE
    _printf_pre_padding                      0x00000000   Number         0  stubs.o ABSOLUTE
    _printf_return_value                     0x00000000   Number         0  stubs.o ABSOLUTE
    _printf_s                                0x00000000   Number         0  stubs.o ABSOLUTE
    _printf_sizespec                         0x00000000   Number         0  stubs.o ABSOLUTE
    _printf_str                              0x00000000   Number         0  stubs.o ABSOLUTE
    _printf_truncate_signed                  0x00000000   Number         0  stubs.o ABSOLUTE
    _printf_truncate_unsigned                0x00000000   Number         0  stubs.o ABSOLUTE
    _printf_u                                0x00000000   Number         0  stubs.o ABSOLUTE
    _printf_wc                               0x00000000   Number         0  stubs.o ABSOLUTE
    _printf_wctomb                           0x00000000   Number         0  stubs.o ABSOLUTE
    _printf_widthprec                        0x00000000   Number         0  stubs.o ABSOLUTE
    _printf_x                                0x00000000   Number         0  stubs.o ABSOLUTE
    __cpp_initialize__aeabi_                  - Undefined Weak Reference
    __cxa_finalize                            - Undefined Weak Reference
    _clock_init                               - Undefined Weak Reference
    _microlib_exit                            - Undefined Weak Reference
    __Vectors_Size                           0x00000188   Number         0  startup_stm32f40_41xxx.o ABSOLUTE
    __Vectors                                0x08000000   Data           4  startup_stm32f40_41xxx.o(RESET)
    __Vectors_End                            0x08000188   Data           0  startup_stm32f40_41xxx.o(RESET)
    __main                                   0x08000189   Thumb Code     0  entry.o(.ARM.Collect$$$$00000000)
    _main_stk                                0x08000189   Thumb Code     0  entry2.o(.ARM.Collect$$$$00000001)
    _main_scatterload                        0x0800018d   Thumb Code     0  entry5.o(.ARM.Collect$$$$00000004)
    __main_after_scatterload                 0x08000191   Thumb Code     0  entry5.o(.ARM.Collect$$$$00000004)
    _main_clock                              0x08000191   Thumb Code     0  entry7b.o(.ARM.Collect$$$$00000008)
    _main_cpp_init                           0x08000191   Thumb Code     0  entry8b.o(.ARM.Collect$$$$0000000A)
    _main_init                               0x08000191   Thumb Code     0  entry9a.o(.ARM.Collect$$$$0000000B)
    __rt_final_cpp                           0x08000199   Thumb Code     0  entry10a.o(.ARM.Collect$$$$0000000D)
    __rt_final_exit                          0x08000199   Thumb Code     0  entry11a.o(.ARM.Collect$$$$0000000F)
    SVC_Handler                              0x0800019d   Thumb Code    28  port.o(.emb_text)
    __asm___6_port_c_39a90d8d__prvStartFirstTask 0x080001bd   Thumb Code    36  port.o(.emb_text)
    __asm___6_port_c_39a90d8d__prvEnableVFP  0x080001e5   Thumb Code    16  port.o(.emb_text)
    PendSV_Handler                           0x080001f9   Thumb Code    88  port.o(.emb_text)
    vPortGetIPSR                             0x08000255   Thumb Code     6  port.o(.emb_text)
    Reset_Handler                            0x0800025d   Thumb Code     8  startup_stm32f40_41xxx.o(.text)
    ADC_IRQHandler                           0x08000277   Thumb Code     0  startup_stm32f40_41xxx.o(.text)
    CAN1_RX0_IRQHandler                      0x08000277   Thumb Code     0  startup_stm32f40_41xxx.o(.text)
    CAN1_RX1_IRQHandler                      0x08000277   Thumb Code     0  startup_stm32f40_41xxx.o(.text)
    CAN1_SCE_IRQHandler                      0x08000277   Thumb Code     0  startup_stm32f40_41xxx.o(.text)
    CAN1_TX_IRQHandler                       0x08000277   Thumb Code     0  startup_stm32f40_41xxx.o(.text)
    CAN2_RX0_IRQHandler                      0x08000277   Thumb Code     0  startup_stm32f40_41xxx.o(.text)
    CAN2_RX1_IRQHandler                      0x08000277   Thumb Code     0  startup_stm32f40_41xxx.o(.text)
    CAN2_SCE_IRQHandler                      0x08000277   Thumb Code     0  startup_stm32f40_41xxx.o(.text)
    CAN2_TX_IRQHandler                       0x08000277   Thumb Code     0  startup_stm32f40_41xxx.o(.text)
    CRYP_IRQHandler                          0x08000277   Thumb Code     0  startup_stm32f40_41xxx.o(.text)
    DCMI_IRQHandler                          0x08000277   Thumb Code     0  startup_stm32f40_41xxx.o(.text)
    DMA1_Stream0_IRQHandler                  0x08000277   Thumb Code     0  startup_stm32f40_41xxx.o(.text)
    DMA1_Stream1_IRQHandler                  0x08000277   Thumb Code     0  startup_stm32f40_41xxx.o(.text)
    DMA1_Stream2_IRQHandler                  0x08000277   Thumb Code     0  startup_stm32f40_41xxx.o(.text)
    DMA1_Stream3_IRQHandler                  0x08000277   Thumb Code     0  startup_stm32f40_41xxx.o(.text)
    DMA1_Stream5_IRQHandler                  0x08000277   Thumb Code     0  startup_stm32f40_41xxx.o(.text)
    DMA1_Stream6_IRQHandler                  0x08000277   Thumb Code     0  startup_stm32f40_41xxx.o(.text)
    DMA1_Stream7_IRQHandler                  0x08000277   Thumb Code     0  startup_stm32f40_41xxx.o(.text)
    DMA2_Stream0_IRQHandler                  0x08000277   Thumb Code     0  startup_stm32f40_41xxx.o(.text)
    DMA2_Stream1_IRQHandler                  0x08000277   Thumb Code     0  startup_stm32f40_41xxx.o(.text)
    DMA2_Stream2_IRQHandler                  0x08000277   Thumb Code     0  startup_stm32f40_41xxx.o(.text)
    DMA2_Stream3_IRQHandler                  0x08000277   Thumb Code     0  startup_stm32f40_41xxx.o(.text)
    DMA2_Stream4_IRQHandler                  0x08000277   Thumb Code     0  startup_stm32f40_41xxx.o(.text)
    DMA2_Stream7_IRQHandler                  0x08000277   Thumb Code     0  startup_stm32f40_41xxx.o(.text)
    ETH_IRQHandler                           0x08000277   Thumb Code     0  startup_stm32f40_41xxx.o(.text)
    ETH_WKUP_IRQHandler                      0x08000277   Thumb Code     0  startup_stm32f40_41xxx.o(.text)
    EXTI15_10_IRQHandler                     0x08000277   Thumb Code     0  startup_stm32f40_41xxx.o(.text)
    EXTI1_IRQHandler                         0x08000277   Thumb Code     0  startup_stm32f40_41xxx.o(.text)
    EXTI4_IRQHandler                         0x08000277   Thumb Code     0  startup_stm32f40_41xxx.o(.text)
    EXTI9_5_IRQHandler                       0x08000277   Thumb Code     0  startup_stm32f40_41xxx.o(.text)
    FLASH_IRQHandler                         0x08000277   Thumb Code     0  startup_stm32f40_41xxx.o(.text)
    FPU_IRQHandler                           0x08000277   Thumb Code     0  startup_stm32f40_41xxx.o(.text)
    FSMC_IRQHandler                          0x08000277   Thumb Code     0  startup_stm32f40_41xxx.o(.text)
    HASH_RNG_IRQHandler                      0x08000277   Thumb Code     0  startup_stm32f40_41xxx.o(.text)
    I2C1_ER_IRQHandler                       0x08000277   Thumb Code     0  startup_stm32f40_41xxx.o(.text)
    I2C1_EV_IRQHandler                       0x08000277   Thumb Code     0  startup_stm32f40_41xxx.o(.text)
    I2C2_ER_IRQHandler                       0x08000277   Thumb Code     0  startup_stm32f40_41xxx.o(.text)
    I2C2_EV_IRQHandler                       0x08000277   Thumb Code     0  startup_stm32f40_41xxx.o(.text)
    I2C3_ER_IRQHandler                       0x08000277   Thumb Code     0  startup_stm32f40_41xxx.o(.text)
    I2C3_EV_IRQHandler                       0x08000277   Thumb Code     0  startup_stm32f40_41xxx.o(.text)
    OTG_FS_IRQHandler                        0x08000277   Thumb Code     0  startup_stm32f40_41xxx.o(.text)
    OTG_FS_WKUP_IRQHandler                   0x08000277   Thumb Code     0  startup_stm32f40_41xxx.o(.text)
    OTG_HS_EP1_IN_IRQHandler                 0x08000277   Thumb Code     0  startup_stm32f40_41xxx.o(.text)
    OTG_HS_EP1_OUT_IRQHandler                0x08000277   Thumb Code     0  startup_stm32f40_41xxx.o(.text)
    OTG_HS_IRQHandler                        0x08000277   Thumb Code     0  startup_stm32f40_41xxx.o(.text)
    OTG_HS_WKUP_IRQHandler                   0x08000277   Thumb Code     0  startup_stm32f40_41xxx.o(.text)
    PVD_IRQHandler                           0x08000277   Thumb Code     0  startup_stm32f40_41xxx.o(.text)
    RCC_IRQHandler                           0x08000277   Thumb Code     0  startup_stm32f40_41xxx.o(.text)
    RTC_Alarm_IRQHandler                     0x08000277   Thumb Code     0  startup_stm32f40_41xxx.o(.text)
    RTC_WKUP_IRQHandler                      0x08000277   Thumb Code     0  startup_stm32f40_41xxx.o(.text)
    SPI1_IRQHandler                          0x08000277   Thumb Code     0  startup_stm32f40_41xxx.o(.text)
    SPI3_IRQHandler                          0x08000277   Thumb Code     0  startup_stm32f40_41xxx.o(.text)
    TAMP_STAMP_IRQHandler                    0x08000277   Thumb Code     0  startup_stm32f40_41xxx.o(.text)
    TIM1_CC_IRQHandler                       0x08000277   Thumb Code     0  startup_stm32f40_41xxx.o(.text)
    TIM1_TRG_COM_TIM11_IRQHandler            0x08000277   Thumb Code     0  startup_stm32f40_41xxx.o(.text)
    TIM1_UP_TIM10_IRQHandler                 0x08000277   Thumb Code     0  startup_stm32f40_41xxx.o(.text)
    TIM2_IRQHandler                          0x08000277   Thumb Code     0  startup_stm32f40_41xxx.o(.text)
    TIM3_IRQHandler                          0x08000277   Thumb Code     0  startup_stm32f40_41xxx.o(.text)
    TIM4_IRQHandler                          0x08000277   Thumb Code     0  startup_stm32f40_41xxx.o(.text)
    TIM5_IRQHandler                          0x08000277   Thumb Code     0  startup_stm32f40_41xxx.o(.text)
    TIM7_IRQHandler                          0x08000277   Thumb Code     0  startup_stm32f40_41xxx.o(.text)
    TIM8_BRK_TIM12_IRQHandler                0x08000277   Thumb Code     0  startup_stm32f40_41xxx.o(.text)
    TIM8_CC_IRQHandler                       0x08000277   Thumb Code     0  startup_stm32f40_41xxx.o(.text)
    TIM8_UP_TIM13_IRQHandler                 0x08000277   Thumb Code     0  startup_stm32f40_41xxx.o(.text)
    UART4_IRQHandler                         0x08000277   Thumb Code     0  startup_stm32f40_41xxx.o(.text)
    UART5_IRQHandler                         0x08000277   Thumb Code     0  startup_stm32f40_41xxx.o(.text)
    USART3_IRQHandler                        0x08000277   Thumb Code     0  startup_stm32f40_41xxx.o(.text)
    USART6_IRQHandler                        0x08000277   Thumb Code     0  startup_stm32f40_41xxx.o(.text)
    WWDG_IRQHandler                          0x08000277   Thumb Code     0  startup_stm32f40_41xxx.o(.text)
    __aeabi_memcpy                           0x08000281   Thumb Code    36  memcpya.o(.text)
    __aeabi_memcpy4                          0x08000281   Thumb Code     0  memcpya.o(.text)
    __aeabi_memcpy8                          0x08000281   Thumb Code     0  memcpya.o(.text)
    __aeabi_memset                           0x080002a5   Thumb Code    14  memseta.o(.text)
    __aeabi_memset4                          0x080002a5   Thumb Code     0  memseta.o(.text)
    __aeabi_memset8                          0x080002a5   Thumb Code     0  memseta.o(.text)
    __aeabi_memclr                           0x080002b3   Thumb Code     4  memseta.o(.text)
    __aeabi_memclr4                          0x080002b3   Thumb Code     0  memseta.o(.text)
    __aeabi_memclr8                          0x080002b3   Thumb Code     0  memseta.o(.text)
    memset                                   0x080002b7   Thumb Code    18  memseta.o(.text)
    __scatterload                            0x080002c9   Thumb Code    28  init.o(.text)
    __scatterload_rt2                        0x080002c9   Thumb Code     0  init.o(.text)
    __decompress                             0x080002ed   Thumb Code     0  __dczerorl2.o(.text)
    __decompress1                            0x080002ed   Thumb Code    86  __dczerorl2.o(.text)
    BusFault_Handler                         0x08000343   Thumb Code     2  stm32f4xx_it.o(i.BusFault_Handler)
    CmdResp1Error                            0x08000345   Thumb Code    84  sdio_sdcard.o(i.CmdResp1Error)
    DMA1_Start                               0x0800039d   Thumb Code    40  dma.o(i.DMA1_Start)
    DMA1_Stream4_IRQHandler                  0x080003cd   Thumb Code    36  dma.o(i.DMA1_Stream4_IRQHandler)
    DMA2_Start                               0x080003f9   Thumb Code    40  dma.o(i.DMA2_Start)
    DMA2_Stream5_IRQHandler                  0x08000429   Thumb Code    36  dma.o(i.DMA2_Stream5_IRQHandler)
    DMA2_Stream6_IRQHandler                  0x08000455   Thumb Code    32  dma.o(i.DMA2_Stream6_IRQHandler)
    DMA_ClearFlag                            0x0800047d   Thumb Code    32  stm32f4xx_dma.o(i.DMA_ClearFlag)
    DMA_ClearITPendingBit                    0x080004a9   Thumb Code    32  stm32f4xx_dma.o(i.DMA_ClearITPendingBit)
    DMA_Cmd                                  0x080004d5   Thumb Code    20  stm32f4xx_dma.o(i.DMA_Cmd)
    DMA_GetITStatus                          0x080004e9   Thumb Code    68  stm32f4xx_dma.o(i.DMA_GetITStatus)
    DMA_SetCurrDataCounter                   0x0800053d   Thumb Code     4  stm32f4xx_dma.o(i.DMA_SetCurrDataCounter)
    DebugMon_Handler                         0x08000541   Thumb Code     2  stm32f4xx_it.o(i.DebugMon_Handler)
    Delay_Init                               0x08000545   Thumb Code    60  timer.o(i.Delay_Init)
    EXTI0_IRQHandler                         0x08000589   Thumb Code    48  exti.o(i.EXTI0_IRQHandler)
    EXTI2_IRQHandler                         0x080005c1   Thumb Code   116  exti.o(i.EXTI2_IRQHandler)
    EXTI3_IRQHandler                         0x0800063d   Thumb Code   130  exti.o(i.EXTI3_IRQHandler)
    EXTI_ClearFlag                           0x080006c9   Thumb Code     6  stm32f4xx_exti.o(i.EXTI_ClearFlag)
    EXTI_GetFlagStatus                       0x080006d5   Thumb Code    16  stm32f4xx_exti.o(i.EXTI_GetFlagStatus)
    GPIO_Init                                0x080006e9   Thumb Code   120  stm32f4xx_gpio.o(i.GPIO_Init)
    GPIO_PinAFConfig                         0x08000761   Thumb Code    32  stm32f4xx_gpio.o(i.GPIO_PinAFConfig)
    GPIO_ResetBits                           0x08000781   Thumb Code     4  stm32f4xx_gpio.o(i.GPIO_ResetBits)
    GPIO_SetBits                             0x08000785   Thumb Code     4  stm32f4xx_gpio.o(i.GPIO_SetBits)
    HardFault_Handler                        0x08000789   Thumb Code     2  stm32f4xx_it.o(i.HardFault_Handler)
    LED_Task                                 0x0800078d   Thumb Code    52  main.o(i.LED_Task)
    MemManage_Handler                        0x080007c9   Thumb Code     2  stm32f4xx_it.o(i.MemManage_Handler)
    NMI_Handler                              0x080007cb   Thumb Code     2  stm32f4xx_it.o(i.NMI_Handler)
    NVIC_Init                                0x080007cd   Thumb Code    96  misc.o(i.NVIC_Init)
    NVIC_PriorityGroupConfig                 0x08000831   Thumb Code    10  misc.o(i.NVIC_PriorityGroupConfig)
    OLED_ClearScreen                         0x08000845   Thumb Code    22  oled.o(i.OLED_ClearScreen)
    OLED_Init                                0x08000861   Thumb Code   218  oled.o(i.OLED_Init)
    OLED_SPI_Init                            0x08000941   Thumb Code   184  oled.o(i.OLED_SPI_Init)
    OLED_SendData                            0x08000a01   Thumb Code    48  oled.o(i.OLED_SendData)
    OLED_SetMode                             0x08000a39   Thumb Code    48  oled.o(i.OLED_SetMode)
    OLED_ShowChar                            0x08000a71   Thumb Code    54  oled.o(i.OLED_ShowChar)
    OLED_ShowStrings                         0x08000aad   Thumb Code   128  oled.o(i.OLED_ShowStrings)
    OLED_Task                                0x08000b31   Thumb Code    56  main.o(i.OLED_Task)
    OLED_UpdateGRAM                          0x08000b6d   Thumb Code    88  oled.o(i.OLED_UpdateGRAM)
    RCC_AHB1PeriphClockCmd                   0x08000bc9   Thumb Code    18  stm32f4xx_rcc.o(i.RCC_AHB1PeriphClockCmd)
    RCC_APB1PeriphClockCmd                   0x08000be1   Thumb Code    18  stm32f4xx_rcc.o(i.RCC_APB1PeriphClockCmd)
    RCC_APB2PeriphClockCmd                   0x08000bf9   Thumb Code    18  stm32f4xx_rcc.o(i.RCC_APB2PeriphClockCmd)
    RCC_GetClocksFreq                        0x08000c11   Thumb Code   132  stm32f4xx_rcc.o(i.RCC_GetClocksFreq)
    SDIO_ClearFlag                           0x08000ca5   Thumb Code     6  stm32f4xx_sdio.o(i.SDIO_ClearFlag)
    SDIO_GetFlagStatus                       0x08000cb1   Thumb Code    16  stm32f4xx_sdio.o(i.SDIO_GetFlagStatus)
    SDIO_IRQHandler                          0x08000cc5   Thumb Code     4  sdio_sdcard.o(i.SDIO_IRQHandler)
    SDIO_SendCommand                         0x08000cc9   Thumb Code    36  stm32f4xx_sdio.o(i.SDIO_SendCommand)
    SD_ProcessIRQSrc                         0x08000cf1   Thumb Code   228  sdio_sdcard.o(i.SD_ProcessIRQSrc)
    SPI2_IRQHandler                          0x08000de1   Thumb Code    48  spi.o(i.SPI2_IRQHandler)
    SPI_Cmd                                  0x08000e19   Thumb Code    20  stm32f4xx_spi.o(i.SPI_Cmd)
    SPI_I2S_ClearFlag                        0x08000e2d   Thumb Code     6  stm32f4xx_spi.o(i.SPI_I2S_ClearFlag)
    SPI_I2S_ClearITPendingBit                0x08000e33   Thumb Code    14  stm32f4xx_spi.o(i.SPI_I2S_ClearITPendingBit)
    SPI_I2S_GetFlagStatus                    0x08000e41   Thumb Code    14  stm32f4xx_spi.o(i.SPI_I2S_GetFlagStatus)
    SPI_I2S_GetITStatus                      0x08000e4f   Thumb Code    44  stm32f4xx_spi.o(i.SPI_I2S_GetITStatus)
    SPI_I2S_SendData                         0x08000e7b   Thumb Code     4  stm32f4xx_spi.o(i.SPI_I2S_SendData)
    SPI_Init                                 0x08000e7f   Thumb Code    56  stm32f4xx_spi.o(i.SPI_Init)
    SysTick_Handler                          0x08000f6d   Thumb Code    38  port.o(i.SysTick_Handler)
    SystemInit                               0x08000f99   Thumb Code    74  system_stm32f4xx.o(i.SystemInit)
    System_GetState                          0x08000ff5   Thumb Code    20  systemstate.o(i.System_GetState)
    System_ResetState                        0x0800100d   Thumb Code    10  systemstate.o(i.System_ResetState)
    System_SetState                          0x0800101d   Thumb Code    10  systemstate.o(i.System_SetState)
    TIM1_BRK_TIM9_IRQHandler                 0x0800102d   Thumb Code   186  timer.o(i.TIM1_BRK_TIM9_IRQHandler)
    TIM6_DAC_IRQHandler                      0x080010f1   Thumb Code    68  code_run_time.o(i.TIM6_DAC_IRQHandler)
    TIM8_TRG_COM_TIM14_IRQHandler            0x0800113d   Thumb Code   136  hc_sr04.o(i.TIM8_TRG_COM_TIM14_IRQHandler)
    TIM_ARRPreloadConfig                     0x080011cd   Thumb Code    20  stm32f4xx_tim.o(i.TIM_ARRPreloadConfig)
    TIM_ClearFlag                            0x080011e1   Thumb Code     6  stm32f4xx_tim.o(i.TIM_ClearFlag)
    TIM_ClearITPendingBit                    0x080011e7   Thumb Code     6  stm32f4xx_tim.o(i.TIM_ClearITPendingBit)
    TIM_Cmd                                  0x080011ed   Thumb Code    20  stm32f4xx_tim.o(i.TIM_Cmd)
    TIM_GetFlagStatus                        0x08001201   Thumb Code    14  stm32f4xx_tim.o(i.TIM_GetFlagStatus)
    TIM_GetITStatus                          0x0800120f   Thumb Code    24  stm32f4xx_tim.o(i.TIM_GetITStatus)
    TIM_ITConfig                             0x08001227   Thumb Code    16  stm32f4xx_tim.o(i.TIM_ITConfig)
    TIM_OC1PolarityConfig                    0x08001237   Thumb Code    12  stm32f4xx_tim.o(i.TIM_OC1PolarityConfig)
    TIM_TimeBaseInit                         0x08001245   Thumb Code    96  stm32f4xx_tim.o(i.TIM_TimeBaseInit)
    TaskTimer_Init                           0x080012c1   Thumb Code   100  timer.o(i.TaskTimer_Init)
    Task_Init                                0x08001329   Thumb Code    40  main.o(i.Task_Init)
    USART1_IRQHandler                        0x08001365   Thumb Code   102  usart.o(i.USART1_IRQHandler)
    USART1_Init                              0x080013d9   Thumb Code   186  usart.o(i.USART1_Init)
    USART2_IRQHandler                        0x0800149d   Thumb Code    10  usart.o(i.USART2_IRQHandler)
    USART_ClearFlag                          0x080014ad   Thumb Code     6  stm32f4xx_usart.o(i.USART_ClearFlag)
    USART_ClearITPendingBit                  0x080014b3   Thumb Code    12  stm32f4xx_usart.o(i.USART_ClearITPendingBit)
    USART_Cmd                                0x080014bf   Thumb Code    20  stm32f4xx_usart.o(i.USART_Cmd)
    USART_GetITStatus                        0x080014d3   Thumb Code    62  stm32f4xx_usart.o(i.USART_GetITStatus)
    USART_ITConfig                           0x08001511   Thumb Code    48  stm32f4xx_usart.o(i.USART_ITConfig)
    USART_Init                               0x08001541   Thumb Code   164  stm32f4xx_usart.o(i.USART_Init)
    USART_ReceiveData                        0x080015ed   Thumb Code     8  stm32f4xx_usart.o(i.USART_ReceiveData)
    USART_SendData                           0x080015f5   Thumb Code     8  stm32f4xx_usart.o(i.USART_SendData)
    UsageFault_Handler                       0x080015fd   Thumb Code     2  stm32f4xx_it.o(i.UsageFault_Handler)
    __scatterload_copy                       0x080015ff   Thumb Code    14  handlers.o(i.__scatterload_copy)
    __scatterload_null                       0x0800160d   Thumb Code     2  handlers.o(i.__scatterload_null)
    __scatterload_zeroinit                   0x0800160f   Thumb Code    14  handlers.o(i.__scatterload_zeroinit)
    delay_us                                 0x0800161d   Thumb Code    40  timer.o(i.delay_us)
    led_init                                 0x08001649   Thumb Code    48  led.o(i.led_init)
    main                                     0x0800167d   Thumb Code    52  main.o(i.main)
    pvPortMalloc                             0x08001da9   Thumb Code   210  heap_4.o(i.pvPortMalloc)
    pxPortInitialiseStack                    0x08001e81   Thumb Code    40  port.o(i.pxPortInitialiseStack)
    uxListRemove                             0x08001ead   Thumb Code    38  list.o(i.uxListRemove)
    vListInitialise                          0x08001ed3   Thumb Code    22  list.o(i.vListInitialise)
    vListInitialiseItem                      0x08001ee9   Thumb Code     6  list.o(i.vListInitialiseItem)
    vListInsert                              0x08001eef   Thumb Code    48  list.o(i.vListInsert)
    vListInsertEnd                           0x08001f1f   Thumb Code    24  list.o(i.vListInsertEnd)
    vPortEnterCritical                       0x08001f39   Thumb Code    54  port.o(i.vPortEnterCritical)
    vPortExitCritical                        0x08001f79   Thumb Code    34  port.o(i.vPortExitCritical)
    vPortFree                                0x08001fa1   Thumb Code    88  heap_4.o(i.vPortFree)
    vPortSetupTimerInterrupt                 0x08001ffd   Thumb Code    32  port.o(i.vPortSetupTimerInterrupt)
    vPortValidateInterruptPriority           0x08002021   Thumb Code    74  port.o(i.vPortValidateInterruptPriority)
    vQueueAddToRegistry                      0x08002075   Thumb Code    32  queue.o(i.vQueueAddToRegistry)
    vQueueWaitForMessageRestricted           0x08002099   Thumb Code    68  queue.o(i.vQueueWaitForMessageRestricted)
    vTaskDelay                               0x080020dd   Thumb Code    66  tasks.o(i.vTaskDelay)
    vTaskInternalSetTimeOutState             0x08002129   Thumb Code    12  tasks.o(i.vTaskInternalSetTimeOutState)
    vTaskMissedYield                         0x08002139   Thumb Code     8  tasks.o(i.vTaskMissedYield)
    vTaskPlaceOnEventList                    0x08002145   Thumb Code    44  tasks.o(i.vTaskPlaceOnEventList)
    vTaskPlaceOnEventListRestricted          0x08002175   Thumb Code    52  tasks.o(i.vTaskPlaceOnEventListRestricted)
    vTaskStartScheduler                      0x080021ad   Thumb Code    94  tasks.o(i.vTaskStartScheduler)
    vTaskSuspendAll                          0x0800221d   Thumb Code    10  tasks.o(i.vTaskSuspendAll)
    vTaskSwitchContext                       0x0800222d   Thumb Code    82  tasks.o(i.vTaskSwitchContext)
    xPortStartScheduler                      0x08002289   Thumb Code   224  port.o(i.xPortStartScheduler)
    xQueueGenericCreate                      0x0800237d   Thumb Code    82  queue.o(i.xQueueGenericCreate)
    xQueueGenericReset                       0x080023d1   Thumb Code   132  queue.o(i.xQueueGenericReset)
    xQueueGenericSend                        0x08002459   Thumb Code   350  queue.o(i.xQueueGenericSend)
    xQueueGenericSendFromISR                 0x080025bd   Thumb Code   188  queue.o(i.xQueueGenericSendFromISR)
    xQueueReceive                            0x08002679   Thumb Code   308  queue.o(i.xQueueReceive)
    xTaskCheckForTimeOut                     0x080027b1   Thumb Code   112  tasks.o(i.xTaskCheckForTimeOut)
    xTaskCreate                              0x08002825   Thumb Code    86  tasks.o(i.xTaskCreate)
    xTaskGetSchedulerState                   0x0800287d   Thumb Code    22  tasks.o(i.xTaskGetSchedulerState)
    xTaskGetTickCount                        0x08002899   Thumb Code     6  tasks.o(i.xTaskGetTickCount)
    xTaskIncrementTick                       0x080028a5   Thumb Code   192  tasks.o(i.xTaskIncrementTick)
    xTaskPriorityDisinherit                  0x0800296d   Thumb Code   144  tasks.o(i.xTaskPriorityDisinherit)
    xTaskRemoveFromEventList                 0x08002a05   Thumb Code   106  tasks.o(i.xTaskRemoveFromEventList)
    xTaskResumeAll                           0x08002a7d   Thumb Code   182  tasks.o(i.xTaskResumeAll)
    xTimerCreateTimerTask                    0x08002b41   Thumb Code    58  timers.o(i.xTimerCreateTimerTask)
    xTimerGenericCommand                     0x08002b8d   Thumb Code    88  timers.o(i.xTimerGenericCommand)
    Region$$Table$$Base                      0x08002be8   Number         0  anon$$obj.o(Region$$Table)
    Region$$Table$$Limit                     0x08002c08   Number         0  anon$$obj.o(Region$$Table)
    SystemCoreClock                          0x20000004   Data           4  system_stm32f4xx.o(.data)
    AHBPrescTable                            0x20000008   Data          16  system_stm32f4xx.o(.data)
    RX_Point                                 0x2000002c   Data           2  usart.o(.data)
    TX_Point                                 0x2000002e   Data           2  usart.o(.data)
    CharModel                                0x20000032   Data        1536  oled.o(.data)
    Menu_Num                                 0x20000632   Data           1  exti.o(.data)
    Set_Time                                 0x20000633   Data           1  exti.o(.data)
    Temperature_HIGH                         0x20000634   Data           1  exti.o(.data)
    Temperature_LOW                          0x20000635   Data           1  exti.o(.data)
    Humidity_HIGH                            0x20000636   Data           1  exti.o(.data)
    Humidity_LOW                             0x20000637   Data           1  exti.o(.data)
    Run_Time                                 0x2000063a   Data           2  code_run_time.o(.data)
    TransferError                            0x2000063f   Data           1  sdio_sdcard.o(.data)
    TransferEnd                              0x20000640   Data           1  sdio_sdcard.o(.data)
    tempbuff                                 0x20000648   Data           4  sdio_sdcard.o(.data)
    Distance                                 0x2000064e   Data           2  hc_sr04.o(.data)
    pxCurrentTCB                             0x20000650   Data           4  tasks.o(.data)
    USART1_Buffer                            0x200006c4   Data        1500  usart.o(.bss)
    OLED_GRAM                                0x20000ca0   Data        1024  oled.o(.bss)
    SDIO_InitStructure                       0x200010a0   Data          24  sdio_sdcard.o(.bss)
    SDIO_CmdInitStructure                    0x200010b8   Data          20  sdio_sdcard.o(.bss)
    SDIO_DataInitStructure                   0x200010cc   Data          24  sdio_sdcard.o(.bss)
    SDCardInfo                               0x20001104   Data          80  sdio_sdcard.o(.bss)
    SDIO_DATA_BUFFER                         0x20001154   Data         512  sdio_sdcard.o(.bss)
    xQueueRegistry                           0x2000136c   Data          64  queue.o(.bss)
    __initial_sp                             0x2000ad68   Data           0  startup_stm32f40_41xxx.o(STACK)



==============================================================================

Memory Map of the image

  Image Entry point : 0x08000189

  Load Region LR_IROM1 (Base: 0x08000000, Size: 0x000032cc, Max: 0x00080000, ABSOLUTE, COMPRESSED[0x00002fa4])

    Execution Region ER_IROM1 (Base: 0x08000000, Size: 0x00002c08, Max: 0x00080000, ABSOLUTE)

    Base Addr    Size         Type   Attr      Idx    E Section Name        Object

    0x08000000   0x00000188   Data   RO            3    RESET               startup_stm32f40_41xxx.o
    0x08000188   0x00000000   Code   RO         8984  * .ARM.Collect$$$$00000000  mc_w.l(entry.o)
    0x08000188   0x00000004   Code   RO         9315    .ARM.Collect$$$$00000001  mc_w.l(entry2.o)
    0x0800018c   0x00000004   Code   RO         9318    .ARM.Collect$$$$00000004  mc_w.l(entry5.o)
    0x08000190   0x00000000   Code   RO         9320    .ARM.Collect$$$$00000008  mc_w.l(entry7b.o)
    0x08000190   0x00000000   Code   RO         9322    .ARM.Collect$$$$0000000A  mc_w.l(entry8b.o)
    0x08000190   0x00000008   Code   RO         9323    .ARM.Collect$$$$0000000B  mc_w.l(entry9a.o)
    0x08000198   0x00000000   Code   RO         9325    .ARM.Collect$$$$0000000D  mc_w.l(entry10a.o)
    0x08000198   0x00000000   Code   RO         9327    .ARM.Collect$$$$0000000F  mc_w.l(entry11a.o)
    0x08000198   0x00000004   Code   RO         9316    .ARM.Collect$$$$00002712  mc_w.l(entry2.o)
    0x0800019c   0x000000be   Code   RO         7950    .emb_text           port.o
    0x0800025a   0x00000002   PAD
    0x0800025c   0x00000024   Code   RO            4    .text               startup_stm32f40_41xxx.o
    0x08000280   0x00000024   Code   RO         8989    .text               mc_w.l(memcpya.o)
    0x080002a4   0x00000024   Code   RO         8993    .text               mc_w.l(memseta.o)
    0x080002c8   0x00000024   Code   RO         9364    .text               mc_w.l(init.o)
    0x080002ec   0x00000056   Code   RO         9374    .text               mc_w.l(__dczerorl2.o)
    0x08000342   0x00000002   Code   RO          309    i.BusFault_Handler  stm32f4xx_it.o
    0x08000344   0x00000058   Code   RO         6271    i.CmdResp1Error     sdio_sdcard.o
    0x0800039c   0x00000030   Code   RO         6209    i.DMA1_Start        dma.o
    0x080003cc   0x0000002c   Code   RO         6210    i.DMA1_Stream4_IRQHandler  dma.o
    0x080003f8   0x00000030   Code   RO         6212    i.DMA2_Start        dma.o
    0x08000428   0x0000002c   Code   RO         6213    i.DMA2_Stream5_IRQHandler  dma.o
    0x08000454   0x00000028   Code   RO         6214    i.DMA2_Stream6_IRQHandler  dma.o
    0x0800047c   0x0000002c   Code   RO         1483    i.DMA_ClearFlag     stm32f4xx_dma.o
    0x080004a8   0x0000002c   Code   RO         1484    i.DMA_ClearITPendingBit  stm32f4xx_dma.o
    0x080004d4   0x00000014   Code   RO         1485    i.DMA_Cmd           stm32f4xx_dma.o
    0x080004e8   0x00000054   Code   RO         1495    i.DMA_GetITStatus   stm32f4xx_dma.o
    0x0800053c   0x00000004   Code   RO         1500    i.DMA_SetCurrDataCounter  stm32f4xx_dma.o
    0x08000540   0x00000002   Code   RO          310    i.DebugMon_Handler  stm32f4xx_it.o
    0x08000542   0x00000002   PAD
    0x08000544   0x00000044   Code   RO         6736    i.Delay_Init        timer.o
    0x08000588   0x00000038   Code   RO         5937    i.EXTI0_IRQHandler  exti.o
    0x080005c0   0x0000007c   Code   RO         5938    i.EXTI2_IRQHandler  exti.o
    0x0800063c   0x0000008c   Code   RO         5939    i.EXTI3_IRQHandler  exti.o
    0x080006c8   0x0000000c   Code   RO         1771    i.EXTI_ClearFlag    stm32f4xx_exti.o
    0x080006d4   0x00000014   Code   RO         1775    i.EXTI_GetFlagStatus  stm32f4xx_exti.o
    0x080006e8   0x00000078   Code   RO         2285    i.GPIO_Init         stm32f4xx_gpio.o
    0x08000760   0x00000020   Code   RO         2286    i.GPIO_PinAFConfig  stm32f4xx_gpio.o
    0x08000780   0x00000004   Code   RO         2292    i.GPIO_ResetBits    stm32f4xx_gpio.o
    0x08000784   0x00000004   Code   RO         2293    i.GPIO_SetBits      stm32f4xx_gpio.o
    0x08000788   0x00000002   Code   RO          311    i.HardFault_Handler  stm32f4xx_it.o
    0x0800078a   0x00000002   PAD
    0x0800078c   0x0000003c   Code   RO           13    i.LED_Task          main.o
    0x080007c8   0x00000002   Code   RO          312    i.MemManage_Handler  stm32f4xx_it.o
    0x080007ca   0x00000002   Code   RO          313    i.NMI_Handler       stm32f4xx_it.o
    0x080007cc   0x00000064   Code   RO          410    i.NVIC_Init         misc.o
    0x08000830   0x00000014   Code   RO          411    i.NVIC_PriorityGroupConfig  misc.o
    0x08000844   0x0000001c   Code   RO         5644    i.OLED_ClearScreen  oled.o
    0x08000860   0x000000e0   Code   RO         5650    i.OLED_Init         oled.o
    0x08000940   0x000000c0   Code   RO         5651    i.OLED_SPI_Init     oled.o
    0x08000a00   0x00000038   Code   RO         5656    i.OLED_SendData     oled.o
    0x08000a38   0x00000038   Code   RO         5658    i.OLED_SetMode      oled.o
    0x08000a70   0x0000003c   Code   RO         5661    i.OLED_ShowChar     oled.o
    0x08000aac   0x00000084   Code   RO         5662    i.OLED_ShowStrings  oled.o
    0x08000b30   0x0000003c   Code   RO           14    i.OLED_Task         main.o
    0x08000b6c   0x0000005c   Code   RO         5665    i.OLED_UpdateGRAM   oled.o
    0x08000bc8   0x00000018   Code   RO         3211    i.RCC_AHB1PeriphClockCmd  stm32f4xx_rcc.o
    0x08000be0   0x00000018   Code   RO         3220    i.RCC_APB1PeriphClockCmd  stm32f4xx_rcc.o
    0x08000bf8   0x00000018   Code   RO         3223    i.RCC_APB2PeriphClockCmd  stm32f4xx_rcc.o
    0x08000c10   0x00000094   Code   RO         3232    i.RCC_GetClocksFreq  stm32f4xx_rcc.o
    0x08000ca4   0x0000000c   Code   RO         4145    i.SDIO_ClearFlag    stm32f4xx_sdio.o
    0x08000cb0   0x00000014   Code   RO         4157    i.SDIO_GetFlagStatus  stm32f4xx_sdio.o
    0x08000cc4   0x00000004   Code   RO         6280    i.SDIO_IRQHandler   sdio_sdcard.o
    0x08000cc8   0x00000028   Code   RO         4165    i.SDIO_SendCommand  stm32f4xx_sdio.o
    0x08000cf0   0x000000f0   Code   RO         6290    i.SD_ProcessIRQSrc  sdio_sdcard.o
    0x08000de0   0x00000038   Code   RO         5496    i.SPI2_IRQHandler   spi.o
    0x08000e18   0x00000014   Code   RO         4369    i.SPI_Cmd           stm32f4xx_spi.o
    0x08000e2c   0x00000006   Code   RO         4373    i.SPI_I2S_ClearFlag  stm32f4xx_spi.o
    0x08000e32   0x0000000e   Code   RO         4374    i.SPI_I2S_ClearITPendingBit  stm32f4xx_spi.o
    0x08000e40   0x0000000e   Code   RO         4377    i.SPI_I2S_GetFlagStatus  stm32f4xx_spi.o
    0x08000e4e   0x0000002c   Code   RO         4378    i.SPI_I2S_GetITStatus  stm32f4xx_spi.o
    0x08000e7a   0x00000004   Code   RO         4381    i.SPI_I2S_SendData  stm32f4xx_spi.o
    0x08000e7e   0x00000038   Code   RO         4382    i.SPI_Init          stm32f4xx_spi.o
    0x08000eb6   0x00000002   PAD
    0x08000eb8   0x000000b4   Code   RO          369    i.SetSysClock       system_stm32f4xx.o
    0x08000f6c   0x0000002c   Code   RO         7951    i.SysTick_Handler   port.o
    0x08000f98   0x0000005c   Code   RO          371    i.SystemInit        system_stm32f4xx.o
    0x08000ff4   0x00000018   Code   RO         6628    i.System_GetState   systemstate.o
    0x0800100c   0x00000010   Code   RO         6629    i.System_ResetState  systemstate.o
    0x0800101c   0x00000010   Code   RO         6630    i.System_SetState   systemstate.o
    0x0800102c   0x000000c4   Code   RO         6737    i.TIM1_BRK_TIM9_IRQHandler  timer.o
    0x080010f0   0x0000004c   Code   RO         6161    i.TIM6_DAC_IRQHandler  code_run_time.o
    0x0800113c   0x00000090   Code   RO         6788    i.TIM8_TRG_COM_TIM14_IRQHandler  hc_sr04.o
    0x080011cc   0x00000014   Code   RO         4593    i.TIM_ARRPreloadConfig  stm32f4xx_tim.o
    0x080011e0   0x00000006   Code   RO         4599    i.TIM_ClearFlag     stm32f4xx_tim.o
    0x080011e6   0x00000006   Code   RO         4600    i.TIM_ClearITPendingBit  stm32f4xx_tim.o
    0x080011ec   0x00000014   Code   RO         4605    i.TIM_Cmd           stm32f4xx_tim.o
    0x08001200   0x0000000e   Code   RO         4625    i.TIM_GetFlagStatus  stm32f4xx_tim.o
    0x0800120e   0x00000018   Code   RO         4626    i.TIM_GetITStatus   stm32f4xx_tim.o
    0x08001226   0x00000010   Code   RO         4630    i.TIM_ITConfig      stm32f4xx_tim.o
    0x08001236   0x0000000c   Code   RO         4636    i.TIM_OC1PolarityConfig  stm32f4xx_tim.o
    0x08001242   0x00000002   PAD
    0x08001244   0x0000007c   Code   RO         4677    i.TIM_TimeBaseInit  stm32f4xx_tim.o
    0x080012c0   0x00000068   Code   RO         6738    i.TaskTimer_Init    timer.o
    0x08001328   0x0000003c   Code   RO           15    i.Task_Init         main.o
    0x08001364   0x00000074   Code   RO         5521    i.USART1_IRQHandler  usart.o
    0x080013d8   0x000000c4   Code   RO         5522    i.USART1_Init       usart.o
    0x0800149c   0x00000010   Code   RO         5523    i.USART2_IRQHandler  usart.o
    0x080014ac   0x00000006   Code   RO         5142    i.USART_ClearFlag   stm32f4xx_usart.o
    0x080014b2   0x0000000c   Code   RO         5143    i.USART_ClearITPendingBit  stm32f4xx_usart.o
    0x080014be   0x00000014   Code   RO         5146    i.USART_Cmd         stm32f4xx_usart.o
    0x080014d2   0x0000003e   Code   RO         5150    i.USART_GetITStatus  stm32f4xx_usart.o
    0x08001510   0x00000030   Code   RO         5152    i.USART_ITConfig    stm32f4xx_usart.o
    0x08001540   0x000000ac   Code   RO         5153    i.USART_Init        stm32f4xx_usart.o
    0x080015ec   0x00000008   Code   RO         5160    i.USART_ReceiveData  stm32f4xx_usart.o
    0x080015f4   0x00000008   Code   RO         5163    i.USART_SendData    stm32f4xx_usart.o
    0x080015fc   0x00000002   Code   RO          314    i.UsageFault_Handler  stm32f4xx_it.o
    0x080015fe   0x0000000e   Code   RO         9368    i.__scatterload_copy  mc_w.l(handlers.o)
    0x0800160c   0x00000002   Code   RO         9369    i.__scatterload_null  mc_w.l(handlers.o)
    0x0800160e   0x0000000e   Code   RO         9370    i.__scatterload_zeroinit  mc_w.l(handlers.o)
    0x0800161c   0x0000002c   Code   RO         6740    i.delay_us          timer.o
    0x08001648   0x00000034   Code   RO         5876    i.led_init          led.o
    0x0800167c   0x00000034   Code   RO           17    i.main              main.o
    0x080016b0   0x00000070   Code   RO         7441    i.prvAddCurrentTaskToDelayedList  tasks.o
    0x08001720   0x000000d0   Code   RO         7442    i.prvAddNewTaskToReadyList  tasks.o
    0x080017f0   0x00000050   Code   RO         7774    i.prvCheckForValidListAndQueue  timers.o
    0x08001840   0x00000026   Code   RO         7099    i.prvCopyDataFromQueue  queue.o
    0x08001866   0x0000006c   Code   RO         7100    i.prvCopyDataToQueue  queue.o
    0x080018d2   0x00000014   Code   RO         7443    i.prvDeleteTCB      tasks.o
    0x080018e6   0x00000002   PAD
    0x080018e8   0x0000004c   Code   RO         7901    i.prvHeapInit       heap_4.o
    0x08001934   0x0000005c   Code   RO         7444    i.prvIdleTask       tasks.o
    0x08001990   0x0000009c   Code   RO         7445    i.prvInitialiseNewTask  tasks.o
    0x08001a2c   0x0000004c   Code   RO         7902    i.prvInsertBlockIntoFreeList  heap_4.o
    0x08001a78   0x00000038   Code   RO         7775    i.prvInsertTimerInActiveList  timers.o
    0x08001ab0   0x0000001a   Code   RO         7101    i.prvIsQueueEmpty   queue.o
    0x08001aca   0x00000002   PAD
    0x08001acc   0x000000b8   Code   RO         7776    i.prvProcessReceivedCommands  timers.o
    0x08001b84   0x000000b4   Code   RO         7777    i.prvProcessTimerOrBlockTask  timers.o
    0x08001c38   0x00000020   Code   RO         7447    i.prvResetNextTaskUnblockTime  tasks.o
    0x08001c58   0x00000028   Code   RO         7778    i.prvSampleTimeNow  timers.o
    0x08001c80   0x0000006c   Code   RO         7779    i.prvSwitchTimerLists  timers.o
    0x08001cec   0x00000028   Code   RO         7952    i.prvTaskExitError  port.o
    0x08001d14   0x00000028   Code   RO         7780    i.prvTimerTask      timers.o
    0x08001d3c   0x0000006a   Code   RO         7102    i.prvUnlockQueue    queue.o
    0x08001da6   0x00000002   PAD
    0x08001da8   0x000000d8   Code   RO         7903    i.pvPortMalloc      heap_4.o
    0x08001e80   0x0000002c   Code   RO         7953    i.pxPortInitialiseStack  port.o
    0x08001eac   0x00000026   Code   RO         7059    i.uxListRemove      list.o
    0x08001ed2   0x00000016   Code   RO         7060    i.vListInitialise   list.o
    0x08001ee8   0x00000006   Code   RO         7061    i.vListInitialiseItem  list.o
    0x08001eee   0x00000030   Code   RO         7062    i.vListInsert       list.o
    0x08001f1e   0x00000018   Code   RO         7063    i.vListInsertEnd    list.o
    0x08001f36   0x00000002   PAD
    0x08001f38   0x00000040   Code   RO         7955    i.vPortEnterCritical  port.o
    0x08001f78   0x00000028   Code   RO         7956    i.vPortExitCritical  port.o
    0x08001fa0   0x0000005c   Code   RO         7904    i.vPortFree         heap_4.o
    0x08001ffc   0x00000024   Code   RO         7957    i.vPortSetupTimerInterrupt  port.o
    0x08002020   0x00000054   Code   RO         7958    i.vPortValidateInterruptPriority  port.o
    0x08002074   0x00000024   Code   RO         7108    i.vQueueAddToRegistry  queue.o
    0x08002098   0x00000044   Code   RO         7112    i.vQueueWaitForMessageRestricted  queue.o
    0x080020dc   0x0000004c   Code   RO         7457    i.vTaskDelay        tasks.o
    0x08002128   0x00000010   Code   RO         7462    i.vTaskInternalSetTimeOutState  tasks.o
    0x08002138   0x0000000c   Code   RO         7463    i.vTaskMissedYield  tasks.o
    0x08002144   0x00000030   Code   RO         7465    i.vTaskPlaceOnEventList  tasks.o
    0x08002174   0x00000038   Code   RO         7466    i.vTaskPlaceOnEventListRestricted  tasks.o
    0x080021ac   0x00000070   Code   RO         7474    i.vTaskStartScheduler  tasks.o
    0x0800221c   0x00000010   Code   RO         7476    i.vTaskSuspendAll   tasks.o
    0x0800222c   0x0000005c   Code   RO         7477    i.vTaskSwitchContext  tasks.o
    0x08002288   0x000000f4   Code   RO         7959    i.xPortStartScheduler  port.o
    0x0800237c   0x00000052   Code   RO         7115    i.xQueueGenericCreate  queue.o
    0x080023ce   0x00000002   PAD
    0x080023d0   0x00000088   Code   RO         7116    i.xQueueGenericReset  queue.o
    0x08002458   0x00000164   Code   RO         7117    i.xQueueGenericSend  queue.o
    0x080025bc   0x000000bc   Code   RO         7118    i.xQueueGenericSendFromISR  queue.o
    0x08002678   0x00000138   Code   RO         7125    i.xQueueReceive     queue.o
    0x080027b0   0x00000074   Code   RO         7478    i.xTaskCheckForTimeOut  tasks.o
    0x08002824   0x00000056   Code   RO         7479    i.xTaskCreate       tasks.o
    0x0800287a   0x00000002   PAD
    0x0800287c   0x0000001c   Code   RO         7483    i.xTaskGetSchedulerState  tasks.o
    0x08002898   0x0000000c   Code   RO         7484    i.xTaskGetTickCount  tasks.o
    0x080028a4   0x000000c8   Code   RO         7486    i.xTaskIncrementTick  tasks.o
    0x0800296c   0x00000098   Code   RO         7489    i.xTaskPriorityDisinherit  tasks.o
    0x08002a04   0x00000078   Code   RO         7491    i.xTaskRemoveFromEventList  tasks.o
    0x08002a7c   0x000000c4   Code   RO         7492    i.xTaskResumeAll    tasks.o
    0x08002b40   0x0000004c   Code   RO         7786    i.xTimerCreateTimerTask  timers.o
    0x08002b8c   0x0000005c   Code   RO         7787    i.xTimerGenericCommand  timers.o
    0x08002be8   0x00000020   Data   RO         9366    Region$$Table       anon$$obj.o


    Execution Region RW_IRAM2 (Base: 0x10000000, Size: 0x00000000, Max: 0x00010000, ABSOLUTE)

    **** No section assigned to this execution region ****


    Execution Region RW_IRAM1 (Base: 0x20000000, Size: 0x0000ad68, Max: 0x00020000, ABSOLUTE, COMPRESSED[0x0000039c])

    Base Addr    Size         Type   Attr      Idx    E Section Name        Object

    0x20000000   0x00000002   Data   RW           18    .data               main.o
    0x20000002   0x00000002   PAD
    0x20000004   0x00000014   Data   RW          372    .data               system_stm32f4xx.o
    0x20000018   0x00000010   Data   RW         3264    .data               stm32f4xx_rcc.o
    0x20000028   0x00000004   Data   RW         5497    .data               spi.o
    0x2000002c   0x00000004   Data   RW         5527    .data               usart.o
    0x20000030   0x00000602   Data   RW         5670    .data               oled.o
    0x20000632   0x00000006   Data   RW         5941    .data               exti.o
    0x20000638   0x00000004   Data   RW         6162    .data               code_run_time.o
    0x2000063c   0x00000010   Data   RW         6303    .data               sdio_sdcard.o
    0x2000064c   0x00000001   Data   RW         6741    .data               timer.o
    0x2000064d   0x00000001   PAD
    0x2000064e   0x00000002   Data   RW         6789    .data               hc_sr04.o
    0x20000650   0x0000003c   Data   RW         7495    .data               tasks.o
    0x2000068c   0x00000014   Data   RW         7793    .data               timers.o
    0x200006a0   0x00000018   Data   RW         7909    .data               heap_4.o
    0x200006b8   0x0000000c   Data   RW         7960    .data               port.o
    0x200006c4   0x000005dc   Zero   RW         5526    .bss                usart.o
    0x20000ca0   0x00000400   Zero   RW         5669    .bss                oled.o
    0x200010a0   0x000002b4   Zero   RW         6302    .bss                sdio_sdcard.o
    0x20001354   0x00000015   Zero   RW         6631    .bss                systemstate.o
    0x20001369   0x00000003   PAD
    0x2000136c   0x00000040   Zero   RW         7129    .bss                queue.o
    0x200013ac   0x00000190   Zero   RW         7494    .bss                tasks.o
    0x2000153c   0x00000028   Zero   RW         7792    .bss                timers.o
    0x20001564   0x00007800   Zero   RW         7908    .bss                heap_4.o
    0x20008d64   0x00000004   PAD
    0x20008d68   0x00002000   Zero   RW            1    STACK               startup_stm32f40_41xxx.o


==============================================================================

Image component sizes


      Code (inc. data)   RO Data    RW Data    ZI Data      Debug   Object Name

        76          8          0          4          0        753   code_run_time.o
       224         40          0          0          0       2935   dma.o
         0          0          0          0          0      11708   event_groups.o
       320         32          0          6          0       2081   exti.o
       144          8          0          2          0        815   hc_sr04.o
       460         24          0         24      30720       4255   heap_4.o
        52          4          0          0          0        499   led.o
       138          0          0          0          0       3182   list.o
       232         32          0          2          0     329970   main.o
       120         14          0          0          0       1475   misc.o
       840         50          0       1538       1024       6279   oled.o
       786         80          0         12          0      10769   port.o
      1456         18          0          0         64      15390   queue.o
       332         16          0         16        692      11730   sdio_sdcard.o
        56          8          0          4          0        518   spi.o
        36          8        392          0       8192        852   startup_stm32f40_41xxx.o
       196         40          0          0          0       4305   stm32f4xx_dma.o
        32         10          0          0          0       1106   stm32f4xx_exti.o
       160          0          0          0          0       2763   stm32f4xx_gpio.o
        12          0          0          0          0       2689   stm32f4xx_it.o
       220         34          0         16          0       4635   stm32f4xx_rcc.o
        72         14          0          0          0       3437   stm32f4xx_sdio.o
       158          0          0          0          0       4786   stm32f4xx_spi.o
       242         28          0          0          0       6912   stm32f4xx_tim.o
       336          8          0          0          0       5979   stm32f4xx_usart.o
       272         36          0         20          0       1765   system_stm32f4xx.o
        56         16          0          0         21       2104   systemstate.o
      1958        164          0         60        400      20464   tasks.o
       412         26          0          1          0       2420   timer.o
       856         84          0         20         40      16715   timers.o
       328         30          0          4       1500       2416   usart.o

    ----------------------------------------------------------------------
     10604        832        424       1732      42660     485707   Object Totals
         0          0         32          0          0          0   (incl. Generated)
        22          0          0          3          7          0   (incl. Padding)

    ----------------------------------------------------------------------

      Code (inc. data)   RO Data    RW Data    ZI Data      Debug   Library Member Name

        86          0          0          0          0          0   __dczerorl2.o
         0          0          0          0          0          0   entry.o
         0          0          0          0          0          0   entry10a.o
         0          0          0          0          0          0   entry11a.o
         8          4          0          0          0          0   entry2.o
         4          0          0          0          0          0   entry5.o
         0          0          0          0          0          0   entry7b.o
         0          0          0          0          0          0   entry8b.o
         8          4          0          0          0          0   entry9a.o
        30          0          0          0          0          0   handlers.o
        36          8          0          0          0         68   init.o
        36          0          0          0          0         68   memcpya.o
        36          0          0          0          0        108   memseta.o

    ----------------------------------------------------------------------
       244         16          0          0          0        244   Library Totals
         0          0          0          0          0          0   (incl. Padding)

    ----------------------------------------------------------------------

      Code (inc. data)   RO Data    RW Data    ZI Data      Debug   Library Name

       244         16          0          0          0        244   mc_w.l

    ----------------------------------------------------------------------
       244         16          0          0          0        244   Library Totals

    ----------------------------------------------------------------------

==============================================================================


      Code (inc. data)   RO Data    RW Data    ZI Data      Debug   

     10848        848        424       1732      42660     471983   Grand Totals
     10848        848        424        924      42660     471983   ELF Image Totals (compressed)
     10848        848        424        924          0          0   ROM Totals

==============================================================================

    Total RO  Size (Code + RO Data)                11272 (  11.01kB)
    Total RW  Size (RW Data + ZI Data)             44392 (  43.35kB)
    Total ROM Size (Code + RO Data + RW Data)      12196 (  11.91kB)

==============================================================================

