Component: ARM Compiler 5.06 update 1 (build 61) Tool: armlink [4d35a8]

==============================================================================

Section Cross References

    startup_stm32f40_41xxx.o(RESET) refers to startup_stm32f40_41xxx.o(STACK) for __initial_sp
    startup_stm32f40_41xxx.o(RESET) refers to startup_stm32f40_41xxx.o(.text) for Reset_Handler
    startup_stm32f40_41xxx.o(RESET) refers to stm32f4xx_it.o(i.NMI_Handler) for NMI_Handler
    startup_stm32f40_41xxx.o(RESET) refers to stm32f4xx_it.o(i.HardFault_Handler) for HardFault_Handler
    startup_stm32f40_41xxx.o(RESET) refers to stm32f4xx_it.o(i.MemManage_Handler) for MemManage_Handler
    startup_stm32f40_41xxx.o(RESET) refers to stm32f4xx_it.o(i.BusFault_Handler) for BusFault_Handler
    startup_stm32f40_41xxx.o(RESET) refers to stm32f4xx_it.o(i.UsageFault_Handler) for UsageFault_Handler
    startup_stm32f40_41xxx.o(RESET) refers to stm32f4xx_it.o(i.DebugMon_Handler) for DebugMon_Handler
    startup_stm32f40_41xxx.o(RESET) refers to exti.o(i.EXTI0_IRQHandler) for EXTI0_IRQHandler
    startup_stm32f40_41xxx.o(RESET) refers to exti.o(i.EXTI2_IRQHandler) for EXTI2_IRQHandler
    startup_stm32f40_41xxx.o(RESET) refers to exti.o(i.EXTI3_IRQHandler) for EXTI3_IRQHandler
    startup_stm32f40_41xxx.o(RESET) refers to dma.o(i.DMA1_Stream4_IRQHandler) for DMA1_Stream4_IRQHandler
    startup_stm32f40_41xxx.o(RESET) refers to timer.o(i.TIM1_BRK_TIM9_IRQHandler) for TIM1_BRK_TIM9_IRQHandler
    startup_stm32f40_41xxx.o(RESET) refers to spi.o(i.SPI2_IRQHandler) for SPI2_IRQHandler
    startup_stm32f40_41xxx.o(RESET) refers to usart.o(i.USART1_IRQHandler) for USART1_IRQHandler
    startup_stm32f40_41xxx.o(RESET) refers to usart.o(i.USART2_IRQHandler) for USART2_IRQHandler
    startup_stm32f40_41xxx.o(RESET) refers to sdio_sdcard.o(i.SDIO_IRQHandler) for SDIO_IRQHandler
    startup_stm32f40_41xxx.o(RESET) refers to code_run_time.o(i.TIM6_DAC_IRQHandler) for TIM6_DAC_IRQHandler
    startup_stm32f40_41xxx.o(RESET) refers to dma.o(i.DMA2_Stream5_IRQHandler) for DMA2_Stream5_IRQHandler
    startup_stm32f40_41xxx.o(RESET) refers to dma.o(i.DMA2_Stream6_IRQHandler) for DMA2_Stream6_IRQHandler
    startup_stm32f40_41xxx.o(.text) refers to system_stm32f4xx.o(i.SystemInit) for SystemInit
    startup_stm32f40_41xxx.o(.text) refers to entry.o(.ARM.Collect$$$$00000000) for __main
    main.o(i.Task_List) refers to systemstate.o(i.System_GetState) for System_GetState
    main.o(i.Task_List) refers to systemstate.o(i.System_ResetState) for System_ResetState
    main.o(i.Task_List) refers to test.o(i.Led_Test) for Led_Test
    main.o(i.main) refers to misc.o(i.NVIC_PriorityGroupConfig) for NVIC_PriorityGroupConfig
    main.o(i.main) refers to usart.o(i.USART1_Init) for USART1_Init
    main.o(i.main) refers to timer.o(i.Delay_Init) for Delay_Init
    main.o(i.main) refers to led.o(i.led_init) for led_init
    main.o(i.main) refers to oled.o(i.OLED_Init) for OLED_Init
    main.o(i.main) refers to timer.o(i.TaskTimer_Init) for TaskTimer_Init
    main.o(i.main) refers to main.o(i.Task_List) for Task_List
    system_stm32f4xx.o(i.SystemCoreClockUpdate) refers to system_stm32f4xx.o(.data) for .data
    system_stm32f4xx.o(i.SystemInit) refers to system_stm32f4xx.o(i.SetSysClock) for SetSysClock
    stm32f4xx_adc.o(i.ADC_DeInit) refers to stm32f4xx_rcc.o(i.RCC_APB2PeriphResetCmd) for RCC_APB2PeriphResetCmd
    stm32f4xx_can.o(i.CAN_DeInit) refers to stm32f4xx_rcc.o(i.RCC_APB1PeriphResetCmd) for RCC_APB1PeriphResetCmd
    stm32f4xx_can.o(i.CAN_GetITStatus) refers to stm32f4xx_can.o(i.CheckITStatus) for CheckITStatus
    stm32f4xx_cryp.o(i.CRYP_DeInit) refers to stm32f4xx_rcc.o(i.RCC_AHB2PeriphResetCmd) for RCC_AHB2PeriphResetCmd
    stm32f4xx_cryp_aes.o(i.CRYP_AES_CBC) refers to stm32f4xx_cryp.o(i.CRYP_KeyStructInit) for CRYP_KeyStructInit
    stm32f4xx_cryp_aes.o(i.CRYP_AES_CBC) refers to stm32f4xx_cryp.o(i.CRYP_KeyInit) for CRYP_KeyInit
    stm32f4xx_cryp_aes.o(i.CRYP_AES_CBC) refers to stm32f4xx_cryp.o(i.CRYP_Init) for CRYP_Init
    stm32f4xx_cryp_aes.o(i.CRYP_AES_CBC) refers to stm32f4xx_cryp.o(i.CRYP_IVInit) for CRYP_IVInit
    stm32f4xx_cryp_aes.o(i.CRYP_AES_CBC) refers to stm32f4xx_cryp.o(i.CRYP_FIFOFlush) for CRYP_FIFOFlush
    stm32f4xx_cryp_aes.o(i.CRYP_AES_CBC) refers to stm32f4xx_cryp.o(i.CRYP_Cmd) for CRYP_Cmd
    stm32f4xx_cryp_aes.o(i.CRYP_AES_CBC) refers to stm32f4xx_cryp.o(i.CRYP_GetCmdStatus) for CRYP_GetCmdStatus
    stm32f4xx_cryp_aes.o(i.CRYP_AES_CBC) refers to stm32f4xx_cryp.o(i.CRYP_GetFlagStatus) for CRYP_GetFlagStatus
    stm32f4xx_cryp_aes.o(i.CRYP_AES_CBC) refers to stm32f4xx_cryp.o(i.CRYP_DataIn) for CRYP_DataIn
    stm32f4xx_cryp_aes.o(i.CRYP_AES_CBC) refers to stm32f4xx_cryp.o(i.CRYP_DataOut) for CRYP_DataOut
    stm32f4xx_cryp_aes.o(i.CRYP_AES_CCM) refers to stm32f4xx_cryp.o(i.CRYP_KeyStructInit) for CRYP_KeyStructInit
    stm32f4xx_cryp_aes.o(i.CRYP_AES_CCM) refers to stm32f4xx_cryp.o(i.CRYP_FIFOFlush) for CRYP_FIFOFlush
[...]
    Removing stm32f4xx_tim.o(i.TIM_BDTRStructInit), (18 bytes).
    Removing stm32f4xx_tim.o(i.TIM_CCPreloadControl), (20 bytes).
    Removing stm32f4xx_tim.o(i.TIM_CCxCmd), (22 bytes).
    Removing stm32f4xx_tim.o(i.TIM_CCxNCmd), (22 bytes).
    Removing stm32f4xx_tim.o(i.TIM_ClearITPendingBit), (6 bytes).
    Removing stm32f4xx_tim.o(i.TIM_ClearOC1Ref), (12 bytes).
    Removing stm32f4xx_tim.o(i.TIM_ClearOC2Ref), (20 bytes).
    Removing stm32f4xx_tim.o(i.TIM_ClearOC3Ref), (12 bytes).
    Removing stm32f4xx_tim.o(i.TIM_ClearOC4Ref), (20 bytes).
    Removing stm32f4xx_tim.o(i.TIM_CounterModeConfig), (12 bytes).
    Removing stm32f4xx_tim.o(i.TIM_CtrlPWMOutputs), (22 bytes).
    Removing stm32f4xx_tim.o(i.TIM_DMACmd), (16 bytes).
    Removing stm32f4xx_tim.o(i.TIM_DMAConfig), (8 bytes).
    Removing stm32f4xx_tim.o(i.TIM_DeInit), (336 bytes).
    Removing stm32f4xx_tim.o(i.TIM_ETRClockMode1Config), (18 bytes).
    Removing stm32f4xx_tim.o(i.TIM_ETRClockMode2Config), (18 bytes).
    Removing stm32f4xx_tim.o(i.TIM_ETRConfig), (24 bytes).
    Removing stm32f4xx_tim.o(i.TIM_EncoderInterfaceConfig), (50 bytes).
    Removing stm32f4xx_tim.o(i.TIM_ForcedOC1Config), (12 bytes).
    Removing stm32f4xx_tim.o(i.TIM_ForcedOC2Config), (20 bytes).
    Removing stm32f4xx_tim.o(i.TIM_ForcedOC3Config), (12 bytes).
    Removing stm32f4xx_tim.o(i.TIM_ForcedOC4Config), (20 bytes).
    Removing stm32f4xx_tim.o(i.TIM_GenerateEvent), (4 bytes).
    Removing stm32f4xx_tim.o(i.TIM_GetCapture1), (4 bytes).
    Removing stm32f4xx_tim.o(i.TIM_GetCapture2), (4 bytes).
    Removing stm32f4xx_tim.o(i.TIM_GetCapture3), (4 bytes).
    Removing stm32f4xx_tim.o(i.TIM_GetCapture4), (4 bytes).
    Removing stm32f4xx_tim.o(i.TIM_GetCounter), (4 bytes).
    Removing stm32f4xx_tim.o(i.TIM_GetITStatus), (24 bytes).
    Removing stm32f4xx_tim.o(i.TIM_GetPrescaler), (4 bytes).
    Removing stm32f4xx_tim.o(i.TIM_ICInit), (172 bytes).
    Removing stm32f4xx_tim.o(i.TIM_ICStructInit), (16 bytes).
    Removing stm32f4xx_tim.o(i.TIM_ITRxExternalClockConfig), (18 bytes).
    Removing stm32f4xx_tim.o(i.TIM_InternalClockConfig), (10 bytes).
    Removing stm32f4xx_tim.o(i.TIM_OC1FastConfig), (12 bytes).
    Removing stm32f4xx_tim.o(i.TIM_OC1Init), (96 bytes).
    Removing stm32f4xx_tim.o(i.TIM_OC1NPolarityConfig), (12 bytes).
    Removing stm32f4xx_tim.o(i.TIM_OC1PolarityConfig), (12 bytes).
    Removing stm32f4xx_tim.o(i.TIM_OC1PreloadConfig), (12 bytes).
    Removing stm32f4xx_tim.o(i.TIM_OC2FastConfig), (20 bytes).
    Removing stm32f4xx_tim.o(i.TIM_OC2Init), (128 bytes).
    Removing stm32f4xx_tim.o(i.TIM_OC2NPolarityConfig), (20 bytes).
    Removing stm32f4xx_tim.o(i.TIM_OC2PolarityConfig), (20 bytes).
    Removing stm32f4xx_tim.o(i.TIM_OC2PreloadConfig), (20 bytes).
    Removing stm32f4xx_tim.o(i.TIM_OC3FastConfig), (12 bytes).
    Removing stm32f4xx_tim.o(i.TIM_OC3Init), (124 bytes).
    Removing stm32f4xx_tim.o(i.TIM_OC3NPolarityConfig), (20 bytes).
    Removing stm32f4xx_tim.o(i.TIM_OC3PolarityConfig), (20 bytes).
    Removing stm32f4xx_tim.o(i.TIM_OC3PreloadConfig), (12 bytes).
    Removing stm32f4xx_tim.o(i.TIM_OC4FastConfig), (20 bytes).
    Removing stm32f4xx_tim.o(i.TIM_OC4Init), (96 bytes).
    Removing stm32f4xx_tim.o(i.TIM_OC4PolarityConfig), (20 bytes).
    Removing stm32f4xx_tim.o(i.TIM_OC4PreloadConfig), (20 bytes).
    Removing stm32f4xx_tim.o(i.TIM_OCStructInit), (20 bytes).
    Removing stm32f4xx_tim.o(i.TIM_PWMIConfig), (108 bytes).
    Removing stm32f4xx_tim.o(i.TIM_PrescalerConfig), (6 bytes).
    Removing stm32f4xx_tim.o(i.TIM_RemapConfig), (6 bytes).
    Removing stm32f4xx_tim.o(i.TIM_SelectCCDMA), (20 bytes).
    Removing stm32f4xx_tim.o(i.TIM_SelectCOM), (20 bytes).
    Removing stm32f4xx_tim.o(i.TIM_SelectHallSensor), (20 bytes).
    Removing stm32f4xx_tim.o(i.TIM_SelectInputTrigger), (12 bytes).
    Removing stm32f4xx_tim.o(i.TIM_SelectMasterSlaveMode), (16 bytes).
    Removing stm32f4xx_tim.o(i.TIM_SelectOCxM), (74 bytes).
    Removing stm32f4xx_tim.o(i.TIM_SelectOnePulseMode), (16 bytes).
    Removing stm32f4xx_tim.o(i.TIM_SelectOutputTrigger), (16 bytes).
    Removing stm32f4xx_tim.o(i.TIM_SelectSlaveMode), (16 bytes).
    Removing stm32f4xx_tim.o(i.TIM_SetAutoreload), (4 bytes).
    Removing stm32f4xx_tim.o(i.TIM_SetClockDivision), (16 bytes).
    Removing stm32f4xx_tim.o(i.TIM_SetCompare1), (4 bytes).
    Removing stm32f4xx_tim.o(i.TIM_SetCompare2), (4 bytes).
    Removing stm32f4xx_tim.o(i.TIM_SetCompare3), (4 bytes).
    Removing stm32f4xx_tim.o(i.TIM_SetCompare4), (4 bytes).
    Removing stm32f4xx_tim.o(i.TIM_SetCounter), (4 bytes).
    Removing stm32f4xx_tim.o(i.TIM_SetIC1Prescaler), (16 bytes).
    Removing stm32f4xx_tim.o(i.TIM_SetIC2Prescaler), (24 bytes).
    Removing stm32f4xx_tim.o(i.TIM_SetIC3Prescaler), (16 bytes).
    Removing stm32f4xx_tim.o(i.TIM_SetIC4Prescaler), (24 bytes).
    Removing stm32f4xx_tim.o(i.TIM_TIxExternalClockConfig), (46 bytes).
    Removing stm32f4xx_tim.o(i.TIM_TimeBaseStructInit), (18 bytes).
    Removing stm32f4xx_tim.o(i.TIM_UpdateDisableConfig), (20 bytes).
    Removing stm32f4xx_tim.o(i.TIM_UpdateRequestConfig), (20 bytes).
    Removing stm32f4xx_usart.o(.rev16_text), (4 bytes).
    Removing stm32f4xx_usart.o(.revsh_text), (4 bytes).
    Removing stm32f4xx_usart.o(.rrx_text), (6 bytes).
    Removing stm32f4xx_usart.o(i.USART_ClockInit), (28 bytes).
    Removing stm32f4xx_usart.o(i.USART_ClockStructInit), (12 bytes).
    Removing stm32f4xx_usart.o(i.USART_DMACmd), (16 bytes).
    Removing stm32f4xx_usart.o(i.USART_DeInit), (172 bytes).
    Removing stm32f4xx_usart.o(i.USART_GetFlagStatus), (14 bytes).
    Removing stm32f4xx_usart.o(i.USART_HalfDuplexCmd), (20 bytes).
    Removing stm32f4xx_usart.o(i.USART_IrDACmd), (20 bytes).
    Removing stm32f4xx_usart.o(i.USART_IrDAConfig), (16 bytes).
    Removing stm32f4xx_usart.o(i.USART_LINBreakDetectLengthConfig), (16 bytes).
    Removing stm32f4xx_usart.o(i.USART_LINCmd), (20 bytes).
    Removing stm32f4xx_usart.o(i.USART_OneBitMethodCmd), (20 bytes).
    Removing stm32f4xx_usart.o(i.USART_OverSampling8Cmd), (20 bytes).
    Removing stm32f4xx_usart.o(i.USART_ReceiverWakeUpCmd), (20 bytes).
    Removing stm32f4xx_usart.o(i.USART_SendBreak), (10 bytes).
    Removing stm32f4xx_usart.o(i.USART_SetAddress), (16 bytes).
    Removing stm32f4xx_usart.o(i.USART_SetGuardTime), (16 bytes).
    Removing stm32f4xx_usart.o(i.USART_SetPrescaler), (16 bytes).
    Removing stm32f4xx_usart.o(i.USART_SmartCardCmd), (20 bytes).
    Removing stm32f4xx_usart.o(i.USART_SmartCardNACKCmd), (20 bytes).
    Removing stm32f4xx_usart.o(i.USART_StructInit), (22 bytes).
    Removing stm32f4xx_usart.o(i.USART_WakeUpConfig), (16 bytes).
    Removing stm32f4xx_wwdg.o(.rev16_text), (4 bytes).
    Removing stm32f4xx_wwdg.o(.revsh_text), (4 bytes).
    Removing stm32f4xx_wwdg.o(.rrx_text), (6 bytes).
    Removing stm32f4xx_wwdg.o(i.WWDG_ClearFlag), (12 bytes).
    Removing stm32f4xx_wwdg.o(i.WWDG_DeInit), (24 bytes).
    Removing stm32f4xx_wwdg.o(i.WWDG_Enable), (16 bytes).
    Removing stm32f4xx_wwdg.o(i.WWDG_EnableIT), (16 bytes).
    Removing stm32f4xx_wwdg.o(i.WWDG_GetFlagStatus), (20 bytes).
    Removing stm32f4xx_wwdg.o(i.WWDG_SetCounter), (16 bytes).
    Removing stm32f4xx_wwdg.o(i.WWDG_SetPrescaler), (20 bytes).
    Removing stm32f4xx_wwdg.o(i.WWDG_SetWindowValue), (28 bytes).
    Removing spi.o(.rev16_text), (4 bytes).
    Removing spi.o(.revsh_text), (4 bytes).
    Removing spi.o(.rrx_text), (6 bytes).
    Removing usart.o(.rev16_text), (4 bytes).
    Removing usart.o(.revsh_text), (4 bytes).
    Removing usart.o(.rrx_text), (6 bytes).
    Removing usart.o(i.USART2_Init), (192 bytes).
    Removing usart.o(i.fputc), (44 bytes).
    Removing delay.o(.rev16_text), (4 bytes).
    Removing delay.o(.revsh_text), (4 bytes).
    Removing delay.o(.rrx_text), (6 bytes).
    Removing oled.o(.rev16_text), (4 bytes).
    Removing oled.o(.revsh_text), (4 bytes).
    Removing oled.o(.rrx_text), (6 bytes).
    Removing oled.o(i.Boot_Animation), (304 bytes).
    Removing oled.o(i.OLED_Data2GRAM), (56 bytes).
    Removing oled.o(i.OLED_Draw_Circle), (176 bytes).
    Removing oled.o(i.OLED_Draw_FullCircle), (254 bytes).
    Removing oled.o(i.OLED_Draw_Line), (148 bytes).
    Removing oled.o(i.OLED_Draw_Point), (48 bytes).
    Removing oled.o(i.OLED_ScrollStart), (6 bytes).
    Removing oled.o(i.OLED_ScrollStop), (6 bytes).
    Removing oled.o(i.OLED_Scroll_LR), (70 bytes).
    Removing oled.o(i.OLED_Scroll_Vx), (66 bytes).
    Removing oled.o(i.OLED_SetContrast), (20 bytes).
    Removing oled.o(i.OLED_SetScanFre), (26 bytes).
    Removing oled.o(i.OLED_SetTwinkMode), (24 bytes).
    Removing oled.o(i.OLED_ShowChar), (60 bytes).
    Removing oled.o(i.OLED_ShowStrings), (132 bytes).
    Removing oled.o(i.OLED_TurnOFF), (24 bytes).
    Removing oled.o(i.OLED_TurnON), (24 bytes).
    Removing oled.o(i.power_on_check_display), (68 bytes).
    Removing oled.o(i.tempure_unit), (12 bytes).
    Removing oled.o(i.windows_open), (44 bytes).
    Removing oled.o(.data), (1538 bytes).
    Removing rtc.o(.rev16_text), (4 bytes).
    Removing rtc.o(.revsh_text), (4 bytes).
    Removing rtc.o(.rrx_text), (6 bytes).
    Removing rtc.o(i.RTC_ConfigInit), (132 bytes).
    Removing rtc.o(i.RTC_Get_Date), (38 bytes).
    Removing rtc.o(i.RTC_Get_Time), (32 bytes).
    Removing rtc.o(i.RTC_Set_Date), (28 bytes).
    Removing rtc.o(i.RTC_Set_Time), (30 bytes).
    Removing rtc.o(.constdata), (7 bytes).
    Removing rtc.o(.data), (7 bytes).
    Removing led.o(.rev16_text), (4 bytes).
    Removing led.o(.revsh_text), (4 bytes).
    Removing led.o(.rrx_text), (6 bytes).
    Removing rng.o(.rev16_text), (4 bytes).
    Removing rng.o(.revsh_text), (4 bytes).
    Removing rng.o(.rrx_text), (6 bytes).
    Removing rng.o(i.RHG_GetRadomData), (48 bytes).
    Removing rng.o(i.RNG_Init), (20 bytes).
    Removing rng.o(.data), (4 bytes).
    Removing exti.o(.rev16_text), (4 bytes).
    Removing exti.o(.revsh_text), (4 bytes).
    Removing exti.o(.rrx_text), (6 bytes).
    Removing exti.o(i.exti_init), (264 bytes).
    Removing at24c08.o(.rev16_text), (4 bytes).
    Removing at24c08.o(.revsh_text), (4 bytes).
    Removing at24c08.o(.rrx_text), (6 bytes).
    Removing at24c08.o(i.AT24C08Read_Byte), (64 bytes).
    Removing at24c08.o(i.AT24C08Read_NBytes), (40 bytes).
    Removing at24c08.o(i.AT24C08Write_Byte), (56 bytes).
    Removing at24c08.o(i.AT24C08Write_NBytes), (40 bytes).
    Removing at24c08.o(i.AT24C08_init), (4 bytes).
    Removing i2c.o(.rev16_text), (4 bytes).
    Removing i2c.o(.revsh_text), (4 bytes).
    Removing i2c.o(.rrx_text), (6 bytes).
    Removing i2c.o(i.IIC_GetByte), (104 bytes).
    Removing i2c.o(i.IIC_Init), (52 bytes).
    Removing i2c.o(i.IIC_Send_Ack), (72 bytes).
    Removing i2c.o(i.IIC_Send_NAck), (72 bytes).
    Removing i2c.o(i.IIC_SenddByte), (104 bytes).
    Removing i2c.o(i.IIC_Wait_Ack_OK), (92 bytes).
    Removing i2c.o(i.Pin_in2out), (44 bytes).
    Removing i2c.o(i.Pin_out2in), (44 bytes).
    Removing i2c.o(i.Start_IIC), (68 bytes).
    Removing i2c.o(i.Stop_IIC), (72 bytes).
    Removing code_run_time.o(.rev16_text), (4 bytes).
    Removing code_run_time.o(.revsh_text), (4 bytes).
    Removing code_run_time.o(.rrx_text), (6 bytes).
    Removing code_run_time.o(i.Programe_End_Ms), (48 bytes).
    Removing code_run_time.o(i.Programe_End_Us), (40 bytes).
    Removing code_run_time.o(i.Programe_Start), (88 bytes).
    Removing code_run_time.o(i.Show_RunTime), (32 bytes).
    Removing dma.o(.rev16_text), (4 bytes).
    Removing dma.o(.revsh_text), (4 bytes).
    Removing dma.o(.rrx_text), (6 bytes).
    Removing dma.o(i.DMA1_ConfigInit), (136 bytes).
    Removing dma.o(i.DMA2_ConfigInit), (152 bytes).
    Removing dma.o(.bss), (512 bytes).
    Removing sdio_sdcard.o(.rev16_text), (4 bytes).
    Removing sdio_sdcard.o(.revsh_text), (4 bytes).
    Removing sdio_sdcard.o(.rrx_text), (6 bytes).
    Removing sdio_sdcard.o(i.CmdError), (42 bytes).
    Removing sdio_sdcard.o(i.CmdResp2Error), (72 bytes).
    Removing sdio_sdcard.o(i.CmdResp3Error), (48 bytes).
    Removing sdio_sdcard.o(i.CmdResp6Error), (124 bytes).
    Removing sdio_sdcard.o(i.CmdResp7Error), (60 bytes).
    Removing sdio_sdcard.o(i.FindSCR), (324 bytes).
    Removing sdio_sdcard.o(i.IsCardProgramming), (148 bytes).
    Removing sdio_sdcard.o(i.SDEnWideBus), (140 bytes).
    Removing sdio_sdcard.o(i.SDIO_Clock_Set), (20 bytes).
    Removing sdio_sdcard.o(i.SDIO_Register_Deinit), (56 bytes).
    Removing sdio_sdcard.o(i.SD_DMA_Config), (120 bytes).
    Removing sdio_sdcard.o(i.SD_EnableWideBusOperation), (76 bytes).
    Removing sdio_sdcard.o(i.SD_GetCardInfo), (504 bytes).
    Removing sdio_sdcard.o(i.SD_GetState), (26 bytes).
    Removing sdio_sdcard.o(i.SD_Init), (280 bytes).
    Removing sdio_sdcard.o(i.SD_InitializeCards), (284 bytes).
    Removing sdio_sdcard.o(i.SD_PowerOFF), (12 bytes).
    Removing sdio_sdcard.o(i.SD_PowerON), (420 bytes).
    Removing sdio_sdcard.o(i.SD_ReadBlock), (536 bytes).
    Removing sdio_sdcard.o(i.SD_ReadDisk), (120 bytes).
    Removing sdio_sdcard.o(i.SD_ReadMultiBlocks), (608 bytes).
    Removing sdio_sdcard.o(i.SD_SelectDeselect), (44 bytes).
    Removing sdio_sdcard.o(i.SD_SendStatus), (72 bytes).
    Removing sdio_sdcard.o(i.SD_SetDeviceMode), (24 bytes).
    Removing sdio_sdcard.o(i.SD_ShowInfomation), (104 bytes).
    Removing sdio_sdcard.o(i.SD_WriteBlock), (720 bytes).
    Removing sdio_sdcard.o(i.SD_WriteDisk), (112 bytes).
    Removing sdio_sdcard.o(i.SD_WriteMultiBlocks), (772 bytes).
    Removing sdio_sdcard.o(i.convert_from_bytes_to_power_of_two), (18 bytes).
    Removing lcd1602.o(.rev16_text), (4 bytes).
    Removing lcd1602.o(.revsh_text), (4 bytes).
    Removing lcd1602.o(.rrx_text), (6 bytes).
    Removing lcd1602.o(i.lcd1602_init), (40 bytes).
    Removing lcd1602.o(i.lcd_GPIO_init), (52 bytes).
    Removing lcd1602.o(i.lcd_write_data), (60 bytes).
    Removing lcd1602.o(i.lcd_write_order), (60 bytes).
    Removing systemstate.o(.rev16_text), (4 bytes).
    Removing systemstate.o(.revsh_text), (4 bytes).
    Removing systemstate.o(.rrx_text), (6 bytes).
    Removing test.o(.rev16_text), (4 bytes).
    Removing test.o(.revsh_text), (4 bytes).
    Removing test.o(.rrx_text), (6 bytes).
    Removing test.o(i.AT24C08_Test), (300 bytes).
    Removing test.o(i.OLED_Test), (52 bytes).
    Removing test.o(i.RNG_Test), (2 bytes).
    Removing test.o(i.RTC_Test), (96 bytes).
    Removing test.o(i.SDIO_Test), (132 bytes).
    Removing test.o(i.SD_Test), (128 bytes).
    Removing test.o(.bss), (3072 bytes).
    Removing timer.o(.rev16_text), (4 bytes).
    Removing timer.o(.revsh_text), (4 bytes).
    Removing timer.o(.rrx_text), (6 bytes).
    Removing fileoperate.o(.rev16_text), (4 bytes).
    Removing fileoperate.o(.revsh_text), (4 bytes).
    Removing fileoperate.o(.rrx_text), (6 bytes).
    Removing fileoperate.o(i.File_CloseDir), (12 bytes).
    Removing fileoperate.o(i.File_CreateFAT), (32 bytes).
    Removing fileoperate.o(i.File_CreateNewFile), (52 bytes).
    Removing fileoperate.o(i.File_Delete), (4 bytes).
    Removing fileoperate.o(i.File_FATFSInit), (60 bytes).
    Removing fileoperate.o(i.File_GetFileNameList), (2 bytes).
    Removing fileoperate.o(i.File_GetFileSize), (20 bytes).
    Removing fileoperate.o(i.File_Mkdir), (4 bytes).
    Removing fileoperate.o(i.File_MountDisk), (16 bytes).
    Removing fileoperate.o(i.File_OpenDir), (12 bytes).
    Removing fileoperate.o(i.File_ReadData), (68 bytes).
    Removing fileoperate.o(i.File_Rename), (4 bytes).
    Removing fileoperate.o(i.File_ScanIndex), (4 bytes).
    Removing fileoperate.o(i.File_UmountDiak), (10 bytes).
    Removing fileoperate.o(i.File_WriteData), (68 bytes).
    Removing fileoperate.o(.bss), (1172 bytes).
    Removing fileoperate.o(.data), (4 bytes).
    Removing diskio.o(.rev16_text), (4 bytes).
    Removing diskio.o(.revsh_text), (4 bytes).
    Removing diskio.o(.rrx_text), (6 bytes).
    Removing diskio.o(i.disk_initialize), (30 bytes).
    Removing diskio.o(i.disk_ioctl), (88 bytes).
    Removing diskio.o(i.disk_read), (42 bytes).
    Removing diskio.o(i.disk_status), (20 bytes).
    Removing diskio.o(i.disk_write), (42 bytes).
    Removing ff.o(i.check_fs), (108 bytes).
    Removing ff.o(i.chk_chr), (16 bytes).
    Removing ff.o(i.clmt_clust), (36 bytes).
    Removing ff.o(i.clst2sect), (24 bytes).
    Removing ff.o(i.cmp_lfn), (132 bytes).
    Removing ff.o(i.create_chain), (220 bytes).
    Removing ff.o(i.create_name), (528 bytes).
    Removing ff.o(i.dbc_1st), (16 bytes).
    Removing ff.o(i.dir_clear), (90 bytes).
    Removing ff.o(i.dir_find), (194 bytes).
    Removing ff.o(i.dir_next), (172 bytes).
    Removing ff.o(i.dir_read), (180 bytes).
    Removing ff.o(i.dir_register), (472 bytes).
    Removing ff.o(i.dir_remove), (78 bytes).
    Removing ff.o(i.dir_sdi), (130 bytes).
    Removing ff.o(i.f_close), (30 bytes).
    Removing ff.o(i.f_closedir), (20 bytes).
    Removing ff.o(i.f_findfirst), (32 bytes).
    Removing ff.o(i.f_findnext), (52 bytes).
    Removing ff.o(i.f_getfree), (198 bytes).
    Removing ff.o(i.f_lseek), (510 bytes).
    Removing ff.o(i.f_mkdir), (260 bytes).
    Removing ff.o(i.f_mkfs), (1356 bytes).
    Removing ff.o(i.f_mount), (72 bytes).
    Removing ff.o(i.f_open), (416 bytes).
    Removing ff.o(i.f_opendir), (98 bytes).
    Removing ff.o(i.f_read), (326 bytes).
    Removing ff.o(i.f_readdir), (64 bytes).
    Removing ff.o(i.f_rename), (254 bytes).
    Removing ff.o(i.f_stat), (60 bytes).
    Removing ff.o(i.f_sync), (138 bytes).
    Removing ff.o(i.f_truncate), (162 bytes).
    Removing ff.o(i.f_unlink), (148 bytes).
    Removing ff.o(i.f_write), (380 bytes).
    Removing ff.o(i.find_volume), (608 bytes).
    Removing ff.o(i.follow_path), (118 bytes).
    Removing ff.o(i.gen_numname), (144 bytes).
    Removing ff.o(i.get_achar), (20 bytes).
    Removing ff.o(i.get_fat), (190 bytes).
    Removing ff.o(i.get_fattime), (4 bytes).
    Removing ff.o(i.get_fileinfo), (362 bytes).
    Removing ff.o(i.get_ldnumber), (54 bytes).
    Removing ff.o(i.ld_clust), (38 bytes).
    Removing ff.o(i.ld_dword), (22 bytes).
    Removing ff.o(i.ld_word), (10 bytes).
    Removing ff.o(i.mem_cmp), (24 bytes).
    Removing ff.o(i.mem_cpy), (18 bytes).
    Removing ff.o(i.mem_set), (12 bytes).
    Removing ff.o(i.move_window), (50 bytes).
    Removing ff.o(i.pattern_matching), (144 bytes).
    Removing ff.o(i.pick_lfn), (112 bytes).
    Removing ff.o(i.put_fat), (234 bytes).
    Removing ff.o(i.put_utf), (180 bytes).
    Removing ff.o(i.remove_chain), (116 bytes).
    Removing ff.o(i.st_clust), (40 bytes).
    Removing ff.o(i.st_dword), (16 bytes).
    Removing ff.o(i.st_word), (8 bytes).
    Removing ff.o(i.sum_sfn), (26 bytes).
    Removing ff.o(i.sync_fs), (136 bytes).
    Removing ff.o(i.sync_window), (70 bytes).
    Removing ff.o(i.tchar2uni), (148 bytes).
    Removing ff.o(i.validate), (52 bytes).
    Removing ff.o(.bss), (532 bytes).
    Removing ff.o(.constdata), (42 bytes).
    Removing ff.o(.constdata), (10 bytes).
    Removing ff.o(.data), (2 bytes).
    Removing ffunicode.o(i.ff_oem2uni), (76 bytes).
    Removing ffunicode.o(i.ff_uni2oem), (80 bytes).
    Removing ffunicode.o(i.ff_wtoupper), (136 bytes).
    Removing ffunicode.o(.constdata), (175030 bytes).
    Removing dadd.o(.text), (334 bytes).
    Removing dmul.o(.text), (228 bytes).
    Removing dflti.o(.text), (34 bytes).
    Removing dfltui.o(.text), (26 bytes).
    Removing dfixui.o(.text), (50 bytes).
    Removing depilogue.o(.text), (186 bytes).
    Removing ddiv.o(.text), (222 bytes).
    Removing dneg.o(.text), (6 bytes).
    Removing dscalb.o(.text), (46 bytes).
    Removing dsqrt.o(.text), (162 bytes).
    Removing dfixul.o(.text), (48 bytes).
    Removing cdcmple.o(.text), (48 bytes).
    Removing cdrcmple.o(.text), (48 bytes).

1057 unused section(s) (total 234732 bytes) removed from the image.

==============================================================================

Image Symbol Table

    Local Symbols

    Symbol Name                              Value     Ov Type        Size  Object(Section)

    ../clib/microlib/division.c              0x00000000   Number         0  uidiv.o ABSOLUTE
    ../clib/microlib/division.c              0x00000000   Number         0  uldiv.o ABSOLUTE
    ../clib/microlib/errno.c                 0x00000000   Number         0  errno.o ABSOLUTE
    ../clib/microlib/init/entry.s            0x00000000   Number         0  entry2.o ABSOLUTE
    ../clib/microlib/init/entry.s            0x00000000   Number         0  entry5.o ABSOLUTE
    ../clib/microlib/init/entry.s            0x00000000   Number         0  entry7a.o ABSOLUTE
    ../clib/microlib/init/entry.s            0x00000000   Number         0  entry8a.o ABSOLUTE
    ../clib/microlib/init/entry.s            0x00000000   Number         0  entry8b.o ABSOLUTE
    ../clib/microlib/init/entry.s            0x00000000   Number         0  entry7b.o ABSOLUTE
    ../clib/microlib/init/entry.s            0x00000000   Number         0  entry9a.o ABSOLUTE
    ../clib/microlib/init/entry.s            0x00000000   Number         0  entry9b.o ABSOLUTE
    ../clib/microlib/init/entry.s            0x00000000   Number         0  entry10a.o ABSOLUTE
    ../clib/microlib/init/entry.s            0x00000000   Number         0  entry10b.o ABSOLUTE
    ../clib/microlib/init/entry.s            0x00000000   Number         0  entry11a.o ABSOLUTE
    ../clib/microlib/init/entry.s            0x00000000   Number         0  entry11b.o ABSOLUTE
    ../clib/microlib/init/entry.s            0x00000000   Number         0  entry.o ABSOLUTE
    ../clib/microlib/longlong.c              0x00000000   Number         0  llshl.o ABSOLUTE
    ../clib/microlib/longlong.c              0x00000000   Number         0  llushr.o ABSOLUTE
    ../clib/microlib/longlong.c              0x00000000   Number         0  llsshr.o ABSOLUTE
    ../clib/microlib/printf/printf.c         0x00000000   Number         0  printf0.o ABSOLUTE
    ../clib/microlib/printf/printf.c         0x00000000   Number         0  printfb.o ABSOLUTE
    ../clib/microlib/printf/printf.c         0x00000000   Number         0  printfa.o ABSOLUTE
    ../clib/microlib/printf/printf.c         0x00000000   Number         0  printf8.o ABSOLUTE
    ../clib/microlib/printf/printf.c         0x00000000   Number         0  printf6.o ABSOLUTE
    ../clib/microlib/printf/printf.c         0x00000000   Number         0  printf5.o ABSOLUTE
    ../clib/microlib/printf/printf.c         0x00000000   Number         0  printf4.o ABSOLUTE
    ../clib/microlib/printf/printf.c         0x00000000   Number         0  printf3.o ABSOLUTE
    ../clib/microlib/printf/printf.c         0x00000000   Number         0  printf2.o ABSOLUTE
    ../clib/microlib/printf/printf.c         0x00000000   Number         0  printf1.o ABSOLUTE
    ../clib/microlib/printf/printf.c         0x00000000   Number         0  printf7.o ABSOLUTE
    ../clib/microlib/printf/stubs.s          0x00000000   Number         0  stubs.o ABSOLUTE
    ../clib/microlib/stdio/streams.c         0x00000000   Number         0  stdout.o ABSOLUTE
    ../clib/microlib/string/memcpy.c         0x00000000   Number         0  memcpyb.o ABSOLUTE
    ../clib/microlib/string/memcpy.c         0x00000000   Number         0  memcpya.o ABSOLUTE
    ../clib/microlib/string/memset.c         0x00000000   Number         0  memseta.o ABSOLUTE
    ../clib/microlib/stubs.s                 0x00000000   Number         0  iusefp.o ABSOLUTE
    ../fplib/microlib/fpadd.c                0x00000000   Number         0  dadd.o ABSOLUTE
    ../fplib/microlib/fpdiv.c                0x00000000   Number         0  ddiv.o ABSOLUTE
    ../fplib/microlib/fpepilogue.c           0x00000000   Number         0  depilogue.o ABSOLUTE
    ../fplib/microlib/fpfix.c                0x00000000   Number         0  dfixui.o ABSOLUTE
    ../fplib/microlib/fpfix.c                0x00000000   Number         0  dfixul.o ABSOLUTE
    ../fplib/microlib/fpflt.c                0x00000000   Number         0  dflti.o ABSOLUTE
    ../fplib/microlib/fpflt.c                0x00000000   Number         0  dfltui.o ABSOLUTE
    ../fplib/microlib/fpmul.c                0x00000000   Number         0  dmul.o ABSOLUTE
    ../fplib/microlib/fpneg.c                0x00000000   Number         0  dneg.o ABSOLUTE
    ../fplib/microlib/fpscalb.c              0x00000000   Number         0  dscalb.o ABSOLUTE
    ../fplib/microlib/fpsqrt.c               0x00000000   Number         0  dsqrt.o ABSOLUTE
    ../mathlib/dunder.c                      0x00000000   Number         0  dunder.o ABSOLUTE
    ../mathlib/fabs.c                        0x00000000   Number         0  fabs.o ABSOLUTE
    ../mathlib/fpclassify.c                  0x00000000   Number         0  fpclassify.o ABSOLUTE
    ../mathlib/poly.c                        0x00000000   Number         0  poly.o ABSOLUTE
    ../mathlib/pow.c                         0x00000000   Number         0  pow_x.o ABSOLUTE
    ../mathlib/pow.c                         0x00000000   Number         0  pow.o ABSOLUTE
    ../mathlib/qnan.c                        0x00000000   Number         0  qnan.o ABSOLUTE
    ../mathlib/sqrt.c                        0x00000000   Number         0  sqrt_x.o ABSOLUTE
    ../mathlib/sqrt.c                        0x00000000   Number         0  sqrt.o ABSOLUTE
    ..\CMSIS\startup_stm32f40_41xxx.s        0x00000000   Number         0  startup_stm32f40_41xxx.o ABSOLUTE
    ..\SD\diskio.c                           0x00000000   Number         0  diskio.o ABSOLUTE
    ..\SD\ff.c                               0x00000000   Number         0  ff.o ABSOLUTE
    ..\SD\ffsystem.c                         0x00000000   Number         0  ffsystem.o ABSOLUTE
    ..\SD\ffunicode.c                        0x00000000   Number         0  ffunicode.o ABSOLUTE
    ..\\SD\\diskio.c                         0x00000000   Number         0  diskio.o ABSOLUTE
    ..\\drive\\AT24C08.c                     0x00000000   Number         0  at24c08.o ABSOLUTE
    ..\\drive\\CODE_RUN_TIME.c               0x00000000   Number         0  code_run_time.o ABSOLUTE
    ..\\drive\\DMA.c                         0x00000000   Number         0  dma.o ABSOLUTE
    ..\\drive\\FileOperate.c                 0x00000000   Number         0  fileoperate.o ABSOLUTE
    ..\\drive\\RNG.c                         0x00000000   Number         0  rng.o ABSOLUTE
    ..\\drive\\RTC.c                         0x00000000   Number         0  rtc.o ABSOLUTE
    ..\\drive\\SystemState.c                 0x00000000   Number         0  systemstate.o ABSOLUTE
    ..\\drive\\TEST.c                        0x00000000   Number         0  test.o ABSOLUTE
    ..\\drive\\Timer.c                       0x00000000   Number         0  timer.o ABSOLUTE
    ..\\drive\\delay.c                       0x00000000   Number         0  delay.o ABSOLUTE
    ..\\drive\\exti.c                        0x00000000   Number         0  exti.o ABSOLUTE
    ..\\drive\\i2c.c                         0x00000000   Number         0  i2c.o ABSOLUTE
    ..\\drive\\lcd1602.c                     0x00000000   Number         0  lcd1602.o ABSOLUTE
    ..\\drive\\led.c                         0x00000000   Number         0  led.o ABSOLUTE
    ..\\drive\\oled.c                        0x00000000   Number         0  oled.o ABSOLUTE
    ..\\drive\\sdio_sdcard.c                 0x00000000   Number         0  sdio_sdcard.o ABSOLUTE
    ..\\drive\\spi.c                         0x00000000   Number         0  spi.o ABSOLUTE
    ..\\drive\\usart.c                       0x00000000   Number         0  usart.o ABSOLUTE
    ..\\lib\\src\\misc.c                     0x00000000   Number         0  misc.o ABSOLUTE
    ..\\lib\\src\\stm32f4xx_adc.c            0x00000000   Number         0  stm32f4xx_adc.o ABSOLUTE
    ..\\lib\\src\\stm32f4xx_can.c            0x00000000   Number         0  stm32f4xx_can.o ABSOLUTE
    ..\\lib\\src\\stm32f4xx_cec.c            0x00000000   Number         0  stm32f4xx_cec.o ABSOLUTE
    ..\\lib\\src\\stm32f4xx_crc.c            0x00000000   Number         0  stm32f4xx_crc.o ABSOLUTE
    ..\\lib\\src\\stm32f4xx_cryp.c           0x00000000   Number         0  stm32f4xx_cryp.o ABSOLUTE
    ..\\lib\\src\\stm32f4xx_cryp_aes.c       0x00000000   Number         0  stm32f4xx_cryp_aes.o ABSOLUTE
    ..\\lib\\src\\stm32f4xx_cryp_des.c       0x00000000   Number         0  stm32f4xx_cryp_des.o ABSOLUTE
    ..\\lib\\src\\stm32f4xx_cryp_tdes.c      0x00000000   Number         0  stm32f4xx_cryp_tdes.o ABSOLUTE
    ..\\lib\\src\\stm32f4xx_dac.c            0x00000000   Number         0  stm32f4xx_dac.o ABSOLUTE
    ..\\lib\\src\\stm32f4xx_dbgmcu.c         0x00000000   Number         0  stm32f4xx_dbgmcu.o ABSOLUTE
    ..\\lib\\src\\stm32f4xx_dcmi.c           0x00000000   Number         0  stm32f4xx_dcmi.o ABSOLUTE
    ..\\lib\\src\\stm32f4xx_dfsdm.c          0x00000000   Number         0  stm32f4xx_dfsdm.o ABSOLUTE
    ..\\lib\\src\\stm32f4xx_dma.c            0x00000000   Number         0  stm32f4xx_dma.o ABSOLUTE
    ..\\lib\\src\\stm32f4xx_dma2d.c          0x00000000   Number         0  stm32f4xx_dma2d.o ABSOLUTE
    ..\\lib\\src\\stm32f4xx_dsi.c            0x00000000   Number         0  stm32f4xx_dsi.o ABSOLUTE
    ..\\lib\\src\\stm32f4xx_exti.c           0x00000000   Number         0  stm32f4xx_exti.o ABSOLUTE
    ..\\lib\\src\\stm32f4xx_flash.c          0x00000000   Number         0  stm32f4xx_flash.o ABSOLUTE
    ..\\lib\\src\\stm32f4xx_flash_ramfunc.c  0x00000000   Number         0  stm32f4xx_flash_ramfunc.o ABSOLUTE
    ..\\lib\\src\\stm32f4xx_fmpi2c.c         0x00000000   Number         0  stm32f4xx_fmpi2c.o ABSOLUTE
    ..\\lib\\src\\stm32f4xx_fsmc.c           0x00000000   Number         0  stm32f4xx_fsmc.o ABSOLUTE
    ..\\lib\\src\\stm32f4xx_gpio.c           0x00000000   Number         0  stm32f4xx_gpio.o ABSOLUTE
    ..\\lib\\src\\stm32f4xx_hash.c           0x00000000   Number         0  stm32f4xx_hash.o ABSOLUTE
    ..\\lib\\src\\stm32f4xx_hash_md5.c       0x00000000   Number         0  stm32f4xx_hash_md5.o ABSOLUTE
    ..\\lib\\src\\stm32f4xx_hash_sha1.c      0x00000000   Number         0  stm32f4xx_hash_sha1.o ABSOLUTE
    ..\\lib\\src\\stm32f4xx_i2c.c            0x00000000   Number         0  stm32f4xx_i2c.o ABSOLUTE
    ..\\lib\\src\\stm32f4xx_iwdg.c           0x00000000   Number         0  stm32f4xx_iwdg.o ABSOLUTE
    ..\\lib\\src\\stm32f4xx_lptim.c          0x00000000   Number         0  stm32f4xx_lptim.o ABSOLUTE
    ..\\lib\\src\\stm32f4xx_ltdc.c           0x00000000   Number         0  stm32f4xx_ltdc.o ABSOLUTE
    ..\\lib\\src\\stm32f4xx_pwr.c            0x00000000   Number         0  stm32f4xx_pwr.o ABSOLUTE
    ..\\lib\\src\\stm32f4xx_qspi.c           0x00000000   Number         0  stm32f4xx_qspi.o ABSOLUTE
    ..\\lib\\src\\stm32f4xx_rcc.c            0x00000000   Number         0  stm32f4xx_rcc.o ABSOLUTE
    ..\\lib\\src\\stm32f4xx_rng.c            0x00000000   Number         0  stm32f4xx_rng.o ABSOLUTE
    ..\\lib\\src\\stm32f4xx_rtc.c            0x00000000   Number         0  stm32f4xx_rtc.o ABSOLUTE
    ..\\lib\\src\\stm32f4xx_sai.c            0x00000000   Number         0  stm32f4xx_sai.o ABSOLUTE
    ..\\lib\\src\\stm32f4xx_sdio.c           0x00000000   Number         0  stm32f4xx_sdio.o ABSOLUTE
    ..\\lib\\src\\stm32f4xx_spdifrx.c        0x00000000   Number         0  stm32f4xx_spdifrx.o ABSOLUTE
    ..\\lib\\src\\stm32f4xx_spi.c            0x00000000   Number         0  stm32f4xx_spi.o ABSOLUTE
    ..\\lib\\src\\stm32f4xx_syscfg.c         0x00000000   Number         0  stm32f4xx_syscfg.o ABSOLUTE
    ..\\lib\\src\\stm32f4xx_tim.c            0x00000000   Number         0  stm32f4xx_tim.o ABSOLUTE
    ..\\lib\\src\\stm32f4xx_usart.c          0x00000000   Number         0  stm32f4xx_usart.o ABSOLUTE
    ..\\lib\\src\\stm32f4xx_wwdg.c           0x00000000   Number         0  stm32f4xx_wwdg.o ABSOLUTE
    ..\\user\\main.c                         0x00000000   Number         0  main.o ABSOLUTE
    ..\\user\\stm32f4xx_it.c                 0x00000000   Number         0  stm32f4xx_it.o ABSOLUTE
    ..\\user\\system_stm32f4xx.c             0x00000000   Number         0  system_stm32f4xx.o ABSOLUTE
    ..\drive\AT24C08.c                       0x00000000   Number         0  at24c08.o ABSOLUTE
    ..\drive\CODE_RUN_TIME.c                 0x00000000   Number         0  code_run_time.o ABSOLUTE
    ..\drive\DMA.c                           0x00000000   Number         0  dma.o ABSOLUTE
    ..\drive\FileOperate.c                   0x00000000   Number         0  fileoperate.o ABSOLUTE
    ..\drive\GUI.c                           0x00000000   Number         0  gui.o ABSOLUTE
    ..\drive\RNG.c                           0x00000000   Number         0  rng.o ABSOLUTE
    ..\drive\RTC.c                           0x00000000   Number         0  rtc.o ABSOLUTE
    ..\drive\SystemState.c                   0x00000000   Number         0  systemstate.o ABSOLUTE
    ..\drive\TEST.c                          0x00000000   Number         0  test.o ABSOLUTE
    ..\drive\Timer.c                         0x00000000   Number         0  timer.o ABSOLUTE
    ..\drive\delay.c                         0x00000000   Number         0  delay.o ABSOLUTE
    ..\drive\exti.c                          0x00000000   Number         0  exti.o ABSOLUTE
    ..\drive\i2c.c                           0x00000000   Number         0  i2c.o ABSOLUTE
    ..\drive\lcd1602.c                       0x00000000   Number         0  lcd1602.o ABSOLUTE
    ..\drive\led.c                           0x00000000   Number         0  led.o ABSOLUTE
    ..\drive\oled.c                          0x00000000   Number         0  oled.o ABSOLUTE
    ..\drive\sdio_sdcard.c                   0x00000000   Number         0  sdio_sdcard.o ABSOLUTE
    ..\drive\spi.c                           0x00000000   Number         0  spi.o ABSOLUTE
    ..\drive\usart.c                         0x00000000   Number         0  usart.o ABSOLUTE
    ..\lib\src\misc.c                        0x00000000   Number         0  misc.o ABSOLUTE
    ..\lib\src\stm32f4xx_adc.c               0x00000000   Number         0  stm32f4xx_adc.o ABSOLUTE
    ..\lib\src\stm32f4xx_can.c               0x00000000   Number         0  stm32f4xx_can.o ABSOLUTE
    ..\lib\src\stm32f4xx_cec.c               0x00000000   Number         0  stm32f4xx_cec.o ABSOLUTE
    ..\lib\src\stm32f4xx_crc.c               0x00000000   Number         0  stm32f4xx_crc.o ABSOLUTE
    ..\lib\src\stm32f4xx_cryp.c              0x00000000   Number         0  stm32f4xx_cryp.o ABSOLUTE
    ..\lib\src\stm32f4xx_cryp_aes.c          0x00000000   Number         0  stm32f4xx_cryp_aes.o ABSOLUTE
    ..\lib\src\stm32f4xx_cryp_des.c          0x00000000   Number         0  stm32f4xx_cryp_des.o ABSOLUTE
    ..\lib\src\stm32f4xx_cryp_tdes.c         0x00000000   Number         0  stm32f4xx_cryp_tdes.o ABSOLUTE
    ..\lib\src\stm32f4xx_dac.c               0x00000000   Number         0  stm32f4xx_dac.o ABSOLUTE
    ..\lib\src\stm32f4xx_dbgmcu.c            0x00000000   Number         0  stm32f4xx_dbgmcu.o ABSOLUTE
    ..\lib\src\stm32f4xx_dcmi.c              0x00000000   Number         0  stm32f4xx_dcmi.o ABSOLUTE
    ..\lib\src\stm32f4xx_dfsdm.c             0x00000000   Number         0  stm32f4xx_dfsdm.o ABSOLUTE
    ..\lib\src\stm32f4xx_dma.c               0x00000000   Number         0  stm32f4xx_dma.o ABSOLUTE
    ..\lib\src\stm32f4xx_dma2d.c             0x00000000   Number         0  stm32f4xx_dma2d.o ABSOLUTE
    ..\lib\src\stm32f4xx_dsi.c               0x00000000   Number         0  stm32f4xx_dsi.o ABSOLUTE
    ..\lib\src\stm32f4xx_exti.c              0x00000000   Number         0  stm32f4xx_exti.o ABSOLUTE
    ..\lib\src\stm32f4xx_flash.c             0x00000000   Number         0  stm32f4xx_flash.o ABSOLUTE
    ..\lib\src\stm32f4xx_flash_ramfunc.c     0x00000000   Number         0  stm32f4xx_flash_ramfunc.o ABSOLUTE
    ..\lib\src\stm32f4xx_fmpi2c.c            0x00000000   Number         0  stm32f4xx_fmpi2c.o ABSOLUTE
    ..\lib\src\stm32f4xx_fsmc.c              0x00000000   Number         0  stm32f4xx_fsmc.o ABSOLUTE
    ..\lib\src\stm32f4xx_gpio.c              0x00000000   Number         0  stm32f4xx_gpio.o ABSOLUTE
    ..\lib\src\stm32f4xx_hash.c              0x00000000   Number         0  stm32f4xx_hash.o ABSOLUTE
    ..\lib\src\stm32f4xx_hash_md5.c          0x00000000   Number         0  stm32f4xx_hash_md5.o ABSOLUTE
    ..\lib\src\stm32f4xx_hash_sha1.c         0x00000000   Number         0  stm32f4xx_hash_sha1.o ABSOLUTE
    ..\lib\src\stm32f4xx_i2c.c               0x00000000   Number         0  stm32f4xx_i2c.o ABSOLUTE
    ..\lib\src\stm32f4xx_iwdg.c              0x00000000   Number         0  stm32f4xx_iwdg.o ABSOLUTE
    ..\lib\src\stm32f4xx_lptim.c             0x00000000   Number         0  stm32f4xx_lptim.o ABSOLUTE
    ..\lib\src\stm32f4xx_ltdc.c              0x00000000   Number         0  stm32f4xx_ltdc.o ABSOLUTE
    ..\lib\src\stm32f4xx_pwr.c               0x00000000   Number         0  stm32f4xx_pwr.o ABSOLUTE
    ..\lib\src\stm32f4xx_qspi.c              0x00000000   Number         0  stm32f4xx_qspi.o ABSOLUTE
    ..\lib\src\stm32f4xx_rcc.c               0x00000000   Number         0  stm32f4xx_rcc.o ABSOLUTE
    ..\lib\src\stm32f4xx_rng.c               0x00000000   Number         0  stm32f4xx_rng.o ABSOLUTE
    ..\lib\src\stm32f4xx_rtc.c               0x00000000   Number         0  stm32f4xx_rtc.o ABSOLUTE
    ..\lib\src\stm32f4xx_sai.c               0x00000000   Number         0  stm32f4xx_sai.o ABSOLUTE
    ..\lib\src\stm32f4xx_sdio.c              0x00000000   Number         0  stm32f4xx_sdio.o ABSOLUTE
    ..\lib\src\stm32f4xx_spdifrx.c           0x00000000   Number         0  stm32f4xx_spdifrx.o ABSOLUTE
    ..\lib\src\stm32f4xx_spi.c               0x00000000   Number         0  stm32f4xx_spi.o ABSOLUTE
    ..\lib\src\stm32f4xx_syscfg.c            0x00000000   Number         0  stm32f4xx_syscfg.o ABSOLUTE
    ..\lib\src\stm32f4xx_tim.c               0x00000000   Number         0  stm32f4xx_tim.o ABSOLUTE
    ..\lib\src\stm32f4xx_usart.c             0x00000000   Number         0  stm32f4xx_usart.o ABSOLUTE
    ..\lib\src\stm32f4xx_wwdg.c              0x00000000   Number         0  stm32f4xx_wwdg.o ABSOLUTE
    ..\user\main.c                           0x00000000   Number         0  main.o ABSOLUTE
    ..\user\stm32f4xx_it.c                   0x00000000   Number         0  stm32f4xx_it.o ABSOLUTE
    ..\user\system_stm32f4xx.c               0x00000000   Number         0  system_stm32f4xx.o ABSOLUTE
    cdcmple.s                                0x00000000   Number         0  cdcmple.o ABSOLUTE
    cdrcmple.s                               0x00000000   Number         0  cdrcmple.o ABSOLUTE
    dc.s                                     0x00000000   Number         0  dc.o ABSOLUTE
    handlers.s                               0x00000000   Number         0  handlers.o ABSOLUTE
    init.s                                   0x00000000   Number         0  init.o ABSOLUTE
    RESET                                    0x08000000   Section      392  startup_stm32f40_41xxx.o(RESET)
    .ARM.Collect$$$$00000000                 0x08000188   Section        0  entry.o(.ARM.Collect$$$$00000000)
    .ARM.Collect$$$$00000001                 0x08000188   Section        4  entry2.o(.ARM.Collect$$$$00000001)
    .ARM.Collect$$$$00000004                 0x0800018c   Section        4  entry5.o(.ARM.Collect$$$$00000004)
    .ARM.Collect$$$$00000008                 0x08000190   Section        0  entry7b.o(.ARM.Collect$$$$00000008)
    .ARM.Collect$$$$0000000A                 0x08000190   Section        0  entry8b.o(.ARM.Collect$$$$0000000A)
    .ARM.Collect$$$$0000000B                 0x08000190   Section        8  entry9a.o(.ARM.Collect$$$$0000000B)
    .ARM.Collect$$$$0000000D                 0x08000198   Section        0  entry10a.o(.ARM.Collect$$$$0000000D)
    .ARM.Collect$$$$0000000F                 0x08000198   Section        0  entry11a.o(.ARM.Collect$$$$0000000F)
    .ARM.Collect$$$$00002712                 0x08000198   Section        4  entry2.o(.ARM.Collect$$$$00002712)
    __lit__00000000                          0x08000198   Data           4  entry2.o(.ARM.Collect$$$$00002712)
    .text                                    0x0800019c   Section       36  startup_stm32f40_41xxx.o(.text)
    $v0                                      0x0800019c   Number         0  startup_stm32f40_41xxx.o(.text)
    .text                                    0x080001c0   Section        0  memseta.o(.text)
    .text                                    0x080001e4   Section       36  init.o(.text)
    i.BusFault_Handler                       0x08000208   Section        0  stm32f4xx_it.o(i.BusFault_Handler)
    i.CmdResp1Error                          0x0800020c   Section        0  sdio_sdcard.o(i.CmdResp1Error)
    i.DMA1_Start                             0x08000264   Section        0  dma.o(i.DMA1_Start)
    i.DMA1_Stream4_IRQHandler                0x08000294   Section        0  dma.o(i.DMA1_Stream4_IRQHandler)
    i.DMA2_Start                             0x080002c0   Section        0  dma.o(i.DMA2_Start)
    i.DMA2_Stream5_IRQHandler                0x080002f0   Section        0  dma.o(i.DMA2_Stream5_IRQHandler)
    i.DMA2_Stream6_IRQHandler                0x0800031c   Section        0  dma.o(i.DMA2_Stream6_IRQHandler)
    i.DMA_ClearFlag                          0x08000344   Section        0  stm32f4xx_dma.o(i.DMA_ClearFlag)
    i.DMA_ClearITPendingBit                  0x08000370   Section        0  stm32f4xx_dma.o(i.DMA_ClearITPendingBit)
    i.DMA_Cmd                                0x0800039c   Section        0  stm32f4xx_dma.o(i.DMA_Cmd)
    i.DMA_GetITStatus                        0x080003b0   Section        0  stm32f4xx_dma.o(i.DMA_GetITStatus)
    i.DMA_SetCurrDataCounter                 0x08000404   Section        0  stm32f4xx_dma.o(i.DMA_SetCurrDataCounter)
    i.DebugMon_Handler                       0x08000408   Section        0  stm32f4xx_it.o(i.DebugMon_Handler)
    i.Delay_Init                             0x0800040c   Section        0  timer.o(i.Delay_Init)
    i.EXTI0_IRQHandler                       0x08000450   Section        0  exti.o(i.EXTI0_IRQHandler)
    i.EXTI2_IRQHandler                       0x08000488   Section        0  exti.o(i.EXTI2_IRQHandler)
    i.EXTI3_IRQHandler                       0x08000504   Section        0  exti.o(i.EXTI3_IRQHandler)
    i.EXTI_ClearFlag                         0x08000590   Section        0  stm32f4xx_exti.o(i.EXTI_ClearFlag)
    i.EXTI_GetFlagStatus                     0x0800059c   Section        0  stm32f4xx_exti.o(i.EXTI_GetFlagStatus)
    i.GPIO_Init                              0x080005b0   Section        0  stm32f4xx_gpio.o(i.GPIO_Init)
    i.GPIO_PinAFConfig                       0x08000628   Section        0  stm32f4xx_gpio.o(i.GPIO_PinAFConfig)
    i.GPIO_ResetBits                         0x08000648   Section        0  stm32f4xx_gpio.o(i.GPIO_ResetBits)
    i.GPIO_SetBits                           0x0800064c   Section        0  stm32f4xx_gpio.o(i.GPIO_SetBits)
    i.HardFault_Handler                      0x08000650   Section        0  stm32f4xx_it.o(i.HardFault_Handler)
    i.Led_Test                               0x08000654   Section        0  test.o(i.Led_Test)
    i.MemManage_Handler                      0x08000688   Section        0  stm32f4xx_it.o(i.MemManage_Handler)
    i.NMI_Handler                            0x0800068a   Section        0  stm32f4xx_it.o(i.NMI_Handler)
    i.NVIC_Init                              0x0800068c   Section        0  misc.o(i.NVIC_Init)
    i.NVIC_PriorityGroupConfig               0x080006f0   Section        0  misc.o(i.NVIC_PriorityGroupConfig)
    i.OLED_ClearScreen                       0x08000704   Section        0  oled.o(i.OLED_ClearScreen)
    i.OLED_Init                              0x08000720   Section        0  oled.o(i.OLED_Init)
    i.OLED_SPI_Init                          0x08000800   Section        0  oled.o(i.OLED_SPI_Init)
    i.OLED_SendData                          0x080008c0   Section        0  oled.o(i.OLED_SendData)
    i.OLED_SetMode                           0x080008f8   Section        0  oled.o(i.OLED_SetMode)
    i.OLED_UpdateGRAM                        0x08000930   Section        0  oled.o(i.OLED_UpdateGRAM)
    i.RCC_AHB1PeriphClockCmd                 0x0800098c   Section        0  stm32f4xx_rcc.o(i.RCC_AHB1PeriphClockCmd)
    i.RCC_APB1PeriphClockCmd                 0x080009a4   Section        0  stm32f4xx_rcc.o(i.RCC_APB1PeriphClockCmd)
    i.RCC_APB2PeriphClockCmd                 0x080009bc   Section        0  stm32f4xx_rcc.o(i.RCC_APB2PeriphClockCmd)
    i.RCC_GetClocksFreq                      0x080009d4   Section        0  stm32f4xx_rcc.o(i.RCC_GetClocksFreq)
    i.SDIO_ClearFlag                         0x08000a68   Section        0  stm32f4xx_sdio.o(i.SDIO_ClearFlag)
    i.SDIO_GetFlagStatus                     0x08000a74   Section        0  stm32f4xx_sdio.o(i.SDIO_GetFlagStatus)
    i.SDIO_IRQHandler                        0x08000a88   Section        0  sdio_sdcard.o(i.SDIO_IRQHandler)
    i.SDIO_SendCommand                       0x08000a8c   Section        0  stm32f4xx_sdio.o(i.SDIO_SendCommand)
    i.SD_ProcessIRQSrc                       0x08000ab4   Section        0  sdio_sdcard.o(i.SD_ProcessIRQSrc)
    i.SPI2_IRQHandler                        0x08000ba4   Section        0  spi.o(i.SPI2_IRQHandler)
    i.SPI_Cmd                                0x08000bdc   Section        0  stm32f4xx_spi.o(i.SPI_Cmd)
    i.SPI_I2S_ClearFlag                      0x08000bf0   Section        0  stm32f4xx_spi.o(i.SPI_I2S_ClearFlag)
    i.SPI_I2S_ClearITPendingBit              0x08000bf6   Section        0  stm32f4xx_spi.o(i.SPI_I2S_ClearITPendingBit)
    i.SPI_I2S_GetFlagStatus                  0x08000c04   Section        0  stm32f4xx_spi.o(i.SPI_I2S_GetFlagStatus)
    i.SPI_I2S_GetITStatus                    0x08000c12   Section        0  stm32f4xx_spi.o(i.SPI_I2S_GetITStatus)
    i.SPI_I2S_SendData                       0x08000c3e   Section        0  stm32f4xx_spi.o(i.SPI_I2S_SendData)
    i.SPI_Init                               0x08000c42   Section        0  stm32f4xx_spi.o(i.SPI_Init)
    i.SetSysClock                            0x08000c7c   Section        0  system_stm32f4xx.o(i.SetSysClock)
    SetSysClock                              0x08000c7d   Thumb Code   162  system_stm32f4xx.o(i.SetSysClock)
    i.SystemInit                             0x08000d30   Section        0  system_stm32f4xx.o(i.SystemInit)
    i.System_GetState                        0x08000d8c   Section        0  systemstate.o(i.System_GetState)
    i.System_ResetState                      0x08000da4   Section        0  systemstate.o(i.System_ResetState)
    i.System_SetState                        0x08000db4   Section        0  systemstate.o(i.System_SetState)
    i.TIM1_BRK_TIM9_IRQHandler               0x08000dc4   Section        0  timer.o(i.TIM1_BRK_TIM9_IRQHandler)
    i.TIM6_DAC_IRQHandler                    0x08000e88   Section        0  code_run_time.o(i.TIM6_DAC_IRQHandler)
    i.TIM_ARRPreloadConfig                   0x08000ed4   Section        0  stm32f4xx_tim.o(i.TIM_ARRPreloadConfig)
    i.TIM_ClearFlag                          0x08000ee8   Section        0  stm32f4xx_tim.o(i.TIM_ClearFlag)
    i.TIM_Cmd                                0x08000eee   Section        0  stm32f4xx_tim.o(i.TIM_Cmd)
    i.TIM_GetFlagStatus                      0x08000f02   Section        0  stm32f4xx_tim.o(i.TIM_GetFlagStatus)
    i.TIM_ITConfig                           0x08000f10   Section        0  stm32f4xx_tim.o(i.TIM_ITConfig)
    i.TIM_TimeBaseInit                       0x08000f20   Section        0  stm32f4xx_tim.o(i.TIM_TimeBaseInit)
    i.TaskTimer_Init                         0x08000f9c   Section        0  timer.o(i.TaskTimer_Init)
    i.Task_List                              0x08001004   Section        0  main.o(i.Task_List)
    i.USART1_IRQHandler                      0x0800109c   Section        0  usart.o(i.USART1_IRQHandler)
    i.USART1_Init                            0x08001110   Section        0  usart.o(i.USART1_Init)
    i.USART2_IRQHandler                      0x080011d4   Section        0  usart.o(i.USART2_IRQHandler)
    i.USART_ClearFlag                        0x080011e4   Section        0  stm32f4xx_usart.o(i.USART_ClearFlag)
    i.USART_ClearITPendingBit                0x080011ea   Section        0  stm32f4xx_usart.o(i.USART_ClearITPendingBit)
    i.USART_Cmd                              0x080011f6   Section        0  stm32f4xx_usart.o(i.USART_Cmd)
    i.USART_GetITStatus                      0x0800120a   Section        0  stm32f4xx_usart.o(i.USART_GetITStatus)
    i.USART_ITConfig                         0x08001248   Section        0  stm32f4xx_usart.o(i.USART_ITConfig)
    i.USART_Init                             0x08001278   Section        0  stm32f4xx_usart.o(i.USART_Init)
    i.USART_ReceiveData                      0x08001324   Section        0  stm32f4xx_usart.o(i.USART_ReceiveData)
    i.USART_SendData                         0x0800132c   Section        0  stm32f4xx_usart.o(i.USART_SendData)
    i.UsageFault_Handler                     0x08001334   Section        0  stm32f4xx_it.o(i.UsageFault_Handler)
    i.__scatterload_copy                     0x08001336   Section       14  handlers.o(i.__scatterload_copy)
    i.__scatterload_null                     0x08001344   Section        2  handlers.o(i.__scatterload_null)
    i.__scatterload_zeroinit                 0x08001346   Section       14  handlers.o(i.__scatterload_zeroinit)
    i.delay_ms                               0x08001354   Section        0  timer.o(i.delay_ms)
    i.delay_us                               0x08001394   Section        0  timer.o(i.delay_us)
    i.led_init                               0x080013c0   Section        0  led.o(i.led_init)
    i.main                                   0x080013f4   Section        0  main.o(i.main)
    .data                                    0x20000000   Section       16  stm32f4xx_rcc.o(.data)
    APBAHBPrescTable                         0x20000000   Data          16  stm32f4xx_rcc.o(.data)
    .data                                    0x20000010   Section        4  spi.o(.data)
    i                                        0x20000010   Data           4  spi.o(.data)
    .data                                    0x20000014   Section        4  usart.o(.data)
    .data                                    0x20000018   Section        6  exti.o(.data)
    .data                                    0x2000001e   Section        4  code_run_time.o(.data)
    Times_1ms                                0x2000001e   Data           2  code_run_time.o(.data)
    .data                                    0x20000024   Section       16  sdio_sdcard.o(.data)
    CardType                                 0x20000024   Data           1  sdio_sdcard.o(.data)
    DeviceMode                               0x20000025   Data           1  sdio_sdcard.o(.data)
    StopCondition                            0x20000026   Data           1  sdio_sdcard.o(.data)
    RCA                                      0x2000002c   Data           4  sdio_sdcard.o(.data)
    .data                                    0x20000034   Section        2  test.o(.data)
    i                                        0x20000034   Data           1  test.o(.data)
    i                                        0x20000035   Data           1  test.o(.data)
    .data                                    0x20000036   Section        1  timer.o(.data)
    Time_Cnt                                 0x20000036   Data           1  timer.o(.data)
    .bss                                     0x20000038   Section     1500  usart.o(.bss)
    .bss                                     0x20000614   Section     1024  oled.o(.bss)
    .bss                                     0x20000a14   Section      692  sdio_sdcard.o(.bss)
    CSD_Tab                                  0x20000a58   Data          16  sdio_sdcard.o(.bss)
    CID_Tab                                  0x20000a68   Data          16  sdio_sdcard.o(.bss)
    .bss                                     0x20000cc8   Section       21  systemstate.o(.bss)
    DeviceStateList                          0x20000cc8   Data          21  systemstate.o(.bss)
    STACK                                    0x20000ce0   Section     8192  startup_stm32f40_41xxx.o(STACK)

    Global Symbols

    Symbol Name                              Value     Ov Type        Size  Object(Section)

    BuildAttributes$$THM_ISAv4$E$P$D$K$B$S$7EM$VFPi3$EXTD16$VFPS$VFMA$PE$A:L22UL41UL21$X:L11$S22US41US21$IEEE1$IW$USESV6$~STKCKD$USESV7$~SHL$OTIME$ROPI$IEEEX$EBA8$MICROLIB$REQ8$PRES8$EABIv2 0x00000000   Number         0  anon$$obj.o ABSOLUTE
    __ARM_use_no_argv                        0x00000000   Number         0  main.o ABSOLUTE
    _printf_a                                0x00000000   Number         0  stubs.o ABSOLUTE
    _printf_c                                0x00000000   Number         0  stubs.o ABSOLUTE
    _printf_charcount                        0x00000000   Number         0  stubs.o ABSOLUTE
    _printf_d                                0x00000000   Number         0  stubs.o ABSOLUTE
    _printf_e                                0x00000000   Number         0  stubs.o ABSOLUTE
    _printf_f                                0x00000000   Number         0  stubs.o ABSOLUTE
    _printf_flags                            0x00000000   Number         0  stubs.o ABSOLUTE
    _printf_fp_dec                           0x00000000   Number         0  stubs.o ABSOLUTE
    _printf_fp_hex                           0x00000000   Number         0  stubs.o ABSOLUTE
    _printf_g                                0x00000000   Number         0  stubs.o ABSOLUTE
    _printf_i                                0x00000000   Number         0  stubs.o ABSOLUTE
    _printf_int_dec                          0x00000000   Number         0  stubs.o ABSOLUTE
    _printf_l                                0x00000000   Number         0  stubs.o ABSOLUTE
    _printf_lc                               0x00000000   Number         0  stubs.o ABSOLUTE
    _printf_ll                               0x00000000   Number         0  stubs.o ABSOLUTE
    _printf_lld                              0x00000000   Number         0  stubs.o ABSOLUTE
    _printf_lli                              0x00000000   Number         0  stubs.o ABSOLUTE
    _printf_llo                              0x00000000   Number         0  stubs.o ABSOLUTE
    _printf_llu                              0x00000000   Number         0  stubs.o ABSOLUTE
    _printf_llx                              0x00000000   Number         0  stubs.o ABSOLUTE
    _printf_longlong_dec                     0x00000000   Number         0  stubs.o ABSOLUTE
    _printf_longlong_hex                     0x00000000   Number         0  stubs.o ABSOLUTE
    _printf_longlong_oct                     0x00000000   Number         0  stubs.o ABSOLUTE
    _printf_ls                               0x00000000   Number         0  stubs.o ABSOLUTE
    _printf_mbtowc                           0x00000000   Number         0  stubs.o ABSOLUTE
    _printf_n                                0x00000000   Number         0  stubs.o ABSOLUTE
    _printf_o                                0x00000000   Number         0  stubs.o ABSOLUTE
    _printf_p                                0x00000000   Number         0  stubs.o ABSOLUTE
    _printf_percent                          0x00000000   Number         0  stubs.o ABSOLUTE
    _printf_pre_padding                      0x00000000   Number         0  stubs.o ABSOLUTE
    _printf_return_value                     0x00000000   Number         0  stubs.o ABSOLUTE
    _printf_s                                0x00000000   Number         0  stubs.o ABSOLUTE
    _printf_sizespec                         0x00000000   Number         0  stubs.o ABSOLUTE
    _printf_str                              0x00000000   Number         0  stubs.o ABSOLUTE
    _printf_truncate_signed                  0x00000000   Number         0  stubs.o ABSOLUTE
    _printf_truncate_unsigned                0x00000000   Number         0  stubs.o ABSOLUTE
    _printf_u                                0x00000000   Number         0  stubs.o ABSOLUTE
    _printf_wc                               0x00000000   Number         0  stubs.o ABSOLUTE
    _printf_wctomb                           0x00000000   Number         0  stubs.o ABSOLUTE
    _printf_widthprec                        0x00000000   Number         0  stubs.o ABSOLUTE
    _printf_x                                0x00000000   Number         0  stubs.o ABSOLUTE
    __cpp_initialize__aeabi_                  - Undefined Weak Reference
    __cxa_finalize                            - Undefined Weak Reference
    __decompress                              - Undefined Weak Reference
    _clock_init                               - Undefined Weak Reference
    _microlib_exit                            - Undefined Weak Reference
    __Vectors_Size                           0x00000188   Number         0  startup_stm32f40_41xxx.o ABSOLUTE
    __Vectors                                0x08000000   Data           4  startup_stm32f40_41xxx.o(RESET)
    __Vectors_End                            0x08000188   Data           0  startup_stm32f40_41xxx.o(RESET)
    __main                                   0x08000189   Thumb Code     0  entry.o(.ARM.Collect$$$$00000000)
    _main_stk                                0x08000189   Thumb Code     0  entry2.o(.ARM.Collect$$$$00000001)
    _main_scatterload                        0x0800018d   Thumb Code     0  entry5.o(.ARM.Collect$$$$00000004)
    __main_after_scatterload                 0x08000191   Thumb Code     0  entry5.o(.ARM.Collect$$$$00000004)
    _main_clock                              0x08000191   Thumb Code     0  entry7b.o(.ARM.Collect$$$$00000008)
    _main_cpp_init                           0x08000191   Thumb Code     0  entry8b.o(.ARM.Collect$$$$0000000A)
    _main_init                               0x08000191   Thumb Code     0  entry9a.o(.ARM.Collect$$$$0000000B)
    __rt_final_cpp                           0x08000199   Thumb Code     0  entry10a.o(.ARM.Collect$$$$0000000D)
    __rt_final_exit                          0x08000199   Thumb Code     0  entry11a.o(.ARM.Collect$$$$0000000F)
    Reset_Handler                            0x0800019d   Thumb Code     8  startup_stm32f40_41xxx.o(.text)
    SVC_Handler                              0x080001af   Thumb Code     2  startup_stm32f40_41xxx.o(.text)
    PendSV_Handler                           0x080001b3   Thumb Code     2  startup_stm32f40_41xxx.o(.text)
    SysTick_Handler                          0x080001b5   Thumb Code     2  startup_stm32f40_41xxx.o(.text)
    ADC_IRQHandler                           0x080001b7   Thumb Code     0  startup_stm32f40_41xxx.o(.text)
    CAN1_RX0_IRQHandler                      0x080001b7   Thumb Code     0  startup_stm32f40_41xxx.o(.text)
    CAN1_RX1_IRQHandler                      0x080001b7   Thumb Code     0  startup_stm32f40_41xxx.o(.text)
    CAN1_SCE_IRQHandler                      0x080001b7   Thumb Code     0  startup_stm32f40_41xxx.o(.text)
    CAN1_TX_IRQHandler                       0x080001b7   Thumb Code     0  startup_stm32f40_41xxx.o(.text)
    CAN2_RX0_IRQHandler                      0x080001b7   Thumb Code     0  startup_stm32f40_41xxx.o(.text)
    CAN2_RX1_IRQHandler                      0x080001b7   Thumb Code     0  startup_stm32f40_41xxx.o(.text)
    CAN2_SCE_IRQHandler                      0x080001b7   Thumb Code     0  startup_stm32f40_41xxx.o(.text)
    CAN2_TX_IRQHandler                       0x080001b7   Thumb Code     0  startup_stm32f40_41xxx.o(.text)
    CRYP_IRQHandler                          0x080001b7   Thumb Code     0  startup_stm32f40_41xxx.o(.text)
    DCMI_IRQHandler                          0x080001b7   Thumb Code     0  startup_stm32f40_41xxx.o(.text)
    DMA1_Stream0_IRQHandler                  0x080001b7   Thumb Code     0  startup_stm32f40_41xxx.o(.text)
    DMA1_Stream1_IRQHandler                  0x080001b7   Thumb Code     0  startup_stm32f40_41xxx.o(.text)
    DMA1_Stream2_IRQHandler                  0x080001b7   Thumb Code     0  startup_stm32f40_41xxx.o(.text)
    DMA1_Stream3_IRQHandler                  0x080001b7   Thumb Code     0  startup_stm32f40_41xxx.o(.text)
    DMA1_Stream5_IRQHandler                  0x080001b7   Thumb Code     0  startup_stm32f40_41xxx.o(.text)
    DMA1_Stream6_IRQHandler                  0x080001b7   Thumb Code     0  startup_stm32f40_41xxx.o(.text)
    DMA1_Stream7_IRQHandler                  0x080001b7   Thumb Code     0  startup_stm32f40_41xxx.o(.text)
    DMA2_Stream0_IRQHandler                  0x080001b7   Thumb Code     0  startup_stm32f40_41xxx.o(.text)
    DMA2_Stream1_IRQHandler                  0x080001b7   Thumb Code     0  startup_stm32f40_41xxx.o(.text)
    DMA2_Stream2_IRQHandler                  0x080001b7   Thumb Code     0  startup_stm32f40_41xxx.o(.text)
    DMA2_Stream3_IRQHandler                  0x080001b7   Thumb Code     0  startup_stm32f40_41xxx.o(.text)
    DMA2_Stream4_IRQHandler                  0x080001b7   Thumb Code     0  startup_stm32f40_41xxx.o(.text)
    DMA2_Stream7_IRQHandler                  0x080001b7   Thumb Code     0  startup_stm32f40_41xxx.o(.text)
    ETH_IRQHandler                           0x080001b7   Thumb Code     0  startup_stm32f40_41xxx.o(.text)
    ETH_WKUP_IRQHandler                      0x080001b7   Thumb Code     0  startup_stm32f40_41xxx.o(.text)
    EXTI15_10_IRQHandler                     0x080001b7   Thumb Code     0  startup_stm32f40_41xxx.o(.text)
    EXTI1_IRQHandler                         0x080001b7   Thumb Code     0  startup_stm32f40_41xxx.o(.text)
    EXTI4_IRQHandler                         0x080001b7   Thumb Code     0  startup_stm32f40_41xxx.o(.text)
    EXTI9_5_IRQHandler                       0x080001b7   Thumb Code     0  startup_stm32f40_41xxx.o(.text)
    FLASH_IRQHandler                         0x080001b7   Thumb Code     0  startup_stm32f40_41xxx.o(.text)
    FPU_IRQHandler                           0x080001b7   Thumb Code     0  startup_stm32f40_41xxx.o(.text)
    FSMC_IRQHandler                          0x080001b7   Thumb Code     0  startup_stm32f40_41xxx.o(.text)
    HASH_RNG_IRQHandler                      0x080001b7   Thumb Code     0  startup_stm32f40_41xxx.o(.text)
    I2C1_ER_IRQHandler                       0x080001b7   Thumb Code     0  startup_stm32f40_41xxx.o(.text)
    I2C1_EV_IRQHandler                       0x080001b7   Thumb Code     0  startup_stm32f40_41xxx.o(.text)
    I2C2_ER_IRQHandler                       0x080001b7   Thumb Code     0  startup_stm32f40_41xxx.o(.text)
    I2C2_EV_IRQHandler                       0x080001b7   Thumb Code     0  startup_stm32f40_41xxx.o(.text)
    I2C3_ER_IRQHandler                       0x080001b7   Thumb Code     0  startup_stm32f40_41xxx.o(.text)
    I2C3_EV_IRQHandler                       0x080001b7   Thumb Code     0  startup_stm32f40_41xxx.o(.text)
    OTG_FS_IRQHandler                        0x080001b7   Thumb Code     0  startup_stm32f40_41xxx.o(.text)
    OTG_FS_WKUP_IRQHandler                   0x080001b7   Thumb Code     0  startup_stm32f40_41xxx.o(.text)
    OTG_HS_EP1_IN_IRQHandler                 0x080001b7   Thumb Code     0  startup_stm32f40_41xxx.o(.text)
    OTG_HS_EP1_OUT_IRQHandler                0x080001b7   Thumb Code     0  startup_stm32f40_41xxx.o(.text)
    OTG_HS_IRQHandler                        0x080001b7   Thumb Code     0  startup_stm32f40_41xxx.o(.text)
    OTG_HS_WKUP_IRQHandler                   0x080001b7   Thumb Code     0  startup_stm32f40_41xxx.o(.text)
    PVD_IRQHandler                           0x080001b7   Thumb Code     0  startup_stm32f40_41xxx.o(.text)
    RCC_IRQHandler                           0x080001b7   Thumb Code     0  startup_stm32f40_41xxx.o(.text)
    RTC_Alarm_IRQHandler                     0x080001b7   Thumb Code     0  startup_stm32f40_41xxx.o(.text)
    RTC_WKUP_IRQHandler                      0x080001b7   Thumb Code     0  startup_stm32f40_41xxx.o(.text)
    SPI1_IRQHandler                          0x080001b7   Thumb Code     0  startup_stm32f40_41xxx.o(.text)
    SPI3_IRQHandler                          0x080001b7   Thumb Code     0  startup_stm32f40_41xxx.o(.text)
    TAMP_STAMP_IRQHandler                    0x080001b7   Thumb Code     0  startup_stm32f40_41xxx.o(.text)
    TIM1_CC_IRQHandler                       0x080001b7   Thumb Code     0  startup_stm32f40_41xxx.o(.text)
    TIM1_TRG_COM_TIM11_IRQHandler            0x080001b7   Thumb Code     0  startup_stm32f40_41xxx.o(.text)
    TIM1_UP_TIM10_IRQHandler                 0x080001b7   Thumb Code     0  startup_stm32f40_41xxx.o(.text)
    TIM2_IRQHandler                          0x080001b7   Thumb Code     0  startup_stm32f40_41xxx.o(.text)
    TIM3_IRQHandler                          0x080001b7   Thumb Code     0  startup_stm32f40_41xxx.o(.text)
    TIM4_IRQHandler                          0x080001b7   Thumb Code     0  startup_stm32f40_41xxx.o(.text)
    TIM5_IRQHandler                          0x080001b7   Thumb Code     0  startup_stm32f40_41xxx.o(.text)
    TIM7_IRQHandler                          0x080001b7   Thumb Code     0  startup_stm32f40_41xxx.o(.text)
    TIM8_BRK_TIM12_IRQHandler                0x080001b7   Thumb Code     0  startup_stm32f40_41xxx.o(.text)
    TIM8_CC_IRQHandler                       0x080001b7   Thumb Code     0  startup_stm32f40_41xxx.o(.text)
    TIM8_TRG_COM_TIM14_IRQHandler            0x080001b7   Thumb Code     0  startup_stm32f40_41xxx.o(.text)
    TIM8_UP_TIM13_IRQHandler                 0x080001b7   Thumb Code     0  startup_stm32f40_41xxx.o(.text)
    UART4_IRQHandler                         0x080001b7   Thumb Code     0  startup_stm32f40_41xxx.o(.text)
    UART5_IRQHandler                         0x080001b7   Thumb Code     0  startup_stm32f40_41xxx.o(.text)
    USART3_IRQHandler                        0x080001b7   Thumb Code     0  startup_stm32f40_41xxx.o(.text)
    USART6_IRQHandler                        0x080001b7   Thumb Code     0  startup_stm32f40_41xxx.o(.text)
    WWDG_IRQHandler                          0x080001b7   Thumb Code     0  startup_stm32f40_41xxx.o(.text)
    __aeabi_memset                           0x080001c1   Thumb Code    14  memseta.o(.text)
    __aeabi_memset4                          0x080001c1   Thumb Code     0  memseta.o(.text)
    __aeabi_memset8                          0x080001c1   Thumb Code     0  memseta.o(.text)
    __aeabi_memclr                           0x080001cf   Thumb Code     4  memseta.o(.text)
    __aeabi_memclr4                          0x080001cf   Thumb Code     0  memseta.o(.text)
    __aeabi_memclr8                          0x080001cf   Thumb Code     0  memseta.o(.text)
    _memset$wrapper                          0x080001d3   Thumb Code    18  memseta.o(.text)
    __scatterload                            0x080001e5   Thumb Code    28  init.o(.text)
    __scatterload_rt2                        0x080001e5   Thumb Code     0  init.o(.text)
    BusFault_Handler                         0x08000209   Thumb Code     2  stm32f4xx_it.o(i.BusFault_Handler)
    CmdResp1Error                            0x0800020d   Thumb Code    84  sdio_sdcard.o(i.CmdResp1Error)
    DMA1_Start                               0x08000265   Thumb Code    40  dma.o(i.DMA1_Start)
    DMA1_Stream4_IRQHandler                  0x08000295   Thumb Code    36  dma.o(i.DMA1_Stream4_IRQHandler)
    DMA2_Start                               0x080002c1   Thumb Code    40  dma.o(i.DMA2_Start)
    DMA2_Stream5_IRQHandler                  0x080002f1   Thumb Code    36  dma.o(i.DMA2_Stream5_IRQHandler)
    DMA2_Stream6_IRQHandler                  0x0800031d   Thumb Code    32  dma.o(i.DMA2_Stream6_IRQHandler)
    DMA_ClearFlag                            0x08000345   Thumb Code    32  stm32f4xx_dma.o(i.DMA_ClearFlag)
    DMA_ClearITPendingBit                    0x08000371   Thumb Code    32  stm32f4xx_dma.o(i.DMA_ClearITPendingBit)
    DMA_Cmd                                  0x0800039d   Thumb Code    20  stm32f4xx_dma.o(i.DMA_Cmd)
    DMA_GetITStatus                          0x080003b1   Thumb Code    68  stm32f4xx_dma.o(i.DMA_GetITStatus)
    DMA_SetCurrDataCounter                   0x08000405   Thumb Code     4  stm32f4xx_dma.o(i.DMA_SetCurrDataCounter)
    DebugMon_Handler                         0x08000409   Thumb Code     2  stm32f4xx_it.o(i.DebugMon_Handler)
    Delay_Init                               0x0800040d   Thumb Code    60  timer.o(i.Delay_Init)
    EXTI0_IRQHandler                         0x08000451   Thumb Code    48  exti.o(i.EXTI0_IRQHandler)
    EXTI2_IRQHandler                         0x08000489   Thumb Code   116  exti.o(i.EXTI2_IRQHandler)
    EXTI3_IRQHandler                         0x08000505   Thumb Code   130  exti.o(i.EXTI3_IRQHandler)
    EXTI_ClearFlag                           0x08000591   Thumb Code     6  stm32f4xx_exti.o(i.EXTI_ClearFlag)
    EXTI_GetFlagStatus                       0x0800059d   Thumb Code    16  stm32f4xx_exti.o(i.EXTI_GetFlagStatus)
    GPIO_Init                                0x080005b1   Thumb Code   120  stm32f4xx_gpio.o(i.GPIO_Init)
    GPIO_PinAFConfig                         0x08000629   Thumb Code    32  stm32f4xx_gpio.o(i.GPIO_PinAFConfig)
    GPIO_ResetBits                           0x08000649   Thumb Code     4  stm32f4xx_gpio.o(i.GPIO_ResetBits)
    GPIO_SetBits                             0x0800064d   Thumb Code     4  stm32f4xx_gpio.o(i.GPIO_SetBits)
    HardFault_Handler                        0x08000651   Thumb Code     2  stm32f4xx_it.o(i.HardFault_Handler)
    Led_Test                                 0x08000655   Thumb Code    44  test.o(i.Led_Test)
    MemManage_Handler                        0x08000689   Thumb Code     2  stm32f4xx_it.o(i.MemManage_Handler)
    NMI_Handler                              0x0800068b   Thumb Code     2  stm32f4xx_it.o(i.NMI_Handler)
    NVIC_Init                                0x0800068d   Thumb Code    96  misc.o(i.NVIC_Init)
    NVIC_PriorityGroupConfig                 0x080006f1   Thumb Code    10  misc.o(i.NVIC_PriorityGroupConfig)
    OLED_ClearScreen                         0x08000705   Thumb Code    22  oled.o(i.OLED_ClearScreen)
    OLED_Init                                0x08000721   Thumb Code   218  oled.o(i.OLED_Init)
    OLED_SPI_Init                            0x08000801   Thumb Code   184  oled.o(i.OLED_SPI_Init)
    OLED_SendData                            0x080008c1   Thumb Code    48  oled.o(i.OLED_SendData)
    OLED_SetMode                             0x080008f9   Thumb Code    48  oled.o(i.OLED_SetMode)
    OLED_UpdateGRAM                          0x08000931   Thumb Code    88  oled.o(i.OLED_UpdateGRAM)
    RCC_AHB1PeriphClockCmd                   0x0800098d   Thumb Code    18  stm32f4xx_rcc.o(i.RCC_AHB1PeriphClockCmd)
    RCC_APB1PeriphClockCmd                   0x080009a5   Thumb Code    18  stm32f4xx_rcc.o(i.RCC_APB1PeriphClockCmd)
    RCC_APB2PeriphClockCmd                   0x080009bd   Thumb Code    18  stm32f4xx_rcc.o(i.RCC_APB2PeriphClockCmd)
    RCC_GetClocksFreq                        0x080009d5   Thumb Code   132  stm32f4xx_rcc.o(i.RCC_GetClocksFreq)
    SDIO_ClearFlag                           0x08000a69   Thumb Code     6  stm32f4xx_sdio.o(i.SDIO_ClearFlag)
    SDIO_GetFlagStatus                       0x08000a75   Thumb Code    16  stm32f4xx_sdio.o(i.SDIO_GetFlagStatus)
    SDIO_IRQHandler                          0x08000a89   Thumb Code     4  sdio_sdcard.o(i.SDIO_IRQHandler)
    SDIO_SendCommand                         0x08000a8d   Thumb Code    36  stm32f4xx_sdio.o(i.SDIO_SendCommand)
    SD_ProcessIRQSrc                         0x08000ab5   Thumb Code   228  sdio_sdcard.o(i.SD_ProcessIRQSrc)
    SPI2_IRQHandler                          0x08000ba5   Thumb Code    48  spi.o(i.SPI2_IRQHandler)
    SPI_Cmd                                  0x08000bdd   Thumb Code    20  stm32f4xx_spi.o(i.SPI_Cmd)
    SPI_I2S_ClearFlag                        0x08000bf1   Thumb Code     6  stm32f4xx_spi.o(i.SPI_I2S_ClearFlag)
    SPI_I2S_ClearITPendingBit                0x08000bf7   Thumb Code    14  stm32f4xx_spi.o(i.SPI_I2S_ClearITPendingBit)
    SPI_I2S_GetFlagStatus                    0x08000c05   Thumb Code    14  stm32f4xx_spi.o(i.SPI_I2S_GetFlagStatus)
    SPI_I2S_GetITStatus                      0x08000c13   Thumb Code    44  stm32f4xx_spi.o(i.SPI_I2S_GetITStatus)
    SPI_I2S_SendData                         0x08000c3f   Thumb Code     4  stm32f4xx_spi.o(i.SPI_I2S_SendData)
    SPI_Init                                 0x08000c43   Thumb Code    56  stm32f4xx_spi.o(i.SPI_Init)
    SystemInit                               0x08000d31   Thumb Code    74  system_stm32f4xx.o(i.SystemInit)
    System_GetState                          0x08000d8d   Thumb Code    20  systemstate.o(i.System_GetState)
    System_ResetState                        0x08000da5   Thumb Code    10  systemstate.o(i.System_ResetState)
    System_SetState                          0x08000db5   Thumb Code    10  systemstate.o(i.System_SetState)
    TIM1_BRK_TIM9_IRQHandler                 0x08000dc5   Thumb Code   186  timer.o(i.TIM1_BRK_TIM9_IRQHandler)
    TIM6_DAC_IRQHandler                      0x08000e89   Thumb Code    68  code_run_time.o(i.TIM6_DAC_IRQHandler)
    TIM_ARRPreloadConfig                     0x08000ed5   Thumb Code    20  stm32f4xx_tim.o(i.TIM_ARRPreloadConfig)
    TIM_ClearFlag                            0x08000ee9   Thumb Code     6  stm32f4xx_tim.o(i.TIM_ClearFlag)
    TIM_Cmd                                  0x08000eef   Thumb Code    20  stm32f4xx_tim.o(i.TIM_Cmd)
    TIM_GetFlagStatus                        0x08000f03   Thumb Code    14  stm32f4xx_tim.o(i.TIM_GetFlagStatus)
    TIM_ITConfig                             0x08000f11   Thumb Code    16  stm32f4xx_tim.o(i.TIM_ITConfig)
    TIM_TimeBaseInit                         0x08000f21   Thumb Code    96  stm32f4xx_tim.o(i.TIM_TimeBaseInit)
    TaskTimer_Init                           0x08000f9d   Thumb Code   100  timer.o(i.TaskTimer_Init)
    Task_List                                0x08001005   Thumb Code   152  main.o(i.Task_List)
    USART1_IRQHandler                        0x0800109d   Thumb Code   102  usart.o(i.USART1_IRQHandler)
    USART1_Init                              0x08001111   Thumb Code   186  usart.o(i.USART1_Init)
    USART2_IRQHandler                        0x080011d5   Thumb Code    10  usart.o(i.USART2_IRQHandler)
    USART_ClearFlag                          0x080011e5   Thumb Code     6  stm32f4xx_usart.o(i.USART_ClearFlag)
    USART_ClearITPendingBit                  0x080011eb   Thumb Code    12  stm32f4xx_usart.o(i.USART_ClearITPendingBit)
    USART_Cmd                                0x080011f7   Thumb Code    20  stm32f4xx_usart.o(i.USART_Cmd)
    USART_GetITStatus                        0x0800120b   Thumb Code    62  stm32f4xx_usart.o(i.USART_GetITStatus)
    USART_ITConfig                           0x08001249   Thumb Code    48  stm32f4xx_usart.o(i.USART_ITConfig)
    USART_Init                               0x08001279   Thumb Code   164  stm32f4xx_usart.o(i.USART_Init)
    USART_ReceiveData                        0x08001325   Thumb Code     8  stm32f4xx_usart.o(i.USART_ReceiveData)
    USART_SendData                           0x0800132d   Thumb Code     8  stm32f4xx_usart.o(i.USART_SendData)
    UsageFault_Handler                       0x08001335   Thumb Code     2  stm32f4xx_it.o(i.UsageFault_Handler)
    __scatterload_copy                       0x08001337   Thumb Code    14  handlers.o(i.__scatterload_copy)
    __scatterload_null                       0x08001345   Thumb Code     2  handlers.o(i.__scatterload_null)
    __scatterload_zeroinit                   0x08001347   Thumb Code    14  handlers.o(i.__scatterload_zeroinit)
    delay_ms                                 0x08001355   Thumb Code    60  timer.o(i.delay_ms)
    delay_us                                 0x08001395   Thumb Code    40  timer.o(i.delay_us)
    led_init                                 0x080013c1   Thumb Code    48  led.o(i.led_init)
    main                                     0x080013f5   Thumb Code    44  main.o(i.main)
    Region$$Table$$Base                      0x08001420   Number         0  anon$$obj.o(Region$$Table)
    Region$$Table$$Limit                     0x08001440   Number         0  anon$$obj.o(Region$$Table)
    RX_Point                                 0x20000014   Data           2  usart.o(.data)
    TX_Point                                 0x20000016   Data           2  usart.o(.data)
    Menu_Num                                 0x20000018   Data           1  exti.o(.data)
    Set_Time                                 0x20000019   Data           1  exti.o(.data)
    Temperature_HIGH                         0x2000001a   Data           1  exti.o(.data)
    Temperature_LOW                          0x2000001b   Data           1  exti.o(.data)
    Humidity_HIGH                            0x2000001c   Data           1  exti.o(.data)
    Humidity_LOW                             0x2000001d   Data           1  exti.o(.data)
    Run_Time                                 0x20000020   Data           2  code_run_time.o(.data)
    TransferError                            0x20000027   Data           1  sdio_sdcard.o(.data)
    TransferEnd                              0x20000028   Data           1  sdio_sdcard.o(.data)
    tempbuff                                 0x20000030   Data           4  sdio_sdcard.o(.data)
    USART1_Buffer                            0x20000038   Data        1500  usart.o(.bss)
    OLED_GRAM                                0x20000614   Data        1024  oled.o(.bss)
    SDIO_InitStructure                       0x20000a14   Data          24  sdio_sdcard.o(.bss)
    SDIO_CmdInitStructure                    0x20000a2c   Data          20  sdio_sdcard.o(.bss)
    SDIO_DataInitStructure                   0x20000a40   Data          24  sdio_sdcard.o(.bss)
    SDCardInfo                               0x20000a78   Data          80  sdio_sdcard.o(.bss)
    SDIO_DATA_BUFFER                         0x20000ac8   Data         512  sdio_sdcard.o(.bss)
    __initial_sp                             0x20002ce0   Data           0  startup_stm32f40_41xxx.o(STACK)



==============================================================================

Memory Map of the image

  Image Entry point : 0x08000189

  Load Region LR_IROM1 (Base: 0x08000000, Size: 0x00001478, Max: 0x00080000, ABSOLUTE)

    Execution Region ER_IROM1 (Base: 0x08000000, Size: 0x00001440, Max: 0x00080000, ABSOLUTE)

    Base Addr    Size         Type   Attr      Idx    E Section Name        Object

    0x08000000   0x00000188   Data   RO            3    RESET               startup_stm32f40_41xxx.o
    0x08000188   0x00000000   Code   RO         6962  * .ARM.Collect$$$$00000000  mc_w.l(entry.o)
    0x08000188   0x00000004   Code   RO         7267    .ARM.Collect$$$$00000001  mc_w.l(entry2.o)
    0x0800018c   0x00000004   Code   RO         7270    .ARM.Collect$$$$00000004  mc_w.l(entry5.o)
    0x08000190   0x00000000   Code   RO         7272    .ARM.Collect$$$$00000008  mc_w.l(entry7b.o)
    0x08000190   0x00000000   Code   RO         7274    .ARM.Collect$$$$0000000A  mc_w.l(entry8b.o)
    0x08000190   0x00000008   Code   RO         7275    .ARM.Collect$$$$0000000B  mc_w.l(entry9a.o)
    0x08000198   0x00000000   Code   RO         7277    .ARM.Collect$$$$0000000D  mc_w.l(entry10a.o)
    0x08000198   0x00000000   Code   RO         7279    .ARM.Collect$$$$0000000F  mc_w.l(entry11a.o)
    0x08000198   0x00000004   Code   RO         7268    .ARM.Collect$$$$00002712  mc_w.l(entry2.o)
    0x0800019c   0x00000024   Code   RO            4    .text               startup_stm32f40_41xxx.o
    0x080001c0   0x00000024   Code   RO         6967    .text               mc_w.l(memseta.o)
    0x080001e4   0x00000024   Code   RO         7316    .text               mc_w.l(init.o)
    0x08000208   0x00000002   Code   RO          233    i.BusFault_Handler  stm32f4xx_it.o
    0x0800020a   0x00000002   PAD
    0x0800020c   0x00000058   Code   RO         5999    i.CmdResp1Error     sdio_sdcard.o
    0x08000264   0x00000030   Code   RO         5937    i.DMA1_Start        dma.o
    0x08000294   0x0000002c   Code   RO         5938    i.DMA1_Stream4_IRQHandler  dma.o
    0x080002c0   0x00000030   Code   RO         5940    i.DMA2_Start        dma.o
    0x080002f0   0x0000002c   Code   RO         5941    i.DMA2_Stream5_IRQHandler  dma.o
    0x0800031c   0x00000028   Code   RO         5942    i.DMA2_Stream6_IRQHandler  dma.o
    0x08000344   0x0000002c   Code   RO         1407    i.DMA_ClearFlag     stm32f4xx_dma.o
    0x08000370   0x0000002c   Code   RO         1408    i.DMA_ClearITPendingBit  stm32f4xx_dma.o
    0x0800039c   0x00000014   Code   RO         1409    i.DMA_Cmd           stm32f4xx_dma.o
    0x080003b0   0x00000054   Code   RO         1419    i.DMA_GetITStatus   stm32f4xx_dma.o
    0x08000404   0x00000004   Code   RO         1424    i.DMA_SetCurrDataCounter  stm32f4xx_dma.o
    0x08000408   0x00000002   Code   RO          234    i.DebugMon_Handler  stm32f4xx_it.o
    0x0800040a   0x00000002   PAD
    0x0800040c   0x00000044   Code   RO         6355    i.Delay_Init        timer.o
    0x08000450   0x00000038   Code   RO         5713    i.EXTI0_IRQHandler  exti.o
    0x08000488   0x0000007c   Code   RO         5714    i.EXTI2_IRQHandler  exti.o
    0x08000504   0x0000008c   Code   RO         5715    i.EXTI3_IRQHandler  exti.o
    0x08000590   0x0000000c   Code   RO         1695    i.EXTI_ClearFlag    stm32f4xx_exti.o
    0x0800059c   0x00000014   Code   RO         1699    i.EXTI_GetFlagStatus  stm32f4xx_exti.o
    0x080005b0   0x00000078   Code   RO         2209    i.GPIO_Init         stm32f4xx_gpio.o
    0x08000628   0x00000020   Code   RO         2210    i.GPIO_PinAFConfig  stm32f4xx_gpio.o
    0x08000648   0x00000004   Code   RO         2216    i.GPIO_ResetBits    stm32f4xx_gpio.o
    0x0800064c   0x00000004   Code   RO         2217    i.GPIO_SetBits      stm32f4xx_gpio.o
    0x08000650   0x00000002   Code   RO          235    i.HardFault_Handler  stm32f4xx_it.o
    0x08000652   0x00000002   PAD
    0x08000654   0x00000034   Code   RO         6292    i.Led_Test          test.o
    0x08000688   0x00000002   Code   RO          236    i.MemManage_Handler  stm32f4xx_it.o
    0x0800068a   0x00000002   Code   RO          237    i.NMI_Handler       stm32f4xx_it.o
    0x0800068c   0x00000064   Code   RO          334    i.NVIC_Init         misc.o
    0x080006f0   0x00000014   Code   RO          335    i.NVIC_PriorityGroupConfig  misc.o
    0x08000704   0x0000001c   Code   RO         5420    i.OLED_ClearScreen  oled.o
    0x08000720   0x000000e0   Code   RO         5426    i.OLED_Init         oled.o
    0x08000800   0x000000c0   Code   RO         5427    i.OLED_SPI_Init     oled.o
    0x080008c0   0x00000038   Code   RO         5432    i.OLED_SendData     oled.o
    0x080008f8   0x00000038   Code   RO         5434    i.OLED_SetMode      oled.o
    0x08000930   0x0000005c   Code   RO         5441    i.OLED_UpdateGRAM   oled.o
    0x0800098c   0x00000018   Code   RO         3135    i.RCC_AHB1PeriphClockCmd  stm32f4xx_rcc.o
    0x080009a4   0x00000018   Code   RO         3144    i.RCC_APB1PeriphClockCmd  stm32f4xx_rcc.o
    0x080009bc   0x00000018   Code   RO         3147    i.RCC_APB2PeriphClockCmd  stm32f4xx_rcc.o
    0x080009d4   0x00000094   Code   RO         3156    i.RCC_GetClocksFreq  stm32f4xx_rcc.o
    0x08000a68   0x0000000c   Code   RO         4069    i.SDIO_ClearFlag    stm32f4xx_sdio.o
    0x08000a74   0x00000014   Code   RO         4081    i.SDIO_GetFlagStatus  stm32f4xx_sdio.o
    0x08000a88   0x00000004   Code   RO         6008    i.SDIO_IRQHandler   sdio_sdcard.o
    0x08000a8c   0x00000028   Code   RO         4089    i.SDIO_SendCommand  stm32f4xx_sdio.o
    0x08000ab4   0x000000f0   Code   RO         6018    i.SD_ProcessIRQSrc  sdio_sdcard.o
    0x08000ba4   0x00000038   Code   RO         5324    i.SPI2_IRQHandler   spi.o
    0x08000bdc   0x00000014   Code   RO         4293    i.SPI_Cmd           stm32f4xx_spi.o
    0x08000bf0   0x00000006   Code   RO         4297    i.SPI_I2S_ClearFlag  stm32f4xx_spi.o
    0x08000bf6   0x0000000e   Code   RO         4298    i.SPI_I2S_ClearITPendingBit  stm32f4xx_spi.o
    0x08000c04   0x0000000e   Code   RO         4301    i.SPI_I2S_GetFlagStatus  stm32f4xx_spi.o
    0x08000c12   0x0000002c   Code   RO         4302    i.SPI_I2S_GetITStatus  stm32f4xx_spi.o
    0x08000c3e   0x00000004   Code   RO         4305    i.SPI_I2S_SendData  stm32f4xx_spi.o
    0x08000c42   0x00000038   Code   RO         4306    i.SPI_Init          stm32f4xx_spi.o
    0x08000c7a   0x00000002   PAD
    0x08000c7c   0x000000b4   Code   RO          293    i.SetSysClock       system_stm32f4xx.o
    0x08000d30   0x0000005c   Code   RO          295    i.SystemInit        system_stm32f4xx.o
    0x08000d8c   0x00000018   Code   RO         6253    i.System_GetState   systemstate.o
    0x08000da4   0x00000010   Code   RO         6254    i.System_ResetState  systemstate.o
    0x08000db4   0x00000010   Code   RO         6255    i.System_SetState   systemstate.o
    0x08000dc4   0x000000c4   Code   RO         6356    i.TIM1_BRK_TIM9_IRQHandler  timer.o
    0x08000e88   0x0000004c   Code   RO         5889    i.TIM6_DAC_IRQHandler  code_run_time.o
    0x08000ed4   0x00000014   Code   RO         4517    i.TIM_ARRPreloadConfig  stm32f4xx_tim.o
    0x08000ee8   0x00000006   Code   RO         4523    i.TIM_ClearFlag     stm32f4xx_tim.o
    0x08000eee   0x00000014   Code   RO         4529    i.TIM_Cmd           stm32f4xx_tim.o
    0x08000f02   0x0000000e   Code   RO         4549    i.TIM_GetFlagStatus  stm32f4xx_tim.o
    0x08000f10   0x00000010   Code   RO         4554    i.TIM_ITConfig      stm32f4xx_tim.o
    0x08000f20   0x0000007c   Code   RO         4601    i.TIM_TimeBaseInit  stm32f4xx_tim.o
    0x08000f9c   0x00000068   Code   RO         6357    i.TaskTimer_Init    timer.o
    0x08001004   0x00000098   Code   RO           13    i.Task_List         main.o
    0x0800109c   0x00000074   Code   RO         5349    i.USART1_IRQHandler  usart.o
    0x08001110   0x000000c4   Code   RO         5350    i.USART1_Init       usart.o
    0x080011d4   0x00000010   Code   RO         5351    i.USART2_IRQHandler  usart.o
    0x080011e4   0x00000006   Code   RO         5066    i.USART_ClearFlag   stm32f4xx_usart.o
    0x080011ea   0x0000000c   Code   RO         5067    i.USART_ClearITPendingBit  stm32f4xx_usart.o
    0x080011f6   0x00000014   Code   RO         5070    i.USART_Cmd         stm32f4xx_usart.o
    0x0800120a   0x0000003e   Code   RO         5074    i.USART_GetITStatus  stm32f4xx_usart.o
    0x08001248   0x00000030   Code   RO         5076    i.USART_ITConfig    stm32f4xx_usart.o
    0x08001278   0x000000ac   Code   RO         5077    i.USART_Init        stm32f4xx_usart.o
    0x08001324   0x00000008   Code   RO         5084    i.USART_ReceiveData  stm32f4xx_usart.o
    0x0800132c   0x00000008   Code   RO         5087    i.USART_SendData    stm32f4xx_usart.o
    0x08001334   0x00000002   Code   RO          238    i.UsageFault_Handler  stm32f4xx_it.o
    0x08001336   0x0000000e   Code   RO         7320    i.__scatterload_copy  mc_w.l(handlers.o)
    0x08001344   0x00000002   Code   RO         7321    i.__scatterload_null  mc_w.l(handlers.o)
    0x08001346   0x0000000e   Code   RO         7322    i.__scatterload_zeroinit  mc_w.l(handlers.o)
    0x08001354   0x00000040   Code   RO         6358    i.delay_ms          timer.o
    0x08001394   0x0000002c   Code   RO         6359    i.delay_us          timer.o
    0x080013c0   0x00000034   Code   RO         5652    i.led_init          led.o
    0x080013f4   0x0000002c   Code   RO           14    i.main              main.o
    0x08001420   0x00000020   Data   RO         7318    Region$$Table       anon$$obj.o


    Execution Region RW_IRAM2 (Base: 0x10000000, Size: 0x00000000, Max: 0x00010000, ABSOLUTE)

    **** No section assigned to this execution region ****


    Execution Region RW_IRAM1 (Base: 0x20000000, Size: 0x00002ce0, Max: 0x00020000, ABSOLUTE)

    Base Addr    Size         Type   Attr      Idx    E Section Name        Object

    0x20000000   0x00000010   Data   RW         3188    .data               stm32f4xx_rcc.o
    0x20000010   0x00000004   Data   RW         5325    .data               spi.o
    0x20000014   0x00000004   Data   RW         5355    .data               usart.o
    0x20000018   0x00000006   Data   RW         5717    .data               exti.o
    0x2000001e   0x00000004   Data   RW         5890    .data               code_run_time.o
    0x20000022   0x00000002   PAD
    0x20000024   0x00000010   Data   RW         6031    .data               sdio_sdcard.o
    0x20000034   0x00000002   Data   RW         6299    .data               test.o
    0x20000036   0x00000001   Data   RW         6360    .data               timer.o
    0x20000037   0x00000001   PAD
    0x20000038   0x000005dc   Zero   RW         5354    .bss                usart.o
    0x20000614   0x00000400   Zero   RW         5445    .bss                oled.o
    0x20000a14   0x000002b4   Zero   RW         6030    .bss                sdio_sdcard.o
    0x20000cc8   0x00000015   Zero   RW         6256    .bss                systemstate.o
    0x20000cdd   0x00000003   PAD
    0x20000ce0   0x00002000   Zero   RW            1    STACK               startup_stm32f40_41xxx.o


==============================================================================

Image component sizes


      Code (inc. data)   RO Data    RW Data    ZI Data      Debug   Object Name

        76          8          0          4          0        785   code_run_time.o
       224         40          0          0          0       3043   dma.o
       320         32          0          6          0       2149   exti.o
        52          4          0          0          0        515   led.o
       196          0          0          0          0     322023   main.o
       120         14          0          0          0       1531   misc.o
       648         40          0          0       1024       4327   oled.o
       332         16          0         16        692      11834   sdio_sdcard.o
        56          8          0          4          0        534   spi.o
        36          8        392          0       8192        868   startup_stm32f40_41xxx.o
       196         40          0          0          0       4405   stm32f4xx_dma.o
        32         10          0          0          0       1146   stm32f4xx_exti.o
       160          0          0          0          0       2843   stm32f4xx_gpio.o
        12          0          0          0          0       2793   stm32f4xx_it.o
       220         34          0         16          0       4735   stm32f4xx_rcc.o
        72         14          0          0          0       3517   stm32f4xx_sdio.o
       158          0          0          0          0       4926   stm32f4xx_spi.o
       200         28          0          0          0       5234   stm32f4xx_tim.o
       336          8          0          0          0       6135   stm32f4xx_usart.o
       272         36          0          0          0       1553   system_stm32f4xx.o
        56         16          0          0         21       2188   systemstate.o
        52          8          0          2          0        931   test.o
       476         30          0          1          0       3131   timer.o
       328         30          0          4       1500       2512   usart.o

    ----------------------------------------------------------------------
      4638        424        424         56      11432     393658   Object Totals
         0          0         32          0          0          0   (incl. Generated)
         8          0          0          3          3          0   (incl. Padding)

    ----------------------------------------------------------------------

      Code (inc. data)   RO Data    RW Data    ZI Data      Debug   Library Member Name

         0          0          0          0          0          0   entry.o
         0          0          0          0          0          0   entry10a.o
         0          0          0          0          0          0   entry11a.o
         8          4          0          0          0          0   entry2.o
         4          0          0          0          0          0   entry5.o
         0          0          0          0          0          0   entry7b.o
         0          0          0          0          0          0   entry8b.o
         8          4          0          0          0          0   entry9a.o
        30          0          0          0          0          0   handlers.o
        36          8          0          0          0         68   init.o
        36          0          0          0          0        108   memseta.o

    ----------------------------------------------------------------------
       122         16          0          0          0        176   Library Totals
         0          0          0          0          0          0   (incl. Padding)

    ----------------------------------------------------------------------

      Code (inc. data)   RO Data    RW Data    ZI Data      Debug   Library Name

       122         16          0          0          0        176   mc_w.l

    ----------------------------------------------------------------------
       122         16          0          0          0        176   Library Totals

    ----------------------------------------------------------------------

==============================================================================


      Code (inc. data)   RO Data    RW Data    ZI Data      Debug   

      4760        440        424         56      11432     386438   Grand Totals
      4760        440        424         56      11432     386438   ELF Image Totals
      4760        440        424         56          0          0   ROM Totals

==============================================================================

    Total RO  Size (Code + RO Data)                 5184 (   5.06kB)
    Total RW  Size (RW Data + ZI Data)             11488 (  11.22kB)
    Total ROM Size (Code + RO Data + RW Data)       5240 (   5.12kB)

==============================================================================

