<html>
<body>
<pre>
<h1>礦ision Build Log</h1>
<h2>Tool Versions:</h2>
IDE-Version: μVision V5.17.0.0
Copyright (C) 2015 ARM Ltd and ARM Germany GmbH. All rights reserved.
License Information: 1 1, 23, LIC=47GU5-GCYQW-PCUJ8-3Y99M-X1RVA-4HPD2
 
Tool Versions:
Toolchain:       MDK-ARM Standard  Version: 5.17
Toolchain Path:  D:\SoftWare\MDK\ARM\ARMCC\Bin
C Compiler:      Armcc.exe V5.06 update 1 (build 61)
Assembler:       Armasm.exe V5.06 update 1 (build 61)
Linker/Locator:  ArmLink.exe V5.06 update 1 (build 61)
Library Manager: ArmAr.exe V5.06 update 1 (build 61)
Hex Converter:   FromElf.exe V5.06 update 1 (build 61)
CPU DLL:         SARMCM3.DLL V5.17
Dialog DLL:      DCM.DLL V1.13.4.0
Target DLL:      STLink\ST-LINKIII-KEIL_SWO.dll V2.0.18.0
Dialog DLL:      TCM.DLL V1.14.6.0
 
<h2>Project:</h2>
E:\文档\资料\123\STM32_F4\project\empty.uvprojx
Project File Date:  05/26/2021

<h2>Output:</h2>
*** Using Compiler 'V5.06 update 1 (build 61)', folder: 'D:\SoftWare\MDK\ARM\ARMCC\Bin'
Rebuild target 'Empty_Project'
assembling startup_stm32f40_41xxx.s...
compiling misc.c...
compiling stm32f4xx_it.c...
compiling stm32f4xx_adc.c...
compiling stm32f4xx_cec.c...
compiling system_stm32f4xx.c...
compiling stm32f4xx_can.c...
compiling main.c...
compiling stm32f4xx_cryp_tdes.c...
compiling stm32f4xx_crc.c...
compiling stm32f4xx_cryp_des.c...
compiling stm32f4xx_dbgmcu.c...
compiling stm32f4xx_cryp.c...
compiling stm32f4xx_dac.c...
compiling stm32f4xx_cryp_aes.c...
compiling stm32f4xx_dsi.c...
compiling stm32f4xx_exti.c...
compiling stm32f4xx_dfsdm.c...
compiling stm32f4xx_dma2d.c...
compiling stm32f4xx_dcmi.c...
compiling stm32f4xx_dma.c...
compiling stm32f4xx_flash.c...
compiling stm32f4xx_hash_sha1.c...
compiling stm32f4xx_flash_ramfunc.c...
compiling stm32f4xx_hash_md5.c...
compiling stm32f4xx_gpio.c...
compiling stm32f4xx_fmpi2c.c...
compiling stm32f4xx_hash.c...
compiling stm32f4xx_fsmc.c...
compiling stm32f4xx_qspi.c...
compiling stm32f4xx_lptim.c...
compiling stm32f4xx_iwdg.c...
compiling stm32f4xx_i2c.c...
compiling stm32f4xx_rcc.c...
compiling stm32f4xx_pwr.c...
compiling stm32f4xx_ltdc.c...
compiling stm32f4xx_spdifrx.c...
compiling stm32f4xx_syscfg.c...
compiling stm32f4xx_rng.c...
compiling stm32f4xx_sai.c...
compiling stm32f4xx_sdio.c...
compiling stm32f4xx_spi.c...
compiling stm32f4xx_rtc.c...
compiling stm32f4xx_wwdg.c...
compiling stm32f4xx_usart.c...
compiling stm32f4xx_tim.c...
compiling pwm.c...
compiling spi.c...
compiling adc.c...
compiling dac.c...
compiling usart.c...
compiling led.c...
compiling RNG.c...
compiling delay.c...
compiling RTC.c...
compiling ds18b20.c...
compiling oled.c...
compiling GUI.c...
compiling CODE_RUN_TIME.c...
compiling DMA.c...
compiling AT24C08.c...
compiling DHT11.c...
compiling exti.c...
compiling i2c.c...
compiling sdio_sdcard.c...
compiling Timer.c...
compiling SystemState.c...
compiling lcd1602.c...
compiling TEST.c...
compiling HC_SR04.c...
compiling FileOperate.c...
compiling MPU6050.c...
compiling croutine.c...
compiling list.c...
compiling event_groups.c...
compiling stream_buffer.c...
compiling timers.c...
compiling heap_4.c...
compiling queue.c...
compiling tasks.c...
compiling ffsystem.c...
compiling port.c...
compiling inv_mpu_dmp_motion_driver.c...
compiling ffunicode.c...
compiling ff.c...
compiling diskio.c...
compiling inv_mpu.c...
linking...
Program Size: Code=10848 RO-data=424 RW-data=1732 ZI-data=42660  
FromELF: creating hex file...
After Build - User command #1: fromelf.exe --bin -o  ./Objects/1.bin  ./Objects/1.axf
".\Objects\1.axf" - 0 Error(s), 0 Warning(s).

<h2>Collection of Component include folders:</h2>
  E:\文档\资料\123\STM32_F4\project\RTE
  D:\SoftWare\MDK\ARM\PACK\Keil\STM32F4xx_DFP\2.15.0\Drivers\CMSIS\Device\ST\STM32F4xx\Include

<h2>Collection of Component Files used:</h2>
Build Time Elapsed:  00:00:30
</pre>
</body>
</html>
