<html>
<body>
<pre>
<h1>礦ision Build Log</h1>
<h2>Tool Versions:</h2>
IDE-Version: μVision V5.17.0.0
Copyright (C) 2015 ARM Ltd and ARM Germany GmbH. All rights reserved.
License Information: 1 1, 23, LIC=47GU5-GCYQW-PCUJ8-3Y99M-X1RVA-4HPD2
 
Tool Versions:
Toolchain:       MDK-ARM Standard  Version: 5.17
Toolchain Path:  D:\SoftWare\MDK\ARM\ARMCC\Bin
C Compiler:      Armcc.exe V5.06 update 1 (build 61)
Assembler:       Armasm.exe V5.06 update 1 (build 61)
Linker/Locator:  ArmLink.exe V5.06 update 1 (build 61)
Library Manager: ArmAr.exe V5.06 update 1 (build 61)
Hex Converter:   FromElf.exe V5.06 update 1 (build 61)
CPU DLL:         SARMCM3.DLL V5.17
Dialog DLL:      DCM.DLL V1.13.4.0
Target DLL:      STLink\ST-LINKIII-KEIL_SWO.dll V2.0.18.0
Dialog DLL:      TCM.DLL V1.14.6.0
 
<h2>Project:</h2>
E:\文档\资料\123\STM32_F4_IAP\project\empty.uvprojx
Project File Date:  06/03/2021

<h2>Output:</h2>
*** Using Compiler 'V5.06 update 1 (build 61)', folder: 'D:\SoftWare\MDK\ARM\ARMCC\Bin'
Rebuild target 'Empty_Project'
assembling startup_stm32f40_41xxx.s...
compiling stm32f4xx_cec.c...
..\CMSIS\core_cm4.h(123): warning:  #47-D: incompatible redefinition of macro "__FPU_USED"
      #define __FPU_USED         0
..\lib\src\stm32f4xx_cec.c: 1 warning, 0 errors
compiling misc.c...
..\CMSIS\core_cm4.h(123): warning:  #47-D: incompatible redefinition of macro "__FPU_USED"
      #define __FPU_USED         0
..\lib\src\misc.c: 1 warning, 0 errors
compiling stm32f4xx_it.c...
..\CMSIS\core_cm4.h(123): warning:  #47-D: incompatible redefinition of macro "__FPU_USED"
      #define __FPU_USED         0
..\user\stm32f4xx_it.c: 1 warning, 0 errors
compiling system_stm32f4xx.c...
..\CMSIS\core_cm4.h(123): warning:  #47-D: incompatible redefinition of macro "__FPU_USED"
      #define __FPU_USED         0
..\user\system_stm32f4xx.c: 1 warning, 0 errors
compiling stm32f4xx_adc.c...
..\CMSIS\core_cm4.h(123): warning:  #47-D: incompatible redefinition of macro "__FPU_USED"
      #define __FPU_USED         0
..\lib\src\stm32f4xx_adc.c: 1 warning, 0 errors
compiling main.c...
..\CMSIS\core_cm4.h(123): warning:  #47-D: incompatible redefinition of macro "__FPU_USED"
      #define __FPU_USED         0
..\user\main.c: 1 warning, 0 errors
compiling stm32f4xx_can.c...
..\CMSIS\core_cm4.h(123): warning:  #47-D: incompatible redefinition of macro "__FPU_USED"
      #define __FPU_USED         0
..\lib\src\stm32f4xx_can.c: 1 warning, 0 errors
compiling stm32f4xx_dbgmcu.c...
..\CMSIS\core_cm4.h(123): warning:  #47-D: incompatible redefinition of macro "__FPU_USED"
      #define __FPU_USED         0
..\lib\src\stm32f4xx_dbgmcu.c: 1 warning, 0 errors
compiling stm32f4xx_cryp_des.c...
..\CMSIS\core_cm4.h(123): warning:  #47-D: incompatible redefinition of macro "__FPU_USED"
      #define __FPU_USED         0
..\lib\src\stm32f4xx_cryp_des.c: 1 warning, 0 errors
compiling stm32f4xx_cryp.c...
..\CMSIS\core_cm4.h(123): warning:  #47-D: incompatible redefinition of macro "__FPU_USED"
      #define __FPU_USED         0
..\lib\src\stm32f4xx_cryp.c: 1 warning, 0 errors
compiling stm32f4xx_dac.c...
..\CMSIS\core_cm4.h(123): warning:  #47-D: incompatible redefinition of macro "__FPU_USED"
      #define __FPU_USED         0
..\lib\src\stm32f4xx_dac.c: 1 warning, 0 errors
compiling stm32f4xx_crc.c...
..\CMSIS\core_cm4.h(123): warning:  #47-D: incompatible redefinition of macro "__FPU_USED"
      #define __FPU_USED         0
..\lib\src\stm32f4xx_crc.c: 1 warning, 0 errors
compiling stm32f4xx_cryp_tdes.c...
..\CMSIS\core_cm4.h(123): warning:  #47-D: incompatible redefinition of macro "__FPU_USED"
      #define __FPU_USED         0
..\lib\src\stm32f4xx_cryp_tdes.c: 1 warning, 0 errors
compiling stm32f4xx_cryp_aes.c...
..\CMSIS\core_cm4.h(123): warning:  #47-D: incompatible redefinition of macro "__FPU_USED"
      #define __FPU_USED         0
..\lib\src\stm32f4xx_cryp_aes.c: 1 warning, 0 errors
compiling stm32f4xx_dfsdm.c...
..\CMSIS\core_cm4.h(123): warning:  #47-D: incompatible redefinition of macro "__FPU_USED"
      #define __FPU_USED         0
..\lib\src\stm32f4xx_dfsdm.c: 1 warning, 0 errors
compiling stm32f4xx_dcmi.c...
..\CMSIS\core_cm4.h(123): warning:  #47-D: incompatible redefinition of macro "__FPU_USED"
      #define __FPU_USED         0
..\lib\src\stm32f4xx_dcmi.c: 1 warning, 0 errors
compiling stm32f4xx_dsi.c...
..\CMSIS\core_cm4.h(123): warning:  #47-D: incompatible redefinition of macro "__FPU_USED"
      #define __FPU_USED         0
..\lib\src\stm32f4xx_dsi.c: 1 warning, 0 errors
compiling stm32f4xx_dma.c...
..\CMSIS\core_cm4.h(123): warning:  #47-D: incompatible redefinition of macro "__FPU_USED"
      #define __FPU_USED         0
..\lib\src\stm32f4xx_dma.c: 1 warning, 0 errors
compiling stm32f4xx_exti.c...
..\CMSIS\core_cm4.h(123): warning:  #47-D: incompatible redefinition of macro "__FPU_USED"
      #define __FPU_USED         0
..\lib\src\stm32f4xx_exti.c: 1 warning, 0 errors
compiling stm32f4xx_flash.c...
..\CMSIS\core_cm4.h(123): warning:  #47-D: incompatible redefinition of macro "__FPU_USED"
      #define __FPU_USED         0
..\lib\src\stm32f4xx_flash.c: 1 warning, 0 errors
compiling stm32f4xx_dma2d.c...
..\CMSIS\core_cm4.h(123): warning:  #47-D: incompatible redefinition of macro "__FPU_USED"
      #define __FPU_USED         0
..\lib\src\stm32f4xx_dma2d.c: 1 warning, 0 errors
compiling stm32f4xx_fmpi2c.c...
..\CMSIS\core_cm4.h(123): warning:  #47-D: incompatible redefinition of macro "__FPU_USED"
      #define __FPU_USED         0
..\lib\src\stm32f4xx_fmpi2c.c: 1 warning, 0 errors
compiling stm32f4xx_flash_ramfunc.c...
..\CMSIS\core_cm4.h(123): warning:  #47-D: incompatible redefinition of macro "__FPU_USED"
      #define __FPU_USED         0
..\lib\src\stm32f4xx_flash_ramfunc.c: 1 warning, 0 errors
compiling stm32f4xx_gpio.c...
..\CMSIS\core_cm4.h(123): warning:  #47-D: incompatible redefinition of macro "__FPU_USED"
      #define __FPU_USED         0
..\lib\src\stm32f4xx_gpio.c: 1 warning, 0 errors
compiling stm32f4xx_hash_sha1.c...
..\CMSIS\core_cm4.h(123): warning:  #47-D: incompatible redefinition of macro "__FPU_USED"
      #define __FPU_USED         0
..\lib\src\stm32f4xx_hash_sha1.c: 1 warning, 0 errors
compiling stm32f4xx_hash.c...
..\CMSIS\core_cm4.h(123): warning:  #47-D: incompatible redefinition of macro "__FPU_USED"
      #define __FPU_USED         0
..\lib\src\stm32f4xx_hash.c: 1 warning, 0 errors
compiling stm32f4xx_hash_md5.c...
..\CMSIS\core_cm4.h(123): warning:  #47-D: incompatible redefinition of macro "__FPU_USED"
      #define __FPU_USED         0
..\lib\src\stm32f4xx_hash_md5.c: 1 warning, 0 errors
compiling stm32f4xx_fsmc.c...
..\CMSIS\core_cm4.h(123): warning:  #47-D: incompatible redefinition of macro "__FPU_USED"
      #define __FPU_USED         0
..\lib\src\stm32f4xx_fsmc.c: 1 warning, 0 errors
compiling stm32f4xx_iwdg.c...
..\CMSIS\core_cm4.h(123): warning:  #47-D: incompatible redefinition of macro "__FPU_USED"
      #define __FPU_USED         0
..\lib\src\stm32f4xx_iwdg.c: 1 warning, 0 errors
compiling stm32f4xx_i2c.c...
..\CMSIS\core_cm4.h(123): warning:  #47-D: incompatible redefinition of macro "__FPU_USED"
      #define __FPU_USED         0
..\lib\src\stm32f4xx_i2c.c: 1 warning, 0 errors
compiling stm32f4xx_lptim.c...
..\CMSIS\core_cm4.h(123): warning:  #47-D: incompatible redefinition of macro "__FPU_USED"
      #define __FPU_USED         0
..\lib\src\stm32f4xx_lptim.c: 1 warning, 0 errors
compiling stm32f4xx_qspi.c...
..\CMSIS\core_cm4.h(123): warning:  #47-D: incompatible redefinition of macro "__FPU_USED"
      #define __FPU_USED         0
..\lib\src\stm32f4xx_qspi.c: 1 warning, 0 errors
compiling stm32f4xx_ltdc.c...
..\CMSIS\core_cm4.h(123): warning:  #47-D: incompatible redefinition of macro "__FPU_USED"
      #define __FPU_USED         0
..\lib\src\stm32f4xx_ltdc.c: 1 warning, 0 errors
compiling stm32f4xx_pwr.c...
..\CMSIS\core_cm4.h(123): warning:  #47-D: incompatible redefinition of macro "__FPU_USED"
      #define __FPU_USED         0
..\lib\src\stm32f4xx_pwr.c: 1 warning, 0 errors
compiling stm32f4xx_rcc.c...
..\CMSIS\core_cm4.h(123): warning:  #47-D: incompatible redefinition of macro "__FPU_USED"
      #define __FPU_USED         0
..\lib\src\stm32f4xx_rcc.c: 1 warning, 0 errors
compiling stm32f4xx_rng.c...
..\CMSIS\core_cm4.h(123): warning:  #47-D: incompatible redefinition of macro "__FPU_USED"
      #define __FPU_USED         0
..\lib\src\stm32f4xx_rng.c: 1 warning, 0 errors
compiling stm32f4xx_spdifrx.c...
..\CMSIS\core_cm4.h(123): warning:  #47-D: incompatible redefinition of macro "__FPU_USED"
      #define __FPU_USED         0
..\lib\src\stm32f4xx_spdifrx.c: 1 warning, 0 errors
compiling stm32f4xx_sdio.c...
..\CMSIS\core_cm4.h(123): warning:  #47-D: incompatible redefinition of macro "__FPU_USED"
      #define __FPU_USED         0
..\lib\src\stm32f4xx_sdio.c: 1 warning, 0 errors
compiling stm32f4xx_sai.c...
..\CMSIS\core_cm4.h(123): warning:  #47-D: incompatible redefinition of macro "__FPU_USED"
      #define __FPU_USED         0
..\lib\src\stm32f4xx_sai.c: 1 warning, 0 errors
compiling stm32f4xx_syscfg.c...
..\CMSIS\core_cm4.h(123): warning:  #47-D: incompatible redefinition of macro "__FPU_USED"
      #define __FPU_USED         0
..\lib\src\stm32f4xx_syscfg.c: 1 warning, 0 errors
compiling stm32f4xx_spi.c...
..\CMSIS\core_cm4.h(123): warning:  #47-D: incompatible redefinition of macro "__FPU_USED"
      #define __FPU_USED         0
..\lib\src\stm32f4xx_spi.c: 1 warning, 0 errors
compiling stm32f4xx_rtc.c...
..\CMSIS\core_cm4.h(123): warning:  #47-D: incompatible redefinition of macro "__FPU_USED"
      #define __FPU_USED         0
..\lib\src\stm32f4xx_rtc.c: 1 warning, 0 errors
compiling stm32f4xx_tim.c...
..\CMSIS\core_cm4.h(123): warning:  #47-D: incompatible redefinition of macro "__FPU_USED"
      #define __FPU_USED         0
..\lib\src\stm32f4xx_tim.c: 1 warning, 0 errors
compiling stm32f4xx_usart.c...
..\CMSIS\core_cm4.h(123): warning:  #47-D: incompatible redefinition of macro "__FPU_USED"
      #define __FPU_USED         0
..\lib\src\stm32f4xx_usart.c: 1 warning, 0 errors
compiling stm32f4xx_wwdg.c...
..\CMSIS\core_cm4.h(123): warning:  #47-D: incompatible redefinition of macro "__FPU_USED"
      #define __FPU_USED         0
..\lib\src\stm32f4xx_wwdg.c: 1 warning, 0 errors
compiling delay.c...
..\CMSIS\core_cm4.h(123): warning:  #47-D: incompatible redefinition of macro "__FPU_USED"
      #define __FPU_USED         0
..\drive\delay.c: 1 warning, 0 errors
compiling usart.c...
..\CMSIS\core_cm4.h(123): warning:  #47-D: incompatible redefinition of macro "__FPU_USED"
      #define __FPU_USED         0
..\drive\usart.c: 1 warning, 0 errors
compiling spi.c...
..\CMSIS\core_cm4.h(123): warning:  #47-D: incompatible redefinition of macro "__FPU_USED"
      #define __FPU_USED         0
..\drive\spi.c: 1 warning, 0 errors
compiling oled.c...
..\CMSIS\core_cm4.h(123): warning:  #47-D: incompatible redefinition of macro "__FPU_USED"
      #define __FPU_USED         0
..\drive\oled.c: 1 warning, 0 errors
compiling GUI.c...
compiling RTC.c...
..\CMSIS\core_cm4.h(123): warning:  #47-D: incompatible redefinition of macro "__FPU_USED"
      #define __FPU_USED         0
..\drive\RTC.c: 1 warning, 0 errors
compiling exti.c...
..\CMSIS\core_cm4.h(123): warning:  #47-D: incompatible redefinition of macro "__FPU_USED"
      #define __FPU_USED         0
..\drive\exti.c: 1 warning, 0 errors
compiling RNG.c...
..\CMSIS\core_cm4.h(123): warning:  #47-D: incompatible redefinition of macro "__FPU_USED"
      #define __FPU_USED         0
..\drive\RNG.c: 1 warning, 0 errors
compiling led.c...
..\CMSIS\core_cm4.h(123): warning:  #47-D: incompatible redefinition of macro "__FPU_USED"
      #define __FPU_USED         0
..\drive\led.c: 1 warning, 0 errors
compiling i2c.c...
..\CMSIS\core_cm4.h(123): warning:  #47-D: incompatible redefinition of macro "__FPU_USED"
      #define __FPU_USED         0
..\drive\i2c.c: 1 warning, 0 errors
compiling AT24C08.c...
..\CMSIS\core_cm4.h(123): warning:  #47-D: incompatible redefinition of macro "__FPU_USED"
      #define __FPU_USED         0
..\drive\AT24C08.c: 1 warning, 0 errors
compiling CODE_RUN_TIME.c...
..\CMSIS\core_cm4.h(123): warning:  #47-D: incompatible redefinition of macro "__FPU_USED"
      #define __FPU_USED         0
..\drive\CODE_RUN_TIME.c: 1 warning, 0 errors
compiling DMA.c...
..\CMSIS\core_cm4.h(123): warning:  #47-D: incompatible redefinition of macro "__FPU_USED"
      #define __FPU_USED         0
..\drive\DMA.c: 1 warning, 0 errors
compiling SystemState.c...
..\CMSIS\core_cm4.h(123): warning:  #47-D: incompatible redefinition of macro "__FPU_USED"
      #define __FPU_USED         0
..\drive\SystemState.c: 1 warning, 0 errors
compiling lcd1602.c...
..\CMSIS\core_cm4.h(123): warning:  #47-D: incompatible redefinition of macro "__FPU_USED"
      #define __FPU_USED         0
..\drive\lcd1602.c: 1 warning, 0 errors
compiling FileOperate.c...
..\CMSIS\core_cm4.h(123): warning:  #47-D: incompatible redefinition of macro "__FPU_USED"
      #define __FPU_USED         0
..\drive\FileOperate.c: 1 warning, 0 errors
compiling Timer.c...
..\CMSIS\core_cm4.h(123): warning:  #47-D: incompatible redefinition of macro "__FPU_USED"
      #define __FPU_USED         0
..\drive\Timer.c: 1 warning, 0 errors
compiling TEST.c...
..\CMSIS\core_cm4.h(123): warning:  #47-D: incompatible redefinition of macro "__FPU_USED"
      #define __FPU_USED         0
..\drive\TEST.c: 1 warning, 0 errors
compiling ffsystem.c...
compiling sdio_sdcard.c...
..\CMSIS\core_cm4.h(123): warning:  #47-D: incompatible redefinition of macro "__FPU_USED"
      #define __FPU_USED         0
..\drive\sdio_sdcard.c: 1 warning, 0 errors
compiling ffunicode.c...
compiling ff.c...
compiling diskio.c...
..\CMSIS\core_cm4.h(123): warning:  #47-D: incompatible redefinition of macro "__FPU_USED"
      #define __FPU_USED         0
..\SD\diskio.c: 1 warning, 0 errors
linking...
Program Size: Code=4748 RO-data=424 RW-data=56 ZI-data=11432  
FromELF: creating hex file...
After Build - User command #1: fromelf.exe --bin -o  ./Objects/1.bin  ./Objects/1.axf
".\Objects\1.axf" - 0 Error(s), 64 Warning(s).

<h2>Collection of Component include folders:</h2>
  E:\文档\资料\123\STM32_F4_IAP\project\RTE
  D:\SoftWare\MDK\ARM\PACK\Keil\STM32F4xx_DFP\2.15.0\Drivers\CMSIS\Device\ST\STM32F4xx\Include

<h2>Collection of Component Files used:</h2>
Build Time Elapsed:  00:00:29
</pre>
</body>
</html>
